10.237.1.238 - - [04/Feb/2022:11:08:16 +0000] "GET /wp-content/plugins/wpdiscuz/assets/css/wpdiscuz-options.css?ver=7.0.4 HTTP/1.1" 200 8896 "https://intranet.mannsmith.harrison.com/wp-admin/edit-comments.php" "Mozilla/5.0 (X11; Ubuntu; Linux x86_64; rv:86.0) Gecko/20100101 Firefox/86.0"
10.237.1.238 - - [04/Feb/2022:11:08:16 +0000] "GET /wp-content/plugins/wpdiscuz/assets/third-party/colorpicker/js/colors.js?ver=7.0.4 HTTP/1.1" 200 4870 "https://intranet.mannsmith.harrison.com/wp-admin/edit-comments.php" "Mozilla/5.0 (X11; Ubuntu; Linux x86_64; rv:86.0) Gecko/20100101 Firefox/86.0"
10.237.1.238 - - [04/Feb/2022:11:08:16 +0000] "GET /wp-content/plugins/wpdiscuz/assets/third-party/font-awesome-5.13.0/webfonts/fa-solid-900.woff2 HTTP/1.1" 200 79823 "https://intranet.mannsmith.harrison.com/wp-content/plugins/wpdiscuz/assets/third-party/font-awesome-5.13.0/css/fontawesome-all.min.css?ver=7.0.4" "Mozilla/5.0 (X11; Ubuntu; Linux x86_64; rv:86.0) Gecko/20100101 Firefox/86.0"
10.237.1.238 - - [04/Feb/2022:11:08:17 +0000] "GET /wp-admin/admin-ajax.php?action=wp-compression-test&test=1&_ajax_nonce=4f40d08e8e&1643972897084 HTTP/1.1" 200 438 "https://intranet.mannsmith.harrison.com/wp-admin/edit-comments.php" "Mozilla/5.0 (X11; Ubuntu; Linux x86_64; rv:86.0) Gecko/20100101 Firefox/86.0"
10.237.1.238 - - [04/Feb/2022:11:08:17 +0000] "GET /wp-admin/admin-ajax.php?action=wp-compression-test&test=2&_ajax_nonce=4f40d08e8e&1643972897193 HTTP/1.1" 200 438 "https://intranet.mannsmith.harrison.com/wp-admin/edit-comments.php" "Mozilla/5.0 (X11; Ubuntu; Linux x86_64; rv:86.0) Gecko/20100101 Firefox/86.0"
10.237.1.238 - - [04/Feb/2022:11:08:17 +0000] "GET /wp-admin/admin-ajax.php?action=wp-compression-test&test=no&_ajax_nonce=4f40d08e8e&1643972897257 HTTP/1.1" 200 438 "https://intranet.mannsmith.harrison.com/wp-admin/edit-comments.php" "Mozilla/5.0 (X11; Ubuntu; Linux x86_64; rv:86.0) Gecko/20100101 Firefox/86.0"
::1 - - [04/Feb/2022:11:08:22 +0000] "OPTIONS * HTTP/1.0" 200 110 "-" "Apache/2.4.29 (Ubuntu) OpenSSL/1.1.1 (internal dummy connection)"
10.237.1.238 - - [04/Feb/2022:11:09:17 +0000] "POST /wp-admin/admin-ajax.php HTTP/1.1" 200 1177 "https://intranet.mannsmith.harrison.com/wp-admin/edit-comments.php" "Mozilla/5.0 (X11; Ubuntu; Linux x86_64; rv:86.0) Gecko/20100101 Firefox/86.0"
192.168.129.2 - - [04/Feb/2022:11:10:12 +0000] "GET /wp-content/plugins/wpdiscuz/assets/img/loading.gif HTTP/1.1" 200 4069 "https://intranet.mannsmith.harrison.com/wp-content/plugins/wpdiscuz/themes/default/style.css?ver=7.0.4" "Mozilla/5.0 (X11; Linux x86_64) AppleWebKit/537.36 (KHTML, like Gecko) HeadlessChrome/97.0.4692.71 Safari/537.36"
192.168.129.2 - - [04/Feb/2022:11:10:12 +0000] "POST /wp-admin/admin-ajax.php HTTP/1.1" 200 1234 "https://intranet.mannsmith.harrison.com/?p=5" "Mozilla/5.0 (X11; Linux x86_64) AppleWebKit/537.36 (KHTML, like Gecko) HeadlessChrome/97.0.4692.71 Safari/537.36"
10.237.1.238 - - [04/Feb/2022:11:10:17 +0000] "POST /wp-admin/admin-ajax.php HTTP/1.1" 200 1177 "https://intranet.mannsmith.harrison.com/wp-admin/edit-comments.php" "Mozilla/5.0 (X11; Ubuntu; Linux x86_64; rv:86.0) Gecko/20100101 Firefox/86.0"
192.168.129.2 - - [04/Feb/2022:11:10:44 +0000] "POST /wp-admin/admin-ajax.php HTTP/1.1" 200 5471 "https://intranet.mannsmith.harrison.com/?p=5" "Mozilla/5.0 (X11; Linux x86_64) AppleWebKit/537.36 (KHTML, like Gecko) HeadlessChrome/97.0.4692.71 Safari/537.36"
192.168.129.2 - - [04/Feb/2022:11:10:45 +0000] "POST /wp-admin/admin-ajax.php HTTP/1.1" 200 546 "https://intranet.mannsmith.harrison.com/?p=5" "Mozilla/5.0 (X11; Linux x86_64) AppleWebKit/537.36 (KHTML, like Gecko) HeadlessChrome/97.0.4692.71 Safari/537.36"
10.237.1.238 - - [04/Feb/2022:11:10:56 +0000] "GET /wp-admin/images/spinner.gif HTTP/1.1" 200 4545 "https://intranet.mannsmith.harrison.com/wp-admin/load-styles.php?c=0&dir=ltr&load%5Bchunk_0%5D=dashicons,admin-bar,common,forms,admin-menu,dashboard,list-tables,edit,revisions,media,themes,about,nav-menus,wp-pointer,widgets&load%5Bchunk_1%5D=,site-icon,l10n,buttons,wp-auth-check&ver=5.9" "Mozilla/5.0 (X11; Ubuntu; Linux x86_64; rv:86.0) Gecko/20100101 Firefox/86.0"
10.237.1.238 - - [04/Feb/2022:11:11:08 +0000] "POST /wp-admin/admin-ajax.php HTTP/1.1" 200 2911 "https://intranet.mannsmith.harrison.com/wp-admin/edit-comments.php" "Mozilla/5.0 (X11; Ubuntu; Linux x86_64; rv:86.0) Gecko/20100101 Firefox/86.0"
192.168.129.2 - - [04/Feb/2022:11:11:09 +0000] "POST /wp-admin/admin-ajax.php HTTP/1.1" 200 1234 "https://intranet.mannsmith.harrison.com/?p=5" "Mozilla/5.0 (X11; Linux x86_64) AppleWebKit/537.36 (KHTML, like Gecko) HeadlessChrome/97.0.4692.71 Safari/537.36"
192.168.129.2 - - [04/Feb/2022:11:11:15 +0000] "POST /wp-admin/admin-ajax.php HTTP/1.1" 200 1236 "https://intranet.mannsmith.harrison.com/?p=5" "Mozilla/5.0 (X11; Linux x86_64) AppleWebKit/537.36 (KHTML, like Gecko) HeadlessChrome/97.0.4692.71 Safari/537.36"
10.237.1.238 - - [04/Feb/2022:11:11:17 +0000] "POST /wp-admin/admin-ajax.php HTTP/1.1" 200 1177 "https://intranet.mannsmith.harrison.com/wp-admin/edit-comments.php" "Mozilla/5.0 (X11; Ubuntu; Linux x86_64; rv:86.0) Gecko/20100101 Firefox/86.0"
192.168.129.2 - - [04/Feb/2022:11:11:22 +0000] "POST /wp-admin/admin-ajax.php HTTP/1.1" 200 1234 "https://intranet.mannsmith.harrison.com/?p=5" "Mozilla/5.0 (X11; Linux x86_64) AppleWebKit/537.36 (KHTML, like Gecko) HeadlessChrome/97.0.4692.71 Safari/537.36"
10.237.1.238 - - [04/Feb/2022:11:11:36 +0000] "GET /wp-admin/upload.php HTTP/1.1" 200 21064 "-" "Mozilla/5.0 (X11; Ubuntu; Linux x86_64; rv:86.0) Gecko/20100101 Firefox/86.0"
10.237.1.238 - - [04/Feb/2022:11:11:37 +0000] "GET /wp-admin/load-styles.php?c=0&dir=ltr&load%5Bchunk_0%5D=dashicons,admin-bar,buttons,media-views,common,forms,admin-menu,dashboard,list-tables,edit,revisions,media,themes,about,nav-menu&load%5Bchunk_1%5D=s,wp-pointer,widgets,site-icon,l10n,wp-auth-check&ver=5.9 HTTP/1.1" 200 107689 "https://intranet.mannsmith.harrison.com/wp-admin/upload.php" "Mozilla/5.0 (X11; Ubuntu; Linux x86_64; rv:86.0) Gecko/20100101 Firefox/86.0"
10.237.1.238 - - [04/Feb/2022:11:11:37 +0000] "GET /wp-includes/js/mediaelement/wp-mediaelement.min.css?ver=5.9 HTTP/1.1" 200 2075 "https://intranet.mannsmith.harrison.com/wp-admin/upload.php" "Mozilla/5.0 (X11; Ubuntu; Linux x86_64; rv:86.0) Gecko/20100101 Firefox/86.0"
10.237.1.238 - - [04/Feb/2022:11:11:37 +0000] "GET /wp-includes/js/wp-backbone.min.js?ver=5.9 HTTP/1.1" 200 1532 "https://intranet.mannsmith.harrison.com/wp-admin/upload.php" "Mozilla/5.0 (X11; Ubuntu; Linux x86_64; rv:86.0) Gecko/20100101 Firefox/86.0"
10.237.1.238 - - [04/Feb/2022:11:11:37 +0000] "GET /wp-includes/js/imgareaselect/imgareaselect.css?ver=0.9.8 HTTP/1.1" 200 1182 "https://intranet.mannsmith.harrison.com/wp-admin/upload.php" "Mozilla/5.0 (X11; Ubuntu; Linux x86_64; rv:86.0) Gecko/20100101 Firefox/86.0"
10.237.1.238 - - [04/Feb/2022:11:11:37 +0000] "GET /wp-includes/js/mediaelement/mediaelementplayer-legacy.min.css?ver=4.2.16 HTTP/1.1" 200 3555 "https://intranet.mannsmith.harrison.com/wp-admin/upload.php" "Mozilla/5.0 (X11; Ubuntu; Linux x86_64; rv:86.0) Gecko/20100101 Firefox/86.0"
10.237.1.238 - - [04/Feb/2022:11:11:37 +0000] "GET /wp-includes/js/mediaelement/mediaelement-migrate.min.js?ver=5.9 HTTP/1.1" 200 899 "https://intranet.mannsmith.harrison.com/wp-admin/upload.php" "Mozilla/5.0 (X11; Ubuntu; Linux x86_64; rv:86.0) Gecko/20100101 Firefox/86.0"
10.237.1.238 - - [04/Feb/2022:11:11:37 +0000] "GET /wp-includes/js/plupload/wp-plupload.min.js?ver=5.9 HTTP/1.1" 200 2734 "https://intranet.mannsmith.harrison.com/wp-admin/upload.php" "Mozilla/5.0 (X11; Ubuntu; Linux x86_64; rv:86.0) Gecko/20100101 Firefox/86.0"
10.237.1.238 - - [04/Feb/2022:11:11:37 +0000] "GET /wp-includes/js/mediaelement/wp-mediaelement.min.js?ver=5.9 HTTP/1.1" 200 830 "https://intranet.mannsmith.harrison.com/wp-admin/upload.php" "Mozilla/5.0 (X11; Ubuntu; Linux x86_64; rv:86.0) Gecko/20100101 Firefox/86.0"
10.237.1.238 - - [04/Feb/2022:11:11:37 +0000] "GET /wp-includes/js/api-request.min.js?ver=5.9 HTTP/1.1" 200 944 "https://intranet.mannsmith.harrison.com/wp-admin/upload.php" "Mozilla/5.0 (X11; Ubuntu; Linux x86_64; rv:86.0) Gecko/20100101 Firefox/86.0"
10.237.1.238 - - [04/Feb/2022:11:11:37 +0000] "GET /wp-includes/js/media-models.min.js?ver=5.9 HTTP/1.1" 200 4837 "https://intranet.mannsmith.harrison.com/wp-admin/upload.php" "Mozilla/5.0 (X11; Ubuntu; Linux x86_64; rv:86.0) Gecko/20100101 Firefox/86.0"
10.237.1.238 - - [04/Feb/2022:11:11:37 +0000] "GET /wp-includes/js/clipboard.min.js?ver=5.9 HTTP/1.1" 200 3750 "https://intranet.mannsmith.harrison.com/wp-admin/upload.php" "Mozilla/5.0 (X11; Ubuntu; Linux x86_64; rv:86.0) Gecko/20100101 Firefox/86.0"
10.237.1.238 - - [04/Feb/2022:11:11:37 +0000] "GET /wp-includes/js/media-editor.min.js?ver=5.9 HTTP/1.1" 200 4018 "https://intranet.mannsmith.harrison.com/wp-admin/upload.php" "Mozilla/5.0 (X11; Ubuntu; Linux x86_64; rv:86.0) Gecko/20100101 Firefox/86.0"
10.237.1.238 - - [04/Feb/2022:11:11:37 +0000] "GET /wp-includes/js/media-audiovideo.min.js?ver=5.9 HTTP/1.1" 200 4085 "https://intranet.mannsmith.harrison.com/wp-admin/upload.php" "Mozilla/5.0 (X11; Ubuntu; Linux x86_64; rv:86.0) Gecko/20100101 Firefox/86.0"
10.237.1.238 - - [04/Feb/2022:11:11:37 +0000] "GET /wp-includes/js/mce-view.min.js?ver=5.9 HTTP/1.1" 200 4165 "https://intranet.mannsmith.harrison.com/wp-admin/upload.php" "Mozilla/5.0 (X11; Ubuntu; Linux x86_64; rv:86.0) Gecko/20100101 Firefox/86.0"
10.237.1.238 - - [04/Feb/2022:11:11:37 +0000] "GET /wp-includes/js/backbone.min.js?ver=1.4.0 HTTP/1.1" 200 8864 "https://intranet.mannsmith.harrison.com/wp-admin/upload.php" "Mozilla/5.0 (X11; Ubuntu; Linux x86_64; rv:86.0) Gecko/20100101 Firefox/86.0"
10.237.1.238 - - [04/Feb/2022:11:11:37 +0000] "GET /wp-includes/js/imgareaselect/jquery.imgareaselect.min.js?ver=5.9 HTTP/1.1" 200 4110 "https://intranet.mannsmith.harrison.com/wp-admin/upload.php" "Mozilla/5.0 (X11; Ubuntu; Linux x86_64; rv:86.0) Gecko/20100101 Firefox/86.0"
10.237.1.238 - - [04/Feb/2022:11:11:37 +0000] "GET /wp-admin/js/image-edit.min.js?ver=5.9 HTTP/1.1" 200 4175 "https://intranet.mannsmith.harrison.com/wp-admin/upload.php" "Mozilla/5.0 (X11; Ubuntu; Linux x86_64; rv:86.0) Gecko/20100101 Firefox/86.0"
10.237.1.238 - - [04/Feb/2022:11:11:37 +0000] "GET /wp-admin/js/media.min.js?ver=5.9 HTTP/1.1" 200 1252 "https://intranet.mannsmith.harrison.com/wp-admin/upload.php" "Mozilla/5.0 (X11; Ubuntu; Linux x86_64; rv:86.0) Gecko/20100101 Firefox/86.0"
10.237.1.238 - - [04/Feb/2022:11:11:37 +0000] "GET /wp-includes/js/media-grid.min.js?ver=5.9 HTTP/1.1" 200 4588 "https://intranet.mannsmith.harrison.com/wp-admin/upload.php" "Mozilla/5.0 (X11; Ubuntu; Linux x86_64; rv:86.0) Gecko/20100101 Firefox/86.0"
10.237.1.238 - - [04/Feb/2022:11:11:37 +0000] "GET /wp-includes/js/media-views.min.js?ver=5.9 HTTP/1.1" 200 27175 "https://intranet.mannsmith.harrison.com/wp-admin/upload.php" "Mozilla/5.0 (X11; Ubuntu; Linux x86_64; rv:86.0) Gecko/20100101 Firefox/86.0"
10.237.1.238 - - [04/Feb/2022:11:11:37 +0000] "GET /wp-includes/js/mediaelement/mediaelement-and-player.min.js?ver=4.2.16 HTTP/1.1" 200 39148 "https://intranet.mannsmith.harrison.com/wp-admin/upload.php" "Mozilla/5.0 (X11; Ubuntu; Linux x86_64; rv:86.0) Gecko/20100101 Firefox/86.0"
10.237.1.238 - - [04/Feb/2022:11:11:37 +0000] "GET /wp-admin/load-scripts.php?c=0&load%5Bchunk_0%5D=jquery-core,jquery-migrate,utils,moxiejs,plupload&ver=5.9 HTTP/1.1" 200 68278 "https://intranet.mannsmith.harrison.com/wp-admin/upload.php" "Mozilla/5.0 (X11; Ubuntu; Linux x86_64; rv:86.0) Gecko/20100101 Firefox/86.0"
10.237.1.238 - - [04/Feb/2022:11:11:37 +0000] "GET /wp-admin/admin-ajax.php?action=wp-compression-test&test=1&_ajax_nonce=4f40d08e8e&1643973097657 HTTP/1.1" 200 438 "https://intranet.mannsmith.harrison.com/wp-admin/upload.php" "Mozilla/5.0 (X11; Ubuntu; Linux x86_64; rv:86.0) Gecko/20100101 Firefox/86.0"
10.237.1.238 - - [04/Feb/2022:11:11:37 +0000] "GET /favicon.ico HTTP/1.1" 404 418 "https://intranet.mannsmith.harrison.com/wp-admin/upload.php" "Mozilla/5.0 (X11; Ubuntu; Linux x86_64; rv:86.0) Gecko/20100101 Firefox/86.0"
10.237.1.238 - - [04/Feb/2022:11:11:37 +0000] "GET /wp-admin/admin-ajax.php?action=wp-compression-test&test=2&_ajax_nonce=4f40d08e8e&1643973097764 HTTP/1.1" 200 438 "https://intranet.mannsmith.harrison.com/wp-admin/upload.php" "Mozilla/5.0 (X11; Ubuntu; Linux x86_64; rv:86.0) Gecko/20100101 Firefox/86.0"
10.237.1.238 - - [04/Feb/2022:11:11:37 +0000] "GET /wp-admin/admin-ajax.php?action=wp-compression-test&test=no&_ajax_nonce=4f40d08e8e&1643973097893 HTTP/1.1" 200 438 "https://intranet.mannsmith.harrison.com/wp-admin/upload.php" "Mozilla/5.0 (X11; Ubuntu; Linux x86_64; rv:86.0) Gecko/20100101 Firefox/86.0"
10.237.1.238 - - [04/Feb/2022:11:11:38 +0000] "GET /wp-includes/images/spinner.gif HTTP/1.1" 200 3969 "https://intranet.mannsmith.harrison.com/wp-admin/load-styles.php?c=0&dir=ltr&load%5Bchunk_0%5D=dashicons,admin-bar,buttons,media-views,common,forms,admin-menu,dashboard,list-tables,edit,revisions,media,themes,about,nav-menu&load%5Bchunk_1%5D=s,wp-pointer,widgets,site-icon,l10n,wp-auth-check&ver=5.9" "Mozilla/5.0 (X11; Ubuntu; Linux x86_64; rv:86.0) Gecko/20100101 Firefox/86.0"
10.237.1.238 - - [04/Feb/2022:11:11:38 +0000] "POST /wp-admin/admin-ajax.php HTTP/1.1" 200 615 "https://intranet.mannsmith.harrison.com/wp-admin/upload.php" "Mozilla/5.0 (X11; Ubuntu; Linux x86_64; rv:86.0) Gecko/20100101 Firefox/86.0"
192.168.129.2 - - [04/Feb/2022:11:12:04 +0000] "POST /wp-admin/admin-ajax.php HTTP/1.1" 200 5714 "https://intranet.mannsmith.harrison.com/?p=5" "Mozilla/5.0 (X11; Linux x86_64) AppleWebKit/537.36 (KHTML, like Gecko) HeadlessChrome/97.0.4692.71 Safari/537.36"
192.168.129.2 - - [04/Feb/2022:11:12:04 +0000] "POST /wp-admin/admin-ajax.php HTTP/1.1" 200 546 "https://intranet.mannsmith.harrison.com/?p=5" "Mozilla/5.0 (X11; Linux x86_64) AppleWebKit/537.36 (KHTML, like Gecko) HeadlessChrome/97.0.4692.71 Safari/537.36"
10.237.1.238 - - [04/Feb/2022:11:12:23 +0000] "GET /wp-admin/ HTTP/1.1" 302 370 "-" "Mozilla/5.0 (X11; Linux x86_64) AppleWebKit/537.36 (KHTML, like Gecko) HeadlessChrome/97.0.4692.71 Safari/537.36"
10.237.1.238 - - [04/Feb/2022:11:12:24 +0000] "GET /wp-admin/ HTTP/1.1" 200 19872 "-" "Mozilla/5.0 (X11; Linux x86_64) AppleWebKit/537.36 (KHTML, like Gecko) HeadlessChrome/97.0.4692.71 Safari/537.36"
10.237.1.238 - - [04/Feb/2022:11:12:24 +0000] "GET /wp-includes/js/thickbox/thickbox.css?ver=5.9 HTTP/1.1" 200 1856 "https://intranet.mannsmith.harrison.com/wp-admin/" "Mozilla/5.0 (X11; Linux x86_64) AppleWebKit/537.36 (KHTML, like Gecko) HeadlessChrome/97.0.4692.71 Safari/537.36"
10.237.1.238 - - [04/Feb/2022:11:12:24 +0000] "GET /wp-includes/css/editor.min.css?ver=5.9 HTTP/1.1" 200 6854 "https://intranet.mannsmith.harrison.com/wp-admin/" "Mozilla/5.0 (X11; Linux x86_64) AppleWebKit/537.36 (KHTML, like Gecko) HeadlessChrome/97.0.4692.71 Safari/537.36"
10.237.1.238 - - [04/Feb/2022:11:12:24 +0000] "GET /wp-admin/load-scripts.php?c=0&load%5Bchunk_0%5D=jquery-core,jquery-migrate,utils&ver=5.9 HTTP/1.1" 200 35417 "https://intranet.mannsmith.harrison.com/wp-admin/" "Mozilla/5.0 (X11; Linux x86_64) AppleWebKit/537.36 (KHTML, like Gecko) HeadlessChrome/97.0.4692.71 Safari/537.36"
10.237.1.238 - - [04/Feb/2022:11:12:24 +0000] "GET /wp-admin/load-styles.php?c=0&dir=ltr&load%5Bchunk_0%5D=dashicons,admin-bar,common,forms,admin-menu,dashboard,list-tables,edit,revisions,media,themes,about,nav-menus,wp-pointer,widgets&load%5Bchunk_1%5D=,site-icon,l10n,buttons,wp-auth-check&ver=5.9 HTTP/1.1" 200 99787 "https://intranet.mannsmith.harrison.com/wp-admin/" "Mozilla/5.0 (X11; Linux x86_64) AppleWebKit/537.36 (KHTML, like Gecko) HeadlessChrome/97.0.4692.71 Safari/537.36"
10.237.1.238 - - [04/Feb/2022:11:12:24 +0000] "GET /wp-admin/load-scripts.php?c=0&load%5Bchunk_0%5D=hoverIntent,regenerator-runtime,wp-polyfill,wp-hooks&ver=5.9 HTTP/1.1" 200 11763 "https://intranet.mannsmith.harrison.com/wp-admin/" "Mozilla/5.0 (X11; Linux x86_64) AppleWebKit/537.36 (KHTML, like Gecko) HeadlessChrome/97.0.4692.71 Safari/537.36"
10.237.1.238 - - [04/Feb/2022:11:12:24 +0000] "GET /wp-includes/js/dist/i18n.min.js?ver=30fcecb428a0e8383d3776bcdd3a7834 HTTP/1.1" 200 4369 "https://intranet.mannsmith.harrison.com/wp-admin/" "Mozilla/5.0 (X11; Linux x86_64) AppleWebKit/537.36 (KHTML, like Gecko) HeadlessChrome/97.0.4692.71 Safari/537.36"
10.237.1.238 - - [04/Feb/2022:11:12:24 +0000] "GET /wp-admin/js/common.min.js?ver=5.9 HTTP/1.1" 200 6921 "https://intranet.mannsmith.harrison.com/wp-admin/" "Mozilla/5.0 (X11; Linux x86_64) AppleWebKit/537.36 (KHTML, like Gecko) HeadlessChrome/97.0.4692.71 Safari/537.36"
10.237.1.238 - - [04/Feb/2022:11:12:24 +0000] "GET /wp-includes/js/wp-ajax-response.min.js?ver=5.9 HTTP/1.1" 200 4422 "https://intranet.mannsmith.harrison.com/wp-admin/" "Mozilla/5.0 (X11; Linux x86_64) AppleWebKit/537.36 (KHTML, like Gecko) HeadlessChrome/97.0.4692.71 Safari/537.36"
10.237.1.238 - - [04/Feb/2022:11:12:24 +0000] "GET /wp-includes/js/admin-bar.min.js?ver=5.9 HTTP/1.1" 200 1747 "https://intranet.mannsmith.harrison.com/wp-admin/" "Mozilla/5.0 (X11; Linux x86_64) AppleWebKit/537.36 (KHTML, like Gecko) HeadlessChrome/97.0.4692.71 Safari/537.36"
10.237.1.238 - - [04/Feb/2022:11:12:24 +0000] "GET /wp-includes/js/hoverintent-js.min.js?ver=2.2.1 HTTP/1.1" 200 1073 "https://intranet.mannsmith.harrison.com/wp-admin/" "Mozilla/5.0 (X11; Linux x86_64) AppleWebKit/537.36 (KHTML, like Gecko) HeadlessChrome/97.0.4692.71 Safari/537.36"
10.237.1.238 - - [04/Feb/2022:11:12:24 +0000] "GET /wp-includes/js/jquery/jquery.color.min.js?ver=2.1.2 HTTP/1.1" 200 4324 "https://intranet.mannsmith.harrison.com/wp-admin/" "Mozilla/5.0 (X11; Linux x86_64) AppleWebKit/537.36 (KHTML, like Gecko) HeadlessChrome/97.0.4692.71 Safari/537.36"
10.237.1.238 - - [04/Feb/2022:11:12:24 +0000] "GET /wp-includes/js/wp-lists.min.js?ver=5.9 HTTP/1.1" 200 2929 "https://intranet.mannsmith.harrison.com/wp-admin/" "Mozilla/5.0 (X11; Linux x86_64) AppleWebKit/537.36 (KHTML, like Gecko) HeadlessChrome/97.0.4692.71 Safari/537.36"
10.237.1.238 - - [04/Feb/2022:11:12:24 +0000] "GET /wp-includes/js/jquery/jquery.query.js?ver=2.1.7 HTTP/1.1" 200 2008 "https://intranet.mannsmith.harrison.com/wp-admin/" "Mozilla/5.0 (X11; Linux x86_64) AppleWebKit/537.36 (KHTML, like Gecko) HeadlessChrome/97.0.4692.71 Safari/537.36"
10.237.1.238 - - [04/Feb/2022:11:12:24 +0000] "GET /wp-includes/js/jquery/ui/mouse.min.js?ver=1.13.0 HTTP/1.1" 200 1433 "https://intranet.mannsmith.harrison.com/wp-admin/" "Mozilla/5.0 (X11; Linux x86_64) AppleWebKit/537.36 (KHTML, like Gecko) HeadlessChrome/97.0.4692.71 Safari/537.36"
10.237.1.238 - - [04/Feb/2022:11:12:24 +0000] "GET /wp-includes/js/quicktags.min.js?ver=5.9 HTTP/1.1" 200 3918 "https://intranet.mannsmith.harrison.com/wp-admin/" "Mozilla/5.0 (X11; Linux x86_64) AppleWebKit/537.36 (KHTML, like Gecko) HeadlessChrome/97.0.4692.71 Safari/537.36"
10.237.1.238 - - [04/Feb/2022:11:12:24 +0000] "GET /wp-includes/js/jquery/ui/sortable.min.js?ver=1.13.0 HTTP/1.1" 200 6971 "https://intranet.mannsmith.harrison.com/wp-admin/" "Mozilla/5.0 (X11; Linux x86_64) AppleWebKit/537.36 (KHTML, like Gecko) HeadlessChrome/97.0.4692.71 Safari/537.36"
10.237.1.238 - - [04/Feb/2022:11:12:24 +0000] "GET /wp-admin/js/edit-comments.min.js?ver=5.9 HTTP/1.1" 200 6064 "https://intranet.mannsmith.harrison.com/wp-admin/" "Mozilla/5.0 (X11; Linux x86_64) AppleWebKit/537.36 (KHTML, like Gecko) HeadlessChrome/97.0.4692.71 Safari/537.36"
10.237.1.238 - - [04/Feb/2022:11:12:24 +0000] "GET /wp-includes/js/jquery/ui/core.min.js?ver=1.13.0 HTTP/1.1" 200 7837 "https://intranet.mannsmith.harrison.com/wp-admin/" "Mozilla/5.0 (X11; Linux x86_64) AppleWebKit/537.36 (KHTML, like Gecko) HeadlessChrome/97.0.4692.71 Safari/537.36"
10.237.1.238 - - [04/Feb/2022:11:12:24 +0000] "GET /wp-includes/js/dist/dom-ready.min.js?ver=ecda74de0221e1c2ce5c57cbb5af09d5 HTTP/1.1" 200 959 "https://intranet.mannsmith.harrison.com/wp-admin/" "Mozilla/5.0 (X11; Linux x86_64) AppleWebKit/537.36 (KHTML, like Gecko) HeadlessChrome/97.0.4692.71 Safari/537.36"
10.237.1.238 - - [04/Feb/2022:11:12:24 +0000] "GET /wp-admin/js/postbox.min.js?ver=5.9 HTTP/1.1" 200 2626 "https://intranet.mannsmith.harrison.com/wp-admin/" "Mozilla/5.0 (X11; Linux x86_64) AppleWebKit/537.36 (KHTML, like Gecko) HeadlessChrome/97.0.4692.71 Safari/537.36"
10.237.1.238 - - [04/Feb/2022:11:12:24 +0000] "GET /wp-includes/js/dist/a11y.min.js?ver=68e470cf840f69530e9db3be229ad4b6 HTTP/1.1" 200 1542 "https://intranet.mannsmith.harrison.com/wp-admin/" "Mozilla/5.0 (X11; Linux x86_64) AppleWebKit/537.36 (KHTML, like Gecko) HeadlessChrome/97.0.4692.71 Safari/537.36"
10.237.1.238 - - [04/Feb/2022:11:12:24 +0000] "GET /wp-includes/js/underscore.min.js?ver=1.13.1 HTTP/1.1" 200 7717 "https://intranet.mannsmith.harrison.com/wp-admin/" "Mozilla/5.0 (X11; Linux x86_64) AppleWebKit/537.36 (KHTML, like Gecko) HeadlessChrome/97.0.4692.71 Safari/537.36"
10.237.1.238 - - [04/Feb/2022:11:12:24 +0000] "GET /wp-includes/js/wp-util.min.js?ver=5.9 HTTP/1.1" 200 1060 "https://intranet.mannsmith.harrison.com/wp-admin/" "Mozilla/5.0 (X11; Linux x86_64) AppleWebKit/537.36 (KHTML, like Gecko) HeadlessChrome/97.0.4692.71 Safari/537.36"
10.237.1.238 - - [04/Feb/2022:11:12:24 +0000] "GET /wp-includes/js/dist/vendor/moment.min.js?ver=2.29.1 HTTP/1.1" 200 18941 "https://intranet.mannsmith.harrison.com/wp-admin/" "Mozilla/5.0 (X11; Linux x86_64) AppleWebKit/537.36 (KHTML, like Gecko) HeadlessChrome/97.0.4692.71 Safari/537.36"
10.237.1.238 - - [04/Feb/2022:11:12:24 +0000] "GET /wp-admin/js/dashboard.min.js?ver=5.9 HTTP/1.1" 200 3463 "https://intranet.mannsmith.harrison.com/wp-admin/" "Mozilla/5.0 (X11; Linux x86_64) AppleWebKit/537.36 (KHTML, like Gecko) HeadlessChrome/97.0.4692.71 Safari/537.36"
10.237.1.238 - - [04/Feb/2022:11:12:24 +0000] "GET /wp-includes/js/thickbox/thickbox.js?ver=3.1-20121105 HTTP/1.1" 200 4402 "https://intranet.mannsmith.harrison.com/wp-admin/" "Mozilla/5.0 (X11; Linux x86_64) AppleWebKit/537.36 (KHTML, like Gecko) HeadlessChrome/97.0.4692.71 Safari/537.36"
10.237.1.238 - - [04/Feb/2022:11:12:24 +0000] "GET /wp-includes/js/dist/date.min.js?ver=a9a5af167fc60fa1bfda62582a7beb3c HTTP/1.1" 200 33306 "https://intranet.mannsmith.harrison.com/wp-admin/" "Mozilla/5.0 (X11; Linux x86_64) AppleWebKit/537.36 (KHTML, like Gecko) HeadlessChrome/97.0.4692.71 Safari/537.36"
10.237.1.238 - - [04/Feb/2022:11:12:24 +0000] "GET /wp-includes/js/shortcode.min.js?ver=5.9 HTTP/1.1" 200 1497 "https://intranet.mannsmith.harrison.com/wp-admin/" "Mozilla/5.0 (X11; Linux x86_64) AppleWebKit/537.36 (KHTML, like Gecko) HeadlessChrome/97.0.4692.71 Safari/537.36"
10.237.1.238 - - [04/Feb/2022:11:12:24 +0000] "GET /wp-admin/js/media-upload.min.js?ver=5.9 HTTP/1.1" 200 967 "https://intranet.mannsmith.harrison.com/wp-admin/" "Mozilla/5.0 (X11; Linux x86_64) AppleWebKit/537.36 (KHTML, like Gecko) HeadlessChrome/97.0.4692.71 Safari/537.36"
10.237.1.238 - - [04/Feb/2022:11:12:24 +0000] "GET /wp-admin/js/svg-painter.js?ver=5.9 HTTP/1.1" 200 2526 "https://intranet.mannsmith.harrison.com/wp-admin/" "Mozilla/5.0 (X11; Linux x86_64) AppleWebKit/537.36 (KHTML, like Gecko) HeadlessChrome/97.0.4692.71 Safari/537.36"
10.237.1.238 - - [04/Feb/2022:11:12:24 +0000] "GET /wp-includes/js/heartbeat.min.js?ver=5.9 HTTP/1.1" 200 2419 "https://intranet.mannsmith.harrison.com/wp-admin/" "Mozilla/5.0 (X11; Linux x86_64) AppleWebKit/537.36 (KHTML, like Gecko) HeadlessChrome/97.0.4692.71 Safari/537.36"
10.237.1.238 - - [04/Feb/2022:11:12:24 +0000] "GET /wp-includes/js/wp-auth-check.min.js?ver=5.9 HTTP/1.1" 200 1128 "https://intranet.mannsmith.harrison.com/wp-admin/" "Mozilla/5.0 (X11; Linux x86_64) AppleWebKit/537.36 (KHTML, like Gecko) HeadlessChrome/97.0.4692.71 Safari/537.36"
10.237.1.238 - - [04/Feb/2022:11:12:24 +0000] "GET /wp-content/plugins/wpdiscuz/assets/js/wpdiscuz-notes.js?ver=7.0.4 HTTP/1.1" 200 561 "https://intranet.mannsmith.harrison.com/wp-admin/" "Mozilla/5.0 (X11; Linux x86_64) AppleWebKit/537.36 (KHTML, like Gecko) HeadlessChrome/97.0.4692.71 Safari/537.36"
10.237.1.238 - - [04/Feb/2022:11:12:24 +0000] "GET /wp-includes/js/wplink.min.js?ver=5.9 HTTP/1.1" 200 4286 "https://intranet.mannsmith.harrison.com/wp-admin/" "Mozilla/5.0 (X11; Linux x86_64) AppleWebKit/537.36 (KHTML, like Gecko) HeadlessChrome/97.0.4692.71 Safari/537.36"
10.237.1.238 - - [04/Feb/2022:11:12:24 +0000] "GET /wp-includes/js/jquery/ui/autocomplete.min.js?ver=1.13.0 HTTP/1.1" 200 3277 "https://intranet.mannsmith.harrison.com/wp-admin/" "Mozilla/5.0 (X11; Linux x86_64) AppleWebKit/537.36 (KHTML, like Gecko) HeadlessChrome/97.0.4692.71 Safari/537.36"
10.237.1.238 - - [04/Feb/2022:11:12:24 +0000] "GET /wp-includes/js/jquery/ui/menu.min.js?ver=1.13.0 HTTP/1.1" 200 3417 "https://intranet.mannsmith.harrison.com/wp-admin/" "Mozilla/5.0 (X11; Linux x86_64) AppleWebKit/537.36 (KHTML, like Gecko) HeadlessChrome/97.0.4692.71 Safari/537.36"
10.237.1.238 - - [04/Feb/2022:11:12:24 +0000] "GET /wp-content/plugins/wpdiscuz/assets/img/dashboard/inline-feedback-closed.png HTTP/1.1" 200 11624 "https://intranet.mannsmith.harrison.com/wp-admin/" "Mozilla/5.0 (X11; Linux x86_64) AppleWebKit/537.36 (KHTML, like Gecko) HeadlessChrome/97.0.4692.71 Safari/537.36"
10.237.1.238 - - [04/Feb/2022:11:12:24 +0000] "GET /wp-content/plugins/wpdiscuz/assets/img/dashboard/inline-feedback-opened.png HTTP/1.1" 200 8206 "https://intranet.mannsmith.harrison.com/wp-admin/" "Mozilla/5.0 (X11; Linux x86_64) AppleWebKit/537.36 (KHTML, like Gecko) HeadlessChrome/97.0.4692.71 Safari/537.36"
10.237.1.238 - - [04/Feb/2022:11:12:24 +0000] "GET /wp-includes/js/wp-emoji-release.min.js?ver=5.9 HTTP/1.1" 200 5331 "https://intranet.mannsmith.harrison.com/wp-admin/" "Mozilla/5.0 (X11; Linux x86_64) AppleWebKit/537.36 (KHTML, like Gecko) HeadlessChrome/97.0.4692.71 Safari/537.36"
10.237.1.238 - - [04/Feb/2022:11:12:25 +0000] "GET /wp-admin/admin-ajax.php?action=wp-compression-test&test=1&_ajax_nonce=b7832158d7&1643973145008 HTTP/1.1" 200 438 "https://intranet.mannsmith.harrison.com/wp-admin/" "Mozilla/5.0 (X11; Linux x86_64) AppleWebKit/537.36 (KHTML, like Gecko) HeadlessChrome/97.0.4692.71 Safari/537.36"
10.237.1.238 - - [04/Feb/2022:11:12:25 +0000] "GET /wp-includes/js/thickbox/loadingAnimation.gif HTTP/1.1" 200 15553 "https://intranet.mannsmith.harrison.com/wp-admin/" "Mozilla/5.0 (X11; Linux x86_64) AppleWebKit/537.36 (KHTML, like Gecko) HeadlessChrome/97.0.4692.71 Safari/537.36"
10.237.1.238 - - [04/Feb/2022:11:12:25 +0000] "GET /wp-admin/admin-ajax.php?action=wp-compression-test&test=2&_ajax_nonce=b7832158d7&1643973145181 HTTP/1.1" 200 438 "https://intranet.mannsmith.harrison.com/wp-admin/" "Mozilla/5.0 (X11; Linux x86_64) AppleWebKit/537.36 (KHTML, like Gecko) HeadlessChrome/97.0.4692.71 Safari/537.36"
10.237.1.238 - - [04/Feb/2022:11:12:25 +0000] "GET /wp-admin/admin-ajax.php?action=wp-compression-test&test=no&_ajax_nonce=b7832158d7&1643973145233 HTTP/1.1" 200 438 "https://intranet.mannsmith.harrison.com/wp-admin/" "Mozilla/5.0 (X11; Linux x86_64) AppleWebKit/537.36 (KHTML, like Gecko) HeadlessChrome/97.0.4692.71 Safari/537.36"
::1 - - [04/Feb/2022:11:12:31 +0000] "OPTIONS * HTTP/1.0" 200 110 "-" "Apache/2.4.29 (Ubuntu) OpenSSL/1.1.1 (internal dummy connection)"
::1 - - [04/Feb/2022:11:12:32 +0000] "OPTIONS * HTTP/1.0" 200 110 "-" "Apache/2.4.29 (Ubuntu) OpenSSL/1.1.1 (internal dummy connection)"
::1 - - [04/Feb/2022:11:12:33 +0000] "OPTIONS * HTTP/1.0" 200 110 "-" "Apache/2.4.29 (Ubuntu) OpenSSL/1.1.1 (internal dummy connection)"
10.237.1.238 - - [04/Feb/2022:11:12:34 +0000] "GET / HTTP/1.1" 200 8096 "-" "Mozilla/5.0 (X11; Linux x86_64) AppleWebKit/537.36 (KHTML, like Gecko) HeadlessChrome/97.0.4692.71 Safari/537.36"
10.237.1.238 - - [04/Feb/2022:11:12:34 +0000] "GET /wp-includes/css/dist/block-library/style.min.css?ver=5.9 HTTP/1.1" 200 11229 "http://intranet.mannsmith.harrison.com/" "Mozilla/5.0 (X11; Linux x86_64) AppleWebKit/537.36 (KHTML, like Gecko) HeadlessChrome/97.0.4692.71 Safari/537.36"
10.237.1.238 - - [04/Feb/2022:11:12:34 +0000] "GET /wp-content/themes/go/dist/js/frontend.min.js?ver=1.5.3 HTTP/1.1" 200 2916 "http://intranet.mannsmith.harrison.com/" "Mozilla/5.0 (X11; Linux x86_64) AppleWebKit/537.36 (KHTML, like Gecko) HeadlessChrome/97.0.4692.71 Safari/537.36"
10.237.1.238 - - [04/Feb/2022:11:12:34 +0000] "GET /wp-content/themes/go/dist/css/design-styles/style-traditional.min.css?ver=1.5.3 HTTP/1.1" 200 1411 "http://intranet.mannsmith.harrison.com/" "Mozilla/5.0 (X11; Linux x86_64) AppleWebKit/537.36 (KHTML, like Gecko) HeadlessChrome/97.0.4692.71 Safari/537.36"
10.237.1.238 - - [04/Feb/2022:11:12:34 +0000] "GET /wp-content/themes/go/dist/css/style-shared.min.css?ver=1.5.3 HTTP/1.1" 200 23204 "http://intranet.mannsmith.harrison.com/" "Mozilla/5.0 (X11; Linux x86_64) AppleWebKit/537.36 (KHTML, like Gecko) HeadlessChrome/97.0.4692.71 Safari/537.36"
10.237.1.238 - - [04/Feb/2022:11:12:34 +0000] "GET /wp-includes/js/wp-emoji-release.min.js?ver=5.9 HTTP/1.1" 200 5265 "http://intranet.mannsmith.harrison.com/" "Mozilla/5.0 (X11; Linux x86_64) AppleWebKit/537.36 (KHTML, like Gecko) HeadlessChrome/97.0.4692.71 Safari/537.36"
10.237.1.238 - - [04/Feb/2022:11:12:38 +0000] "POST /wp-admin/admin-ajax.php HTTP/1.1" 200 1177 "https://intranet.mannsmith.harrison.com/wp-admin/upload.php" "Mozilla/5.0 (X11; Ubuntu; Linux x86_64; rv:86.0) Gecko/20100101 Firefox/86.0"
192.168.129.2 - - [04/Feb/2022:11:13:08 +0000] "POST /wp-admin/admin-ajax.php HTTP/1.1" 200 5533 "https://intranet.mannsmith.harrison.com/?p=5" "Mozilla/5.0 (X11; Linux x86_64) AppleWebKit/537.36 (KHTML, like Gecko) HeadlessChrome/97.0.4692.71 Safari/537.36"
192.168.129.2 - - [04/Feb/2022:11:13:08 +0000] "POST /wp-admin/admin-ajax.php HTTP/1.1" 200 546 "https://intranet.mannsmith.harrison.com/?p=5" "Mozilla/5.0 (X11; Linux x86_64) AppleWebKit/537.36 (KHTML, like Gecko) HeadlessChrome/97.0.4692.71 Safari/537.36"
10.237.1.238 - - [04/Feb/2022:11:13:38 +0000] "POST /wp-admin/admin-ajax.php HTTP/1.1" 200 1177 "https://intranet.mannsmith.harrison.com/wp-admin/upload.php" "Mozilla/5.0 (X11; Ubuntu; Linux x86_64; rv:86.0) Gecko/20100101 Firefox/86.0"
192.168.129.2 - - [04/Feb/2022:11:14:37 +0000] "POST /wp-admin/admin-ajax.php HTTP/1.1" 200 5695 "https://intranet.mannsmith.harrison.com/?p=5" "Mozilla/5.0 (X11; Linux x86_64) AppleWebKit/537.36 (KHTML, like Gecko) HeadlessChrome/97.0.4692.71 Safari/537.36"
192.168.129.2 - - [04/Feb/2022:11:14:37 +0000] "POST /wp-admin/admin-ajax.php HTTP/1.1" 200 546 "https://intranet.mannsmith.harrison.com/?p=5" "Mozilla/5.0 (X11; Linux x86_64) AppleWebKit/537.36 (KHTML, like Gecko) HeadlessChrome/97.0.4692.71 Safari/537.36"
10.237.1.238 - - [04/Feb/2022:11:14:38 +0000] "POST /wp-admin/admin-ajax.php HTTP/1.1" 200 1177 "https://intranet.mannsmith.harrison.com/wp-admin/upload.php" "Mozilla/5.0 (X11; Ubuntu; Linux x86_64; rv:86.0) Gecko/20100101 Firefox/86.0"
192.168.129.2 - - [04/Feb/2022:11:15:01 +0000] "GET / HTTP/1.1" 200 8096 "-" "Mozilla/5.0 (X11; Linux x86_64) AppleWebKit/537.36 (KHTML, like Gecko) HeadlessChrome/97.0.4692.71 Safari/537.36"
10.237.1.238 - - [04/Feb/2022:11:15:38 +0000] "POST /wp-admin/admin-ajax.php HTTP/1.1" 200 1177 "https://intranet.mannsmith.harrison.com/wp-admin/upload.php" "Mozilla/5.0 (X11; Ubuntu; Linux x86_64; rv:86.0) Gecko/20100101 Firefox/86.0"
10.237.1.238 - - [04/Feb/2022:11:16:50 +0000] "GET /?p=5 HTTP/1.1" 200 25488 "-" "Mozilla/5.0 (X11; Linux x86_64) AppleWebKit/537.36 (KHTML, like Gecko) HeadlessChrome/97.0.4692.71 Safari/537.36"
10.237.1.238 - - [04/Feb/2022:11:16:51 +0000] "GET /wp-includes/css/admin-bar.min.css?ver=5.9 HTTP/1.1" 200 4788 "https://intranet.mannsmith.harrison.com/?p=5" "Mozilla/5.0 (X11; Linux x86_64) AppleWebKit/537.36 (KHTML, like Gecko) HeadlessChrome/97.0.4692.71 Safari/537.36"
10.237.1.238 - - [04/Feb/2022:11:16:51 +0000] "GET /wp-content/plugins/wpdiscuz/assets/third-party/font-awesome-5.13.0/css/fa.min.css?ver=7.0.4 HTTP/1.1" 200 3464 "https://intranet.mannsmith.harrison.com/?p=5" "Mozilla/5.0 (X11; Linux x86_64) AppleWebKit/537.36 (KHTML, like Gecko) HeadlessChrome/97.0.4692.71 Safari/537.36"
10.237.1.238 - - [04/Feb/2022:11:16:51 +0000] "GET /wp-includes/css/dashicons.min.css?ver=5.9 HTTP/1.1" 200 36206 "https://intranet.mannsmith.harrison.com/?p=5" "Mozilla/5.0 (X11; Linux x86_64) AppleWebKit/537.36 (KHTML, like Gecko) HeadlessChrome/97.0.4692.71 Safari/537.36"
10.237.1.238 - - [04/Feb/2022:11:16:51 +0000] "GET /wp-includes/css/dist/block-library/style.min.css?ver=5.9 HTTP/1.1" 200 11893 "https://intranet.mannsmith.harrison.com/?p=5" "Mozilla/5.0 (X11; Linux x86_64) AppleWebKit/537.36 (KHTML, like Gecko) HeadlessChrome/97.0.4692.71 Safari/537.36"
10.237.1.238 - - [04/Feb/2022:11:16:51 +0000] "GET /wp-content/plugins/wpdiscuz/themes/default/style.css?ver=7.0.4 HTTP/1.1" 200 20302 "https://intranet.mannsmith.harrison.com/?p=5" "Mozilla/5.0 (X11; Linux x86_64) AppleWebKit/537.36 (KHTML, like Gecko) HeadlessChrome/97.0.4692.71 Safari/537.36"
10.237.1.238 - - [04/Feb/2022:11:16:51 +0000] "GET /wp-includes/js/jquery/jquery-migrate.min.js?ver=3.3.2 HTTP/1.1" 200 4570 "https://intranet.mannsmith.harrison.com/?p=5" "Mozilla/5.0 (X11; Linux x86_64) AppleWebKit/537.36 (KHTML, like Gecko) HeadlessChrome/97.0.4692.71 Safari/537.36"
10.237.1.238 - - [04/Feb/2022:11:16:51 +0000] "GET /wp-content/plugins/wpdiscuz/assets/css/wpdiscuz-combo.min.css?ver=5.9 HTTP/1.1" 200 6799 "https://intranet.mannsmith.harrison.com/?p=5" "Mozilla/5.0 (X11; Linux x86_64) AppleWebKit/537.36 (KHTML, like Gecko) HeadlessChrome/97.0.4692.71 Safari/537.36"
10.237.1.238 - - [04/Feb/2022:11:16:51 +0000] "GET /wp-content/themes/go/dist/css/design-styles/style-traditional.min.css?ver=1.5.3 HTTP/1.1" 200 4448 "https://intranet.mannsmith.harrison.com/?p=5" "Mozilla/5.0 (X11; Linux x86_64) AppleWebKit/537.36 (KHTML, like Gecko) HeadlessChrome/97.0.4692.71 Safari/537.36"
10.237.1.238 - - [04/Feb/2022:11:16:51 +0000] "GET /wp-content/themes/go/dist/css/style-shared.min.css?ver=1.5.3 HTTP/1.1" 200 23313 "https://intranet.mannsmith.harrison.com/?p=5" "Mozilla/5.0 (X11; Linux x86_64) AppleWebKit/537.36 (KHTML, like Gecko) HeadlessChrome/97.0.4692.71 Safari/537.36"
10.237.1.238 - - [04/Feb/2022:11:16:51 +0000] "GET /wp-includes/js/jquery/jquery.min.js?ver=3.6.0 HTTP/1.1" 200 31377 "https://intranet.mannsmith.harrison.com/?p=5" "Mozilla/5.0 (X11; Linux x86_64) AppleWebKit/537.36 (KHTML, like Gecko) HeadlessChrome/97.0.4692.71 Safari/537.36"
10.237.1.238 - - [04/Feb/2022:11:16:51 +0000] "GET /wp-includes/js/wp-emoji-release.min.js?ver=5.9 HTTP/1.1" 200 5331 "https://intranet.mannsmith.harrison.com/?p=5" "Mozilla/5.0 (X11; Linux x86_64) AppleWebKit/537.36 (KHTML, like Gecko) HeadlessChrome/97.0.4692.71 Safari/537.36"
10.237.1.238 - - [04/Feb/2022:11:16:51 +0000] "GET /wp-includes/js/admin-bar.min.js?ver=5.9 HTTP/1.1" 200 1747 "https://intranet.mannsmith.harrison.com/?p=5" "Mozilla/5.0 (X11; Linux x86_64) AppleWebKit/537.36 (KHTML, like Gecko) HeadlessChrome/97.0.4692.71 Safari/537.36"
10.237.1.238 - - [04/Feb/2022:11:16:51 +0000] "GET /wp-includes/js/hoverintent-js.min.js?ver=2.2.1 HTTP/1.1" 200 1073 "https://intranet.mannsmith.harrison.com/?p=5" "Mozilla/5.0 (X11; Linux x86_64) AppleWebKit/537.36 (KHTML, like Gecko) HeadlessChrome/97.0.4692.71 Safari/537.36"
10.237.1.238 - - [04/Feb/2022:11:16:51 +0000] "GET /wp-content/plugins/wpdiscuz/themes/default/css/fonts/sqr721c-webfont.woff2 HTTP/1.1" 200 18908 "https://intranet.mannsmith.harrison.com/wp-content/plugins/wpdiscuz/themes/default/style.css?ver=7.0.4" "Mozilla/5.0 (X11; Linux x86_64) AppleWebKit/537.36 (KHTML, like Gecko) HeadlessChrome/97.0.4692.71 Safari/537.36"
10.237.1.238 - - [04/Feb/2022:11:16:51 +0000] "GET /wp-content/plugins/wpdiscuz/assets/third-party/font-awesome-5.13.0/webfonts/fa-regular-400.woff2 HTTP/1.1" 200 13874 "https://intranet.mannsmith.harrison.com/wp-content/plugins/wpdiscuz/assets/third-party/font-awesome-5.13.0/css/fa.min.css?ver=7.0.4" "Mozilla/5.0 (X11; Linux x86_64) AppleWebKit/537.36 (KHTML, like Gecko) HeadlessChrome/97.0.4692.71 Safari/537.36"
10.237.1.238 - - [04/Feb/2022:11:16:51 +0000] "GET /wp-content/plugins/wpdiscuz/assets/third-party/font-awesome-5.13.0/webfonts/fa-solid-900.woff2 HTTP/1.1" 200 79823 "https://intranet.mannsmith.harrison.com/wp-content/plugins/wpdiscuz/assets/third-party/font-awesome-5.13.0/css/fa.min.css?ver=7.0.4" "Mozilla/5.0 (X11; Linux x86_64) AppleWebKit/537.36 (KHTML, like Gecko) HeadlessChrome/97.0.4692.71 Safari/537.36"
10.237.1.238 - - [04/Feb/2022:11:16:51 +0000] "GET /wp-content/plugins/wpdiscuz/assets/third-party/font-awesome-5.13.0/webfonts/fa-brands-400.woff2 HTTP/1.1" 200 76991 "https://intranet.mannsmith.harrison.com/wp-content/plugins/wpdiscuz/assets/third-party/font-awesome-5.13.0/css/fa.min.css?ver=7.0.4" "Mozilla/5.0 (X11; Linux x86_64) AppleWebKit/537.36 (KHTML, like Gecko) HeadlessChrome/97.0.4692.71 Safari/537.36"
10.237.1.238 - - [04/Feb/2022:11:16:51 +0000] "GET /wp-content/themes/go/dist/js/frontend.min.js?ver=1.5.3 HTTP/1.1" 200 2981 "https://intranet.mannsmith.harrison.com/?p=5" "Mozilla/5.0 (X11; Linux x86_64) AppleWebKit/537.36 (KHTML, like Gecko) HeadlessChrome/97.0.4692.71 Safari/537.36"
10.237.1.238 - - [04/Feb/2022:11:16:51 +0000] "GET /wp-includes/js/comment-reply.min.js?ver=5.9 HTTP/1.1" 200 1701 "https://intranet.mannsmith.harrison.com/?p=5" "Mozilla/5.0 (X11; Linux x86_64) AppleWebKit/537.36 (KHTML, like Gecko) HeadlessChrome/97.0.4692.71 Safari/537.36"
10.237.1.238 - - [04/Feb/2022:11:16:51 +0000] "GET /wp-content/plugins/wpdiscuz/assets/js/wpdiscuz-combo.min.js?ver=7.0.4 HTTP/1.1" 200 71266 "https://intranet.mannsmith.harrison.com/?p=5" "Mozilla/5.0 (X11; Linux x86_64) AppleWebKit/537.36 (KHTML, like Gecko) HeadlessChrome/97.0.4692.71 Safari/537.36"
::1 - - [04/Feb/2022:11:16:59 +0000] "OPTIONS * HTTP/1.0" 200 110 "-" "Apache/2.4.29 (Ubuntu) OpenSSL/1.1.1 (internal dummy connection)"
192.168.131.215 - - [04/Feb/2022:11:18:48 +0000] "POST /wp-cron.php?doing_wp_cron=1643973528.5772509574890136718750 HTTP/1.1" 200 150 "-" "WordPress/5.9; https://intranet.mannsmith.harrison.com"
10.237.1.238 - - [04/Feb/2022:11:18:48 +0000] "GET / HTTP/1.1" 200 8096 "-" "Mozilla/5.0 (X11; Ubuntu; Linux x86_64; rv:86.0) Gecko/20100101 Firefox/86.0"
10.237.1.238 - - [04/Feb/2022:11:18:48 +0000] "GET /wp-content/themes/go/dist/css/design-styles/style-traditional.min.css?ver=1.5.3 HTTP/1.1" 200 1412 "http://intranet.mannsmith.harrison.com/" "Mozilla/5.0 (X11; Ubuntu; Linux x86_64; rv:86.0) Gecko/20100101 Firefox/86.0"
10.237.1.238 - - [04/Feb/2022:11:18:48 +0000] "GET /wp-content/themes/go/dist/js/frontend.min.js?ver=1.5.3 HTTP/1.1" 200 2916 "http://intranet.mannsmith.harrison.com/" "Mozilla/5.0 (X11; Ubuntu; Linux x86_64; rv:86.0) Gecko/20100101 Firefox/86.0"
10.237.1.238 - - [04/Feb/2022:11:18:48 +0000] "GET /wp-content/themes/go/dist/css/style-shared.min.css?ver=1.5.3 HTTP/1.1" 200 23203 "http://intranet.mannsmith.harrison.com/" "Mozilla/5.0 (X11; Ubuntu; Linux x86_64; rv:86.0) Gecko/20100101 Firefox/86.0"
10.237.1.238 - - [04/Feb/2022:11:20:06 +0000] "GET / HTTP/1.1" 200 8096 "-" "Mozilla/5.0 (X11; Linux x86_64) AppleWebKit/537.36 (KHTML, like Gecko) HeadlessChrome/97.0.4692.71 Safari/537.36"
10.237.1.238 - - [04/Feb/2022:11:21:09 +0000] "GET /?p=5 HTTP/1.1" 200 26413 "-" "Mozilla/5.0 (X11; Ubuntu; Linux x86_64; rv:86.0) Gecko/20100101 Firefox/86.0"
10.237.1.238 - - [04/Feb/2022:11:24:17 +0000] "GET /wp-admin/ HTTP/1.1" 302 370 "-" "Mozilla/5.0 (X11; Linux x86_64) AppleWebKit/537.36 (KHTML, like Gecko) HeadlessChrome/97.0.4692.71 Safari/537.36"
10.237.1.238 - - [04/Feb/2022:11:24:18 +0000] "GET /wp-admin/ HTTP/1.1" 200 19870 "-" "Mozilla/5.0 (X11; Linux x86_64) AppleWebKit/537.36 (KHTML, like Gecko) HeadlessChrome/97.0.4692.71 Safari/537.36"
10.237.1.238 - - [04/Feb/2022:11:24:18 +0000] "GET /wp-includes/js/thickbox/thickbox.css?ver=5.9 HTTP/1.1" 200 1856 "https://intranet.mannsmith.harrison.com/wp-admin/" "Mozilla/5.0 (X11; Linux x86_64) AppleWebKit/537.36 (KHTML, like Gecko) HeadlessChrome/97.0.4692.71 Safari/537.36"
10.237.1.238 - - [04/Feb/2022:11:24:18 +0000] "GET /wp-includes/css/editor.min.css?ver=5.9 HTTP/1.1" 200 6854 "https://intranet.mannsmith.harrison.com/wp-admin/" "Mozilla/5.0 (X11; Linux x86_64) AppleWebKit/537.36 (KHTML, like Gecko) HeadlessChrome/97.0.4692.71 Safari/537.36"
10.237.1.238 - - [04/Feb/2022:11:24:18 +0000] "GET /wp-admin/load-scripts.php?c=0&load%5Bchunk_0%5D=jquery-core,jquery-migrate,utils&ver=5.9 HTTP/1.1" 200 35417 "https://intranet.mannsmith.harrison.com/wp-admin/" "Mozilla/5.0 (X11; Linux x86_64) AppleWebKit/537.36 (KHTML, like Gecko) HeadlessChrome/97.0.4692.71 Safari/537.36"
10.237.1.238 - - [04/Feb/2022:11:24:18 +0000] "GET /wp-admin/load-scripts.php?c=0&load%5Bchunk_0%5D=hoverIntent,regenerator-runtime,wp-polyfill,wp-hooks&ver=5.9 HTTP/1.1" 200 11763 "https://intranet.mannsmith.harrison.com/wp-admin/" "Mozilla/5.0 (X11; Linux x86_64) AppleWebKit/537.36 (KHTML, like Gecko) HeadlessChrome/97.0.4692.71 Safari/537.36"
10.237.1.238 - - [04/Feb/2022:11:24:18 +0000] "GET /wp-includes/js/dist/i18n.min.js?ver=30fcecb428a0e8383d3776bcdd3a7834 HTTP/1.1" 200 4369 "https://intranet.mannsmith.harrison.com/wp-admin/" "Mozilla/5.0 (X11; Linux x86_64) AppleWebKit/537.36 (KHTML, like Gecko) HeadlessChrome/97.0.4692.71 Safari/537.36"
10.237.1.238 - - [04/Feb/2022:11:24:18 +0000] "GET /wp-admin/load-styles.php?c=0&dir=ltr&load%5Bchunk_0%5D=dashicons,admin-bar,common,forms,admin-menu,dashboard,list-tables,edit,revisions,media,themes,about,nav-menus,wp-pointer,widgets&load%5Bchunk_1%5D=,site-icon,l10n,buttons,wp-auth-check&ver=5.9 HTTP/1.1" 200 99787 "https://intranet.mannsmith.harrison.com/wp-admin/" "Mozilla/5.0 (X11; Linux x86_64) AppleWebKit/537.36 (KHTML, like Gecko) HeadlessChrome/97.0.4692.71 Safari/537.36"
10.237.1.238 - - [04/Feb/2022:11:24:18 +0000] "GET /wp-includes/js/hoverintent-js.min.js?ver=2.2.1 HTTP/1.1" 200 1073 "https://intranet.mannsmith.harrison.com/wp-admin/" "Mozilla/5.0 (X11; Linux x86_64) AppleWebKit/537.36 (KHTML, like Gecko) HeadlessChrome/97.0.4692.71 Safari/537.36"
10.237.1.238 - - [04/Feb/2022:11:24:18 +0000] "GET /wp-admin/js/common.min.js?ver=5.9 HTTP/1.1" 200 6921 "https://intranet.mannsmith.harrison.com/wp-admin/" "Mozilla/5.0 (X11; Linux x86_64) AppleWebKit/537.36 (KHTML, like Gecko) HeadlessChrome/97.0.4692.71 Safari/537.36"
10.237.1.238 - - [04/Feb/2022:11:24:18 +0000] "GET /wp-includes/js/wp-ajax-response.min.js?ver=5.9 HTTP/1.1" 200 1407 "https://intranet.mannsmith.harrison.com/wp-admin/" "Mozilla/5.0 (X11; Linux x86_64) AppleWebKit/537.36 (KHTML, like Gecko) HeadlessChrome/97.0.4692.71 Safari/537.36"
10.237.1.238 - - [04/Feb/2022:11:24:18 +0000] "GET /wp-includes/js/jquery/jquery.color.min.js?ver=2.1.2 HTTP/1.1" 200 4324 "https://intranet.mannsmith.harrison.com/wp-admin/" "Mozilla/5.0 (X11; Linux x86_64) AppleWebKit/537.36 (KHTML, like Gecko) HeadlessChrome/97.0.4692.71 Safari/537.36"
10.237.1.238 - - [04/Feb/2022:11:24:18 +0000] "GET /wp-includes/js/wp-lists.min.js?ver=5.9 HTTP/1.1" 200 5944 "https://intranet.mannsmith.harrison.com/wp-admin/" "Mozilla/5.0 (X11; Linux x86_64) AppleWebKit/537.36 (KHTML, like Gecko) HeadlessChrome/97.0.4692.71 Safari/537.36"
10.237.1.238 - - [04/Feb/2022:11:24:18 +0000] "GET /wp-includes/js/admin-bar.min.js?ver=5.9 HTTP/1.1" 200 1747 "https://intranet.mannsmith.harrison.com/wp-admin/" "Mozilla/5.0 (X11; Linux x86_64) AppleWebKit/537.36 (KHTML, like Gecko) HeadlessChrome/97.0.4692.71 Safari/537.36"
10.237.1.238 - - [04/Feb/2022:11:24:18 +0000] "GET /wp-includes/js/jquery/ui/mouse.min.js?ver=1.13.0 HTTP/1.1" 200 1433 "https://intranet.mannsmith.harrison.com/wp-admin/" "Mozilla/5.0 (X11; Linux x86_64) AppleWebKit/537.36 (KHTML, like Gecko) HeadlessChrome/97.0.4692.71 Safari/537.36"
10.237.1.238 - - [04/Feb/2022:11:24:18 +0000] "GET /wp-includes/js/jquery/jquery.query.js?ver=2.1.7 HTTP/1.1" 200 2008 "https://intranet.mannsmith.harrison.com/wp-admin/" "Mozilla/5.0 (X11; Linux x86_64) AppleWebKit/537.36 (KHTML, like Gecko) HeadlessChrome/97.0.4692.71 Safari/537.36"
10.237.1.238 - - [04/Feb/2022:11:24:18 +0000] "GET /wp-includes/js/quicktags.min.js?ver=5.9 HTTP/1.1" 200 4494 "https://intranet.mannsmith.harrison.com/wp-admin/" "Mozilla/5.0 (X11; Linux x86_64) AppleWebKit/537.36 (KHTML, like Gecko) HeadlessChrome/97.0.4692.71 Safari/537.36"
10.237.1.238 - - [04/Feb/2022:11:24:18 +0000] "GET /wp-includes/js/dist/dom-ready.min.js?ver=ecda74de0221e1c2ce5c57cbb5af09d5 HTTP/1.1" 200 959 "https://intranet.mannsmith.harrison.com/wp-admin/" "Mozilla/5.0 (X11; Linux x86_64) AppleWebKit/537.36 (KHTML, like Gecko) HeadlessChrome/97.0.4692.71 Safari/537.36"
10.237.1.238 - - [04/Feb/2022:11:24:18 +0000] "GET /wp-includes/js/jquery/ui/core.min.js?ver=1.13.0 HTTP/1.1" 200 7261 "https://intranet.mannsmith.harrison.com/wp-admin/" "Mozilla/5.0 (X11; Linux x86_64) AppleWebKit/537.36 (KHTML, like Gecko) HeadlessChrome/97.0.4692.71 Safari/537.36"
10.237.1.238 - - [04/Feb/2022:11:24:18 +0000] "GET /wp-admin/js/edit-comments.min.js?ver=5.9 HTTP/1.1" 200 5488 "https://intranet.mannsmith.harrison.com/wp-admin/" "Mozilla/5.0 (X11; Linux x86_64) AppleWebKit/537.36 (KHTML, like Gecko) HeadlessChrome/97.0.4692.71 Safari/537.36"
10.237.1.238 - - [04/Feb/2022:11:24:18 +0000] "GET /wp-includes/js/wp-util.min.js?ver=5.9 HTTP/1.1" 200 1060 "https://intranet.mannsmith.harrison.com/wp-admin/" "Mozilla/5.0 (X11; Linux x86_64) AppleWebKit/537.36 (KHTML, like Gecko) HeadlessChrome/97.0.4692.71 Safari/537.36"
10.237.1.238 - - [04/Feb/2022:11:24:18 +0000] "GET /wp-includes/js/underscore.min.js?ver=1.13.1 HTTP/1.1" 200 7717 "https://intranet.mannsmith.harrison.com/wp-admin/" "Mozilla/5.0 (X11; Linux x86_64) AppleWebKit/537.36 (KHTML, like Gecko) HeadlessChrome/97.0.4692.71 Safari/537.36"
10.237.1.238 - - [04/Feb/2022:11:24:18 +0000] "GET /wp-includes/js/dist/a11y.min.js?ver=68e470cf840f69530e9db3be229ad4b6 HTTP/1.1" 200 2118 "https://intranet.mannsmith.harrison.com/wp-admin/" "Mozilla/5.0 (X11; Linux x86_64) AppleWebKit/537.36 (KHTML, like Gecko) HeadlessChrome/97.0.4692.71 Safari/537.36"
10.237.1.238 - - [04/Feb/2022:11:24:18 +0000] "GET /wp-admin/js/postbox.min.js?ver=5.9 HTTP/1.1" 200 2626 "https://intranet.mannsmith.harrison.com/wp-admin/" "Mozilla/5.0 (X11; Linux x86_64) AppleWebKit/537.36 (KHTML, like Gecko) HeadlessChrome/97.0.4692.71 Safari/537.36"
10.237.1.238 - - [04/Feb/2022:11:24:18 +0000] "GET /wp-includes/js/jquery/ui/sortable.min.js?ver=1.13.0 HTTP/1.1" 200 6971 "https://intranet.mannsmith.harrison.com/wp-admin/" "Mozilla/5.0 (X11; Linux x86_64) AppleWebKit/537.36 (KHTML, like Gecko) HeadlessChrome/97.0.4692.71 Safari/537.36"
10.237.1.238 - - [04/Feb/2022:11:24:18 +0000] "GET /wp-admin/js/media-upload.min.js?ver=5.9 HTTP/1.1" 200 967 "https://intranet.mannsmith.harrison.com/wp-admin/" "Mozilla/5.0 (X11; Linux x86_64) AppleWebKit/537.36 (KHTML, like Gecko) HeadlessChrome/97.0.4692.71 Safari/537.36"
10.237.1.238 - - [04/Feb/2022:11:24:18 +0000] "GET /wp-includes/js/shortcode.min.js?ver=5.9 HTTP/1.1" 200 1497 "https://intranet.mannsmith.harrison.com/wp-admin/" "Mozilla/5.0 (X11; Linux x86_64) AppleWebKit/537.36 (KHTML, like Gecko) HeadlessChrome/97.0.4692.71 Safari/537.36"
10.237.1.238 - - [04/Feb/2022:11:24:18 +0000] "GET /wp-admin/js/dashboard.min.js?ver=5.9 HTTP/1.1" 200 3463 "https://intranet.mannsmith.harrison.com/wp-admin/" "Mozilla/5.0 (X11; Linux x86_64) AppleWebKit/537.36 (KHTML, like Gecko) HeadlessChrome/97.0.4692.71 Safari/537.36"
10.237.1.238 - - [04/Feb/2022:11:24:18 +0000] "GET /wp-includes/js/thickbox/thickbox.js?ver=3.1-20121105 HTTP/1.1" 200 4402 "https://intranet.mannsmith.harrison.com/wp-admin/" "Mozilla/5.0 (X11; Linux x86_64) AppleWebKit/537.36 (KHTML, like Gecko) HeadlessChrome/97.0.4692.71 Safari/537.36"
10.237.1.238 - - [04/Feb/2022:11:24:18 +0000] "GET /wp-includes/js/dist/vendor/moment.min.js?ver=2.29.1 HTTP/1.1" 200 18941 "https://intranet.mannsmith.harrison.com/wp-admin/" "Mozilla/5.0 (X11; Linux x86_64) AppleWebKit/537.36 (KHTML, like Gecko) HeadlessChrome/97.0.4692.71 Safari/537.36"
10.237.1.238 - - [04/Feb/2022:11:24:18 +0000] "GET /wp-includes/js/dist/date.min.js?ver=a9a5af167fc60fa1bfda62582a7beb3c HTTP/1.1" 200 33306 "https://intranet.mannsmith.harrison.com/wp-admin/" "Mozilla/5.0 (X11; Linux x86_64) AppleWebKit/537.36 (KHTML, like Gecko) HeadlessChrome/97.0.4692.71 Safari/537.36"
10.237.1.238 - - [04/Feb/2022:11:24:18 +0000] "GET /wp-admin/js/svg-painter.js?ver=5.9 HTTP/1.1" 200 2526 "https://intranet.mannsmith.harrison.com/wp-admin/" "Mozilla/5.0 (X11; Linux x86_64) AppleWebKit/537.36 (KHTML, like Gecko) HeadlessChrome/97.0.4692.71 Safari/537.36"
10.237.1.238 - - [04/Feb/2022:11:24:18 +0000] "GET /wp-content/plugins/wpdiscuz/assets/js/wpdiscuz-notes.js?ver=7.0.4 HTTP/1.1" 200 561 "https://intranet.mannsmith.harrison.com/wp-admin/" "Mozilla/5.0 (X11; Linux x86_64) AppleWebKit/537.36 (KHTML, like Gecko) HeadlessChrome/97.0.4692.71 Safari/537.36"
10.237.1.238 - - [04/Feb/2022:11:24:18 +0000] "GET /wp-includes/js/wp-auth-check.min.js?ver=5.9 HTTP/1.1" 200 1128 "https://intranet.mannsmith.harrison.com/wp-admin/" "Mozilla/5.0 (X11; Linux x86_64) AppleWebKit/537.36 (KHTML, like Gecko) HeadlessChrome/97.0.4692.71 Safari/537.36"
10.237.1.238 - - [04/Feb/2022:11:24:18 +0000] "GET /wp-includes/js/heartbeat.min.js?ver=5.9 HTTP/1.1" 200 2419 "https://intranet.mannsmith.harrison.com/wp-admin/" "Mozilla/5.0 (X11; Linux x86_64) AppleWebKit/537.36 (KHTML, like Gecko) HeadlessChrome/97.0.4692.71 Safari/537.36"
10.237.1.238 - - [04/Feb/2022:11:24:18 +0000] "GET /wp-includes/js/wplink.min.js?ver=5.9 HTTP/1.1" 200 4286 "https://intranet.mannsmith.harrison.com/wp-admin/" "Mozilla/5.0 (X11; Linux x86_64) AppleWebKit/537.36 (KHTML, like Gecko) HeadlessChrome/97.0.4692.71 Safari/537.36"
