10.237.1.238 - - [04/Feb/2022:05:53:37 +0000] "GET / HTTP/1.1" 200 8096 "-" "Mozilla/5.0 (X11; Ubuntu; Linux x86_64; rv:86.0) Gecko/20100101 Firefox/86.0"
10.237.1.238 - - [04/Feb/2022:05:53:37 +0000] "GET /wp-includes/css/dist/block-library/style.min.css?ver=5.9 HTTP/1.1" 200 11229 "http://intranet.mannsmith.harrison.com/" "Mozilla/5.0 (X11; Ubuntu; Linux x86_64; rv:86.0) Gecko/20100101 Firefox/86.0"
10.237.1.238 - - [04/Feb/2022:05:53:37 +0000] "GET /wp-content/themes/go/dist/css/design-styles/style-traditional.min.css?ver=1.5.3 HTTP/1.1" 200 1412 "http://intranet.mannsmith.harrison.com/" "Mozilla/5.0 (X11; Ubuntu; Linux x86_64; rv:86.0) Gecko/20100101 Firefox/86.0"
10.237.1.238 - - [04/Feb/2022:05:53:37 +0000] "GET /wp-content/themes/go/dist/js/frontend.min.js?ver=1.5.3 HTTP/1.1" 200 2916 "http://intranet.mannsmith.harrison.com/" "Mozilla/5.0 (X11; Ubuntu; Linux x86_64; rv:86.0) Gecko/20100101 Firefox/86.0"
10.237.1.238 - - [04/Feb/2022:05:53:37 +0000] "GET /wp-includes/js/wp-emoji-release.min.js?ver=5.9 HTTP/1.1" 200 5266 "http://intranet.mannsmith.harrison.com/" "Mozilla/5.0 (X11; Ubuntu; Linux x86_64; rv:86.0) Gecko/20100101 Firefox/86.0"
10.237.1.238 - - [04/Feb/2022:05:53:37 +0000] "GET /wp-content/themes/go/dist/css/style-shared.min.css?ver=1.5.3 HTTP/1.1" 200 23204 "http://intranet.mannsmith.harrison.com/" "Mozilla/5.0 (X11; Ubuntu; Linux x86_64; rv:86.0) Gecko/20100101 Firefox/86.0"
192.168.131.215 - - [04/Feb/2022:05:53:37 +0000] "GET / HTTP/1.1" 200 10533 "-" "WordPress/5.9; https://intranet.mannsmith.harrison.com"
10.237.1.238 - - [04/Feb/2022:05:53:37 +0000] "GET /favicon.ico HTTP/1.1" 404 396 "http://intranet.mannsmith.harrison.com/" "Mozilla/5.0 (X11; Ubuntu; Linux x86_64; rv:86.0) Gecko/20100101 Firefox/86.0"
192.168.131.215 - - [04/Feb/2022:05:53:37 +0000] "POST /wp-cron.php?doing_wp_cron=1643954017.1838099956512451171875 HTTP/1.1" 200 150 "-" "WordPress/5.9; https://intranet.mannsmith.harrison.com"
::1 - - [04/Feb/2022:05:53:42 +0000] "OPTIONS * HTTP/1.0" 200 110 "-" "Apache/2.4.29 (Ubuntu) OpenSSL/1.1.1 (internal dummy connection)"
10.237.1.238 - - [04/Feb/2022:05:57:14 +0000] "GET /?p=5 HTTP/1.1" 200 22666 "-" "Mozilla/5.0 (X11; Ubuntu; Linux x86_64; rv:86.0) Gecko/20100101 Firefox/86.0"
10.237.1.238 - - [04/Feb/2022:05:57:15 +0000] "GET /wp-includes/css/dist/block-library/style.min.css?ver=5.9 HTTP/1.1" 200 11317 "https://intranet.mannsmith.harrison.com/?p=5" "Mozilla/5.0 (X11; Ubuntu; Linux x86_64; rv:86.0) Gecko/20100101 Firefox/86.0"
10.237.1.238 - - [04/Feb/2022:05:57:15 +0000] "GET /wp-content/plugins/wpdiscuz/themes/default/style.css?ver=7.0.4 HTTP/1.1" 200 19726 "https://intranet.mannsmith.harrison.com/?p=5" "Mozilla/5.0 (X11; Ubuntu; Linux x86_64; rv:86.0) Gecko/20100101 Firefox/86.0"
10.237.1.238 - - [04/Feb/2022:05:57:15 +0000] "GET /wp-content/plugins/wpdiscuz/assets/third-party/font-awesome-5.13.0/css/fa.min.css?ver=7.0.4 HTTP/1.1" 200 2888 "https://intranet.mannsmith.harrison.com/?p=5" "Mozilla/5.0 (X11; Ubuntu; Linux x86_64; rv:86.0) Gecko/20100101 Firefox/86.0"
10.237.1.238 - - [04/Feb/2022:05:57:15 +0000] "GET /wp-content/themes/go/dist/css/style-shared.min.css?ver=1.5.3 HTTP/1.1" 200 23889 "https://intranet.mannsmith.harrison.com/?p=5" "Mozilla/5.0 (X11; Ubuntu; Linux x86_64; rv:86.0) Gecko/20100101 Firefox/86.0"
10.237.1.238 - - [04/Feb/2022:05:57:15 +0000] "GET /wp-includes/js/jquery/jquery-migrate.min.js?ver=3.3.2 HTTP/1.1" 200 5146 "https://intranet.mannsmith.harrison.com/?p=5" "Mozilla/5.0 (X11; Ubuntu; Linux x86_64; rv:86.0) Gecko/20100101 Firefox/86.0"
10.237.1.238 - - [04/Feb/2022:05:57:15 +0000] "GET /wp-includes/js/wp-emoji-release.min.js?ver=5.9 HTTP/1.1" 200 5331 "https://intranet.mannsmith.harrison.com/?p=5" "Mozilla/5.0 (X11; Ubuntu; Linux x86_64; rv:86.0) Gecko/20100101 Firefox/86.0"
10.237.1.238 - - [04/Feb/2022:05:57:15 +0000] "GET /wp-content/themes/go/dist/css/design-styles/style-traditional.min.css?ver=1.5.3 HTTP/1.1" 200 2009 "https://intranet.mannsmith.harrison.com/?p=5" "Mozilla/5.0 (X11; Ubuntu; Linux x86_64; rv:86.0) Gecko/20100101 Firefox/86.0"
10.237.1.238 - - [04/Feb/2022:05:57:15 +0000] "GET /wp-content/plugins/wpdiscuz/assets/css/wpdiscuz-combo.min.css?ver=5.9 HTTP/1.1" 200 7375 "https://intranet.mannsmith.harrison.com/?p=5" "Mozilla/5.0 (X11; Ubuntu; Linux x86_64; rv:86.0) Gecko/20100101 Firefox/86.0"
10.237.1.238 - - [04/Feb/2022:05:57:15 +0000] "GET /wp-includes/js/comment-reply.min.js?ver=5.9 HTTP/1.1" 200 1701 "https://intranet.mannsmith.harrison.com/?p=5" "Mozilla/5.0 (X11; Ubuntu; Linux x86_64; rv:86.0) Gecko/20100101 Firefox/86.0"
10.237.1.238 - - [04/Feb/2022:05:57:15 +0000] "GET /wp-content/themes/go/dist/js/frontend.min.js?ver=1.5.3 HTTP/1.1" 200 2981 "https://intranet.mannsmith.harrison.com/?p=5" "Mozilla/5.0 (X11; Ubuntu; Linux x86_64; rv:86.0) Gecko/20100101 Firefox/86.0"
10.237.1.238 - - [04/Feb/2022:05:57:15 +0000] "GET /wp-includes/js/jquery/jquery.min.js?ver=3.6.0 HTTP/1.1" 200 31953 "https://intranet.mannsmith.harrison.com/?p=5" "Mozilla/5.0 (X11; Ubuntu; Linux x86_64; rv:86.0) Gecko/20100101 Firefox/86.0"
10.237.1.238 - - [04/Feb/2022:05:57:15 +0000] "GET /wp-content/plugins/wpdiscuz/assets/js/wpdiscuz-combo.min.js?ver=7.0.4 HTTP/1.1" 200 71266 "https://intranet.mannsmith.harrison.com/?p=5" "Mozilla/5.0 (X11; Ubuntu; Linux x86_64; rv:86.0) Gecko/20100101 Firefox/86.0"
10.237.1.238 - - [04/Feb/2022:05:57:15 +0000] "GET /wp-content/plugins/wpdiscuz/themes/default/css/fonts/sqr721c-webfont.woff2 HTTP/1.1" 200 18908 "https://intranet.mannsmith.harrison.com/wp-content/plugins/wpdiscuz/themes/default/style.css?ver=7.0.4" "Mozilla/5.0 (X11; Ubuntu; Linux x86_64; rv:86.0) Gecko/20100101 Firefox/86.0"
10.237.1.238 - - [04/Feb/2022:05:57:15 +0000] "GET /wp-content/plugins/wpdiscuz/assets/third-party/font-awesome-5.13.0/webfonts/fa-regular-400.woff2 HTTP/1.1" 200 13874 "https://intranet.mannsmith.harrison.com/wp-content/plugins/wpdiscuz/assets/third-party/font-awesome-5.13.0/css/fa.min.css?ver=7.0.4" "Mozilla/5.0 (X11; Ubuntu; Linux x86_64; rv:86.0) Gecko/20100101 Firefox/86.0"
10.237.1.238 - - [04/Feb/2022:05:57:15 +0000] "GET /wp-content/plugins/wpdiscuz/assets/third-party/font-awesome-5.13.0/webfonts/fa-solid-900.woff2 HTTP/1.1" 200 79823 "https://intranet.mannsmith.harrison.com/wp-content/plugins/wpdiscuz/assets/third-party/font-awesome-5.13.0/css/fa.min.css?ver=7.0.4" "Mozilla/5.0 (X11; Ubuntu; Linux x86_64; rv:86.0) Gecko/20100101 Firefox/86.0"
10.237.1.238 - - [04/Feb/2022:05:57:15 +0000] "GET /wp-content/plugins/wpdiscuz/assets/third-party/font-awesome-5.13.0/webfonts/fa-brands-400.woff2 HTTP/1.1" 200 76991 "https://intranet.mannsmith.harrison.com/wp-content/plugins/wpdiscuz/assets/third-party/font-awesome-5.13.0/css/fa.min.css?ver=7.0.4" "Mozilla/5.0 (X11; Ubuntu; Linux x86_64; rv:86.0) Gecko/20100101 Firefox/86.0"
10.237.1.238 - - [04/Feb/2022:05:57:15 +0000] "GET /favicon.ico HTTP/1.1" 404 418 "https://intranet.mannsmith.harrison.com/?p=5" "Mozilla/5.0 (X11; Ubuntu; Linux x86_64; rv:86.0) Gecko/20100101 Firefox/86.0"
::1 - - [04/Feb/2022:05:57:21 +0000] "OPTIONS * HTTP/1.0" 200 110 "-" "Apache/2.4.29 (Ubuntu) OpenSSL/1.1.1 (internal dummy connection)"
10.237.1.238 - - [04/Feb/2022:06:01:49 +0000] "GET /wp-content/plugins/wpdiscuz/assets/img/loading.gif HTTP/1.1" 200 4069 "https://intranet.mannsmith.harrison.com/wp-content/plugins/wpdiscuz/themes/default/style.css?ver=7.0.4" "Mozilla/5.0 (X11; Ubuntu; Linux x86_64; rv:86.0) Gecko/20100101 Firefox/86.0"
10.237.1.238 - - [04/Feb/2022:06:01:49 +0000] "POST /wp-admin/admin-ajax.php HTTP/1.1" 200 1184 "https://intranet.mannsmith.harrison.com/?p=5" "Mozilla/5.0 (X11; Ubuntu; Linux x86_64; rv:86.0) Gecko/20100101 Firefox/86.0"
10.237.1.238 - - [04/Feb/2022:06:01:56 +0000] "POST /wp-admin/admin-ajax.php HTTP/1.1" 200 1234 "https://intranet.mannsmith.harrison.com/?p=5" "Mozilla/5.0 (X11; Ubuntu; Linux x86_64; rv:86.0) Gecko/20100101 Firefox/86.0"
10.237.1.238 - - [04/Feb/2022:06:02:37 +0000] "POST /wp-admin/admin-ajax.php HTTP/1.1" 200 5737 "https://intranet.mannsmith.harrison.com/?p=5" "Mozilla/5.0 (X11; Ubuntu; Linux x86_64; rv:86.0) Gecko/20100101 Firefox/86.0"
10.237.1.238 - - [04/Feb/2022:06:02:38 +0000] "POST /wp-admin/admin-ajax.php HTTP/1.1" 200 546 "https://intranet.mannsmith.harrison.com/?p=5" "Mozilla/5.0 (X11; Ubuntu; Linux x86_64; rv:86.0) Gecko/20100101 Firefox/86.0"
10.237.1.238 - - [04/Feb/2022:06:03:52 +0000] "POST /wp-admin/admin-ajax.php HTTP/1.1" 200 5569 "https://intranet.mannsmith.harrison.com/?p=5" "Mozilla/5.0 (X11; Ubuntu; Linux x86_64; rv:86.0) Gecko/20100101 Firefox/86.0"
10.237.1.238 - - [04/Feb/2022:06:03:52 +0000] "POST /wp-admin/admin-ajax.php HTTP/1.1" 200 546 "https://intranet.mannsmith.harrison.com/?p=5" "Mozilla/5.0 (X11; Ubuntu; Linux x86_64; rv:86.0) Gecko/20100101 Firefox/86.0"
10.237.1.238 - - [04/Feb/2022:06:04:49 +0000] "POST /wp-admin/admin-ajax.php HTTP/1.1" 200 5531 "https://intranet.mannsmith.harrison.com/?p=5" "Mozilla/5.0 (X11; Ubuntu; Linux x86_64; rv:86.0) Gecko/20100101 Firefox/86.0"
10.237.1.238 - - [04/Feb/2022:06:04:49 +0000] "POST /wp-admin/admin-ajax.php HTTP/1.1" 200 546 "https://intranet.mannsmith.harrison.com/?p=5" "Mozilla/5.0 (X11; Ubuntu; Linux x86_64; rv:86.0) Gecko/20100101 Firefox/86.0"
10.237.1.238 - - [04/Feb/2022:06:05:20 +0000] "POST /wp-admin/admin-ajax.php HTTP/1.1" 200 1234 "https://intranet.mannsmith.harrison.com/?p=5" "Mozilla/5.0 (X11; Ubuntu; Linux x86_64; rv:86.0) Gecko/20100101 Firefox/86.0"
10.237.1.238 - - [04/Feb/2022:06:05:28 +0000] "GET / HTTP/1.1" 200 8096 "-" "Mozilla/5.0 (X11; Ubuntu; Linux x86_64; rv:86.0) Gecko/20100101 Firefox/86.0"
192.168.131.215 - - [04/Feb/2022:06:55:14 +0000] "POST /wp-cron.php?doing_wp_cron=1643957714.1977109909057617187500 HTTP/1.1" 200 150 "-" "WordPress/5.9; https://intranet.mannsmith.harrison.com"
192.168.131.55 - - [04/Feb/2022:06:55:13 +0000] "GET / HTTP/1.1" 200 8096 "-" "Mozilla/5.0 (X11; Ubuntu; Linux x86_64; rv:86.0) Gecko/20100101 Firefox/86.0"
192.168.131.55 - - [04/Feb/2022:06:55:14 +0000] "GET /wp-includes/css/dist/block-library/style.min.css?ver=5.9 HTTP/1.1" 200 11229 "http://intranet.mannsmith.harrison.com/" "Mozilla/5.0 (X11; Ubuntu; Linux x86_64; rv:86.0) Gecko/20100101 Firefox/86.0"
192.168.131.55 - - [04/Feb/2022:06:55:14 +0000] "GET /wp-content/themes/go/dist/js/frontend.min.js?ver=1.5.3 HTTP/1.1" 200 2916 "http://intranet.mannsmith.harrison.com/" "Mozilla/5.0 (X11; Ubuntu; Linux x86_64; rv:86.0) Gecko/20100101 Firefox/86.0"
192.168.131.55 - - [04/Feb/2022:06:55:14 +0000] "GET /wp-content/themes/go/dist/css/design-styles/style-traditional.min.css?ver=1.5.3 HTTP/1.1" 200 1412 "http://intranet.mannsmith.harrison.com/" "Mozilla/5.0 (X11; Ubuntu; Linux x86_64; rv:86.0) Gecko/20100101 Firefox/86.0"
192.168.131.55 - - [04/Feb/2022:06:55:14 +0000] "GET /wp-includes/js/wp-emoji-release.min.js?ver=5.9 HTTP/1.1" 200 5266 "http://intranet.mannsmith.harrison.com/" "Mozilla/5.0 (X11; Ubuntu; Linux x86_64; rv:86.0) Gecko/20100101 Firefox/86.0"
192.168.131.55 - - [04/Feb/2022:06:55:14 +0000] "GET /wp-content/themes/go/dist/css/style-shared.min.css?ver=1.5.3 HTTP/1.1" 200 23204 "http://intranet.mannsmith.harrison.com/" "Mozilla/5.0 (X11; Ubuntu; Linux x86_64; rv:86.0) Gecko/20100101 Firefox/86.0"
192.168.131.55 - - [04/Feb/2022:06:55:14 +0000] "GET /favicon.ico HTTP/1.1" 404 396 "http://intranet.mannsmith.harrison.com/" "Mozilla/5.0 (X11; Ubuntu; Linux x86_64; rv:86.0) Gecko/20100101 Firefox/86.0"
192.168.131.215 - - [04/Feb/2022:07:49:11 +0000] "POST /wp-cron.php?doing_wp_cron=1643960951.5153510570526123046875 HTTP/1.1" 200 150 "-" "WordPress/5.9; https://intranet.mannsmith.harrison.com"
192.168.131.55 - - [04/Feb/2022:07:49:11 +0000] "GET / HTTP/1.1" 200 8096 "-" "Mozilla/5.0 (X11; Ubuntu; Linux x86_64; rv:86.0) Gecko/20100101 Firefox/86.0"
192.168.131.55 - - [04/Feb/2022:07:49:11 +0000] "GET /wp-includes/css/dist/block-library/style.min.css?ver=5.9 HTTP/1.1" 200 11229 "http://intranet.mannsmith.harrison.com/" "Mozilla/5.0 (X11; Ubuntu; Linux x86_64; rv:86.0) Gecko/20100101 Firefox/86.0"
192.168.131.55 - - [04/Feb/2022:07:49:11 +0000] "GET /wp-content/themes/go/dist/css/design-styles/style-traditional.min.css?ver=1.5.3 HTTP/1.1" 200 1412 "http://intranet.mannsmith.harrison.com/" "Mozilla/5.0 (X11; Ubuntu; Linux x86_64; rv:86.0) Gecko/20100101 Firefox/86.0"
192.168.131.55 - - [04/Feb/2022:07:49:11 +0000] "GET /wp-content/themes/go/dist/js/frontend.min.js?ver=1.5.3 HTTP/1.1" 200 2916 "http://intranet.mannsmith.harrison.com/" "Mozilla/5.0 (X11; Ubuntu; Linux x86_64; rv:86.0) Gecko/20100101 Firefox/86.0"
192.168.131.55 - - [04/Feb/2022:07:49:11 +0000] "GET /wp-includes/js/wp-emoji-release.min.js?ver=5.9 HTTP/1.1" 200 5265 "http://intranet.mannsmith.harrison.com/" "Mozilla/5.0 (X11; Ubuntu; Linux x86_64; rv:86.0) Gecko/20100101 Firefox/86.0"
192.168.131.55 - - [04/Feb/2022:07:49:11 +0000] "GET /wp-content/themes/go/dist/css/style-shared.min.css?ver=1.5.3 HTTP/1.1" 200 23204 "http://intranet.mannsmith.harrison.com/" "Mozilla/5.0 (X11; Ubuntu; Linux x86_64; rv:86.0) Gecko/20100101 Firefox/86.0"
192.168.131.55 - - [04/Feb/2022:07:49:11 +0000] "GET /favicon.ico HTTP/1.1" 404 396 "http://intranet.mannsmith.harrison.com/" "Mozilla/5.0 (X11; Ubuntu; Linux x86_64; rv:86.0) Gecko/20100101 Firefox/86.0"
192.168.131.55 - - [04/Feb/2022:07:52:27 +0000] "GET /?p=5 HTTP/1.1" 200 23040 "-" "Mozilla/5.0 (X11; Ubuntu; Linux x86_64; rv:86.0) Gecko/20100101 Firefox/86.0"
192.168.131.55 - - [04/Feb/2022:07:52:27 +0000] "GET /wp-includes/css/dist/block-library/style.min.css?ver=5.9 HTTP/1.1" 200 11317 "https://intranet.mannsmith.harrison.com/?p=5" "Mozilla/5.0 (X11; Ubuntu; Linux x86_64; rv:86.0) Gecko/20100101 Firefox/86.0"
192.168.131.55 - - [04/Feb/2022:07:52:27 +0000] "GET /wp-content/plugins/wpdiscuz/themes/default/style.css?ver=7.0.4 HTTP/1.1" 200 19726 "https://intranet.mannsmith.harrison.com/?p=5" "Mozilla/5.0 (X11; Ubuntu; Linux x86_64; rv:86.0) Gecko/20100101 Firefox/86.0"
192.168.131.55 - - [04/Feb/2022:07:52:27 +0000] "GET /wp-content/plugins/wpdiscuz/assets/third-party/font-awesome-5.13.0/css/fa.min.css?ver=7.0.4 HTTP/1.1" 200 2888 "https://intranet.mannsmith.harrison.com/?p=5" "Mozilla/5.0 (X11; Ubuntu; Linux x86_64; rv:86.0) Gecko/20100101 Firefox/86.0"
192.168.131.55 - - [04/Feb/2022:07:52:27 +0000] "GET /wp-content/themes/go/dist/css/style-shared.min.css?ver=1.5.3 HTTP/1.1" 200 23313 "https://intranet.mannsmith.harrison.com/?p=5" "Mozilla/5.0 (X11; Ubuntu; Linux x86_64; rv:86.0) Gecko/20100101 Firefox/86.0"
192.168.131.55 - - [04/Feb/2022:07:52:27 +0000] "GET /wp-includes/js/wp-emoji-release.min.js?ver=5.9 HTTP/1.1" 200 5907 "https://intranet.mannsmith.harrison.com/?p=5" "Mozilla/5.0 (X11; Ubuntu; Linux x86_64; rv:86.0) Gecko/20100101 Firefox/86.0"
192.168.131.55 - - [04/Feb/2022:07:52:27 +0000] "GET /wp-content/themes/go/dist/css/design-styles/style-traditional.min.css?ver=1.5.3 HTTP/1.1" 200 2009 "https://intranet.mannsmith.harrison.com/?p=5" "Mozilla/5.0 (X11; Ubuntu; Linux x86_64; rv:86.0) Gecko/20100101 Firefox/86.0"
192.168.131.55 - - [04/Feb/2022:07:52:27 +0000] "GET /wp-includes/js/jquery/jquery-migrate.min.js?ver=3.3.2 HTTP/1.1" 200 5146 "https://intranet.mannsmith.harrison.com/?p=5" "Mozilla/5.0 (X11; Ubuntu; Linux x86_64; rv:86.0) Gecko/20100101 Firefox/86.0"
192.168.131.55 - - [04/Feb/2022:07:52:27 +0000] "GET /wp-includes/js/comment-reply.min.js?ver=5.9 HTTP/1.1" 200 1701 "https://intranet.mannsmith.harrison.com/?p=5" "Mozilla/5.0 (X11; Ubuntu; Linux x86_64; rv:86.0) Gecko/20100101 Firefox/86.0"
192.168.131.55 - - [04/Feb/2022:07:52:27 +0000] "GET /wp-content/plugins/wpdiscuz/assets/css/wpdiscuz-combo.min.css?ver=5.9 HTTP/1.1" 200 7375 "https://intranet.mannsmith.harrison.com/?p=5" "Mozilla/5.0 (X11; Ubuntu; Linux x86_64; rv:86.0) Gecko/20100101 Firefox/86.0"
192.168.131.55 - - [04/Feb/2022:07:52:27 +0000] "GET /wp-content/themes/go/dist/js/frontend.min.js?ver=1.5.3 HTTP/1.1" 200 2981 "https://intranet.mannsmith.harrison.com/?p=5" "Mozilla/5.0 (X11; Ubuntu; Linux x86_64; rv:86.0) Gecko/20100101 Firefox/86.0"
192.168.131.55 - - [04/Feb/2022:07:52:27 +0000] "GET /wp-includes/js/jquery/jquery.min.js?ver=3.6.0 HTTP/1.1" 200 31953 "https://intranet.mannsmith.harrison.com/?p=5" "Mozilla/5.0 (X11; Ubuntu; Linux x86_64; rv:86.0) Gecko/20100101 Firefox/86.0"
192.168.131.55 - - [04/Feb/2022:07:52:27 +0000] "GET /wp-content/plugins/wpdiscuz/assets/js/wpdiscuz-combo.min.js?ver=7.0.4 HTTP/1.1" 200 71266 "https://intranet.mannsmith.harrison.com/?p=5" "Mozilla/5.0 (X11; Ubuntu; Linux x86_64; rv:86.0) Gecko/20100101 Firefox/86.0"
192.168.131.55 - - [04/Feb/2022:07:52:28 +0000] "GET /wp-content/plugins/wpdiscuz/themes/default/css/fonts/sqr721c-webfont.woff2 HTTP/1.1" 200 18908 "https://intranet.mannsmith.harrison.com/wp-content/plugins/wpdiscuz/themes/default/style.css?ver=7.0.4" "Mozilla/5.0 (X11; Ubuntu; Linux x86_64; rv:86.0) Gecko/20100101 Firefox/86.0"
192.168.131.55 - - [04/Feb/2022:07:52:28 +0000] "GET /wp-content/plugins/wpdiscuz/assets/third-party/font-awesome-5.13.0/webfonts/fa-regular-400.woff2 HTTP/1.1" 200 13874 "https://intranet.mannsmith.harrison.com/wp-content/plugins/wpdiscuz/assets/third-party/font-awesome-5.13.0/css/fa.min.css?ver=7.0.4" "Mozilla/5.0 (X11; Ubuntu; Linux x86_64; rv:86.0) Gecko/20100101 Firefox/86.0"
192.168.131.55 - - [04/Feb/2022:07:52:28 +0000] "GET /wp-content/plugins/wpdiscuz/assets/third-party/font-awesome-5.13.0/webfonts/fa-solid-900.woff2 HTTP/1.1" 200 79823 "https://intranet.mannsmith.harrison.com/wp-content/plugins/wpdiscuz/assets/third-party/font-awesome-5.13.0/css/fa.min.css?ver=7.0.4" "Mozilla/5.0 (X11; Ubuntu; Linux x86_64; rv:86.0) Gecko/20100101 Firefox/86.0"
192.168.131.55 - - [04/Feb/2022:07:52:28 +0000] "GET /wp-content/plugins/wpdiscuz/assets/third-party/font-awesome-5.13.0/webfonts/fa-brands-400.woff2 HTTP/1.1" 200 76991 "https://intranet.mannsmith.harrison.com/wp-content/plugins/wpdiscuz/assets/third-party/font-awesome-5.13.0/css/fa.min.css?ver=7.0.4" "Mozilla/5.0 (X11; Ubuntu; Linux x86_64; rv:86.0) Gecko/20100101 Firefox/86.0"
192.168.131.55 - - [04/Feb/2022:07:52:28 +0000] "GET /favicon.ico HTTP/1.1" 404 418 "https://intranet.mannsmith.harrison.com/?p=5" "Mozilla/5.0 (X11; Ubuntu; Linux x86_64; rv:86.0) Gecko/20100101 Firefox/86.0"
::1 - - [04/Feb/2022:07:52:33 +0000] "OPTIONS * HTTP/1.0" 200 110 "-" "Apache/2.4.29 (Ubuntu) OpenSSL/1.1.1 (internal dummy connection)"
192.168.131.55 - - [04/Feb/2022:07:56:03 +0000] "GET /wp-content/plugins/wpdiscuz/assets/img/loading.gif HTTP/1.1" 200 4069 "https://intranet.mannsmith.harrison.com/wp-content/plugins/wpdiscuz/themes/default/style.css?ver=7.0.4" "Mozilla/5.0 (X11; Ubuntu; Linux x86_64; rv:86.0) Gecko/20100101 Firefox/86.0"
192.168.131.55 - - [04/Feb/2022:07:56:03 +0000] "POST /wp-admin/admin-ajax.php HTTP/1.1" 200 5529 "https://intranet.mannsmith.harrison.com/?p=5" "Mozilla/5.0 (X11; Ubuntu; Linux x86_64; rv:86.0) Gecko/20100101 Firefox/86.0"
192.168.131.55 - - [04/Feb/2022:07:56:03 +0000] "POST /wp-admin/admin-ajax.php HTTP/1.1" 200 546 "https://intranet.mannsmith.harrison.com/?p=5" "Mozilla/5.0 (X11; Ubuntu; Linux x86_64; rv:86.0) Gecko/20100101 Firefox/86.0"
192.168.131.55 - - [04/Feb/2022:07:57:08 +0000] "POST /wp-admin/admin-ajax.php HTTP/1.1" 200 5602 "https://intranet.mannsmith.harrison.com/?p=5" "Mozilla/5.0 (X11; Ubuntu; Linux x86_64; rv:86.0) Gecko/20100101 Firefox/86.0"
192.168.131.55 - - [04/Feb/2022:07:57:09 +0000] "POST /wp-admin/admin-ajax.php HTTP/1.1" 200 546 "https://intranet.mannsmith.harrison.com/?p=5" "Mozilla/5.0 (X11; Ubuntu; Linux x86_64; rv:86.0) Gecko/20100101 Firefox/86.0"
192.168.131.55 - - [04/Feb/2022:07:57:37 +0000] "GET / HTTP/1.1" 200 8096 "-" "Mozilla/5.0 (X11; Ubuntu; Linux x86_64; rv:86.0) Gecko/20100101 Firefox/86.0"
192.168.131.55 - - [04/Feb/2022:08:00:29 +0000] "GET /?p=5 HTTP/1.1" 200 20982 "-" "Mozilla/5.0 (X11; Ubuntu; Linux x86_64; rv:86.0) Gecko/20100101 Firefox/86.0"
192.168.131.55 - - [04/Feb/2022:08:00:30 +0000] "GET /wp-includes/css/dist/block-library/style.min.css?ver=5.9 HTTP/1.1" 200 9871 "https://intranet.mannsmith.harrison.com/?p=5" "Mozilla/5.0 (X11; Ubuntu; Linux x86_64; rv:86.0) Gecko/20100101 Firefox/86.0"
192.168.131.55 - - [04/Feb/2022:08:02:38 +0000] "GET / HTTP/1.1" 200 8096 "-" "Mozilla/5.0 (X11; Ubuntu; Linux x86_64; rv:86.0) Gecko/20100101 Firefox/86.0"
10.237.1.238 - - [04/Feb/2022:08:35:34 +0000] "GET / HTTP/1.1" 200 8096 "-" "Mozilla/5.0 (X11; Ubuntu; Linux x86_64; rv:86.0) Gecko/20100101 Firefox/86.0"
10.237.1.238 - - [04/Feb/2022:08:35:34 +0000] "GET /wp-content/themes/go/dist/css/design-styles/style-traditional.min.css?ver=1.5.3 HTTP/1.1" 200 1412 "http://intranet.mannsmith.harrison.com/" "Mozilla/5.0 (X11; Ubuntu; Linux x86_64; rv:86.0) Gecko/20100101 Firefox/86.0"
10.237.1.238 - - [04/Feb/2022:08:35:34 +0000] "GET /wp-includes/css/dist/block-library/style.min.css?ver=5.9 HTTP/1.1" 200 11229 "http://intranet.mannsmith.harrison.com/" "Mozilla/5.0 (X11; Ubuntu; Linux x86_64; rv:86.0) Gecko/20100101 Firefox/86.0"
10.237.1.238 - - [04/Feb/2022:08:35:34 +0000] "GET /wp-includes/js/wp-emoji-release.min.js?ver=5.9 HTTP/1.1" 200 5266 "http://intranet.mannsmith.harrison.com/" "Mozilla/5.0 (X11; Ubuntu; Linux x86_64; rv:86.0) Gecko/20100101 Firefox/86.0"
10.237.1.238 - - [04/Feb/2022:08:35:34 +0000] "GET /wp-content/themes/go/dist/js/frontend.min.js?ver=1.5.3 HTTP/1.1" 200 2916 "http://intranet.mannsmith.harrison.com/" "Mozilla/5.0 (X11; Ubuntu; Linux x86_64; rv:86.0) Gecko/20100101 Firefox/86.0"
10.237.1.238 - - [04/Feb/2022:08:35:34 +0000] "GET /wp-content/themes/go/dist/css/style-shared.min.css?ver=1.5.3 HTTP/1.1" 200 23204 "http://intranet.mannsmith.harrison.com/" "Mozilla/5.0 (X11; Ubuntu; Linux x86_64; rv:86.0) Gecko/20100101 Firefox/86.0"
10.237.1.238 - - [04/Feb/2022:08:35:35 +0000] "GET /favicon.ico HTTP/1.1" 404 396 "http://intranet.mannsmith.harrison.com/" "Mozilla/5.0 (X11; Ubuntu; Linux x86_64; rv:86.0) Gecko/20100101 Firefox/86.0"
192.168.131.215 - - [04/Feb/2022:08:35:36 +0000] "POST /wp-cron.php HTTP/1.1" 200 150 "-" "WordPress/5.9; https://intranet.mannsmith.harrison.com"
192.168.131.215 - - [04/Feb/2022:08:35:36 +0000] "GET / HTTP/1.1" 200 10533 "-" "WordPress/5.9; https://intranet.mannsmith.harrison.com"
192.168.131.215 - - [04/Feb/2022:08:35:37 +0000] "GET / HTTP/1.1" 200 10533 "-" "WordPress/5.9; https://intranet.mannsmith.harrison.com"
192.168.131.215 - - [04/Feb/2022:08:35:34 +0000] "POST /wp-cron.php?doing_wp_cron=1643963734.4128570556640625000000 HTTP/1.1" 200 150 "-" "WordPress/5.9; https://intranet.mannsmith.harrison.com"
::1 - - [04/Feb/2022:08:35:40 +0000] "OPTIONS * HTTP/1.0" 200 110 "-" "Apache/2.4.29 (Ubuntu) OpenSSL/1.1.1 (internal dummy connection)"
192.168.129.2 - - [04/Feb/2022:08:51:31 +0000] "GET / HTTP/1.1" 200 8096 "-" "Mozilla/5.0 (X11; Linux x86_64) AppleWebKit/537.36 (KHTML, like Gecko) HeadlessChrome/97.0.4692.71 Safari/537.36"
192.168.129.2 - - [04/Feb/2022:08:51:32 +0000] "GET /wp-content/themes/go/dist/css/design-styles/style-traditional.min.css?ver=1.5.3 HTTP/1.1" 200 1412 "http://intranet.mannsmith.harrison.com/" "Mozilla/5.0 (X11; Linux x86_64) AppleWebKit/537.36 (KHTML, like Gecko) HeadlessChrome/97.0.4692.71 Safari/537.36"
192.168.129.2 - - [04/Feb/2022:08:51:32 +0000] "GET /wp-content/themes/go/dist/js/frontend.min.js?ver=1.5.3 HTTP/1.1" 200 2916 "http://intranet.mannsmith.harrison.com/" "Mozilla/5.0 (X11; Linux x86_64) AppleWebKit/537.36 (KHTML, like Gecko) HeadlessChrome/97.0.4692.71 Safari/537.36"
192.168.129.2 - - [04/Feb/2022:08:51:32 +0000] "GET /wp-includes/css/dist/block-library/style.min.css?ver=5.9 HTTP/1.1" 200 11229 "http://intranet.mannsmith.harrison.com/" "Mozilla/5.0 (X11; Linux x86_64) AppleWebKit/537.36 (KHTML, like Gecko) HeadlessChrome/97.0.4692.71 Safari/537.36"
192.168.129.2 - - [04/Feb/2022:08:51:32 +0000] "GET /wp-content/themes/go/dist/css/style-shared.min.css?ver=1.5.3 HTTP/1.1" 200 23204 "http://intranet.mannsmith.harrison.com/" "Mozilla/5.0 (X11; Linux x86_64) AppleWebKit/537.36 (KHTML, like Gecko) HeadlessChrome/97.0.4692.71 Safari/537.36"
192.168.129.2 - - [04/Feb/2022:08:51:32 +0000] "GET /wp-includes/js/wp-emoji-release.min.js?ver=5.9 HTTP/1.1" 200 5265 "http://intranet.mannsmith.harrison.com/" "Mozilla/5.0 (X11; Linux x86_64) AppleWebKit/537.36 (KHTML, like Gecko) HeadlessChrome/97.0.4692.71 Safari/537.36"
192.168.131.55 - - [04/Feb/2022:08:53:54 +0000] "GET / HTTP/1.1" 200 8096 "-" "Mozilla/5.0 (X11; Ubuntu; Linux x86_64; rv:86.0) Gecko/20100101 Firefox/86.0"
192.168.131.55 - - [04/Feb/2022:08:53:54 +0000] "GET /wp-content/themes/go/dist/css/style-shared.min.css?ver=1.5.3 HTTP/1.1" 200 4194 "http://intranet.mannsmith.harrison.com/" "Mozilla/5.0 (X11; Ubuntu; Linux x86_64; rv:86.0) Gecko/20100101 Firefox/86.0"
10.237.1.238 - - [04/Feb/2022:08:56:18 +0000] "GET / HTTP/1.1" 200 8096 "-" "Mozilla/5.0 (X11; Ubuntu; Linux x86_64; rv:86.0) Gecko/20100101 Firefox/86.0"
192.168.129.2 - - [04/Feb/2022:08:56:39 +0000] "GET /?p=5 HTTP/1.1" 200 22748 "-" "Mozilla/5.0 (X11; Linux x86_64) AppleWebKit/537.36 (KHTML, like Gecko) HeadlessChrome/97.0.4692.71 Safari/537.36"
192.168.129.2 - - [04/Feb/2022:08:56:39 +0000] "GET /wp-includes/css/dist/block-library/style.min.css?ver=5.9 HTTP/1.1" 200 11317 "https://intranet.mannsmith.harrison.com/?p=5" "Mozilla/5.0 (X11; Linux x86_64) AppleWebKit/537.36 (KHTML, like Gecko) HeadlessChrome/97.0.4692.71 Safari/537.36"
192.168.129.2 - - [04/Feb/2022:08:56:39 +0000] "GET /wp-content/plugins/wpdiscuz/assets/third-party/font-awesome-5.13.0/css/fa.min.css?ver=7.0.4 HTTP/1.1" 200 3464 "https://intranet.mannsmith.harrison.com/?p=5" "Mozilla/5.0 (X11; Linux x86_64) AppleWebKit/537.36 (KHTML, like Gecko) HeadlessChrome/97.0.4692.71 Safari/537.36"
192.168.129.2 - - [04/Feb/2022:08:56:39 +0000] "GET /wp-content/plugins/wpdiscuz/assets/css/wpdiscuz-combo.min.css?ver=5.9 HTTP/1.1" 200 7375 "https://intranet.mannsmith.harrison.com/?p=5" "Mozilla/5.0 (X11; Linux x86_64) AppleWebKit/537.36 (KHTML, like Gecko) HeadlessChrome/97.0.4692.71 Safari/537.36"
192.168.129.2 - - [04/Feb/2022:08:56:39 +0000] "GET /wp-content/themes/go/dist/css/design-styles/style-traditional.min.css?ver=1.5.3 HTTP/1.1" 200 1433 "https://intranet.mannsmith.harrison.com/?p=5" "Mozilla/5.0 (X11; Linux x86_64) AppleWebKit/537.36 (KHTML, like Gecko) HeadlessChrome/97.0.4692.71 Safari/537.36"
192.168.129.2 - - [04/Feb/2022:08:56:39 +0000] "GET /wp-includes/js/jquery/jquery-migrate.min.js?ver=3.3.2 HTTP/1.1" 200 4570 "https://intranet.mannsmith.harrison.com/?p=5" "Mozilla/5.0 (X11; Linux x86_64) AppleWebKit/537.36 (KHTML, like Gecko) HeadlessChrome/97.0.4692.71 Safari/537.36"
192.168.129.2 - - [04/Feb/2022:08:56:39 +0000] "GET /wp-content/plugins/wpdiscuz/themes/default/style.css?ver=7.0.4 HTTP/1.1" 200 20302 "https://intranet.mannsmith.harrison.com/?p=5" "Mozilla/5.0 (X11; Linux x86_64) AppleWebKit/537.36 (KHTML, like Gecko) HeadlessChrome/97.0.4692.71 Safari/537.36"
192.168.129.2 - - [04/Feb/2022:08:56:39 +0000] "GET /wp-content/themes/go/dist/css/style-shared.min.css?ver=1.5.3 HTTP/1.1" 200 23313 "https://intranet.mannsmith.harrison.com/?p=5" "Mozilla/5.0 (X11; Linux x86_64) AppleWebKit/537.36 (KHTML, like Gecko) HeadlessChrome/97.0.4692.71 Safari/537.36"
192.168.129.2 - - [04/Feb/2022:08:56:39 +0000] "GET /wp-includes/js/jquery/jquery.min.js?ver=3.6.0 HTTP/1.1" 200 31377 "https://intranet.mannsmith.harrison.com/?p=5" "Mozilla/5.0 (X11; Linux x86_64) AppleWebKit/537.36 (KHTML, like Gecko) HeadlessChrome/97.0.4692.71 Safari/537.36"
192.168.129.2 - - [04/Feb/2022:08:56:39 +0000] "GET /wp-includes/js/comment-reply.min.js?ver=5.9 HTTP/1.1" 200 1701 "https://intranet.mannsmith.harrison.com/?p=5" "Mozilla/5.0 (X11; Linux x86_64) AppleWebKit/537.36 (KHTML, like Gecko) HeadlessChrome/97.0.4692.71 Safari/537.36"
192.168.129.2 - - [04/Feb/2022:08:56:39 +0000] "GET /wp-content/themes/go/dist/js/frontend.min.js?ver=1.5.3 HTTP/1.1" 200 2981 "https://intranet.mannsmith.harrison.com/?p=5" "Mozilla/5.0 (X11; Linux x86_64) AppleWebKit/537.36 (KHTML, like Gecko) HeadlessChrome/97.0.4692.71 Safari/537.36"
192.168.129.2 - - [04/Feb/2022:08:56:39 +0000] "GET /wp-content/plugins/wpdiscuz/assets/js/wpdiscuz-combo.min.js?ver=7.0.4 HTTP/1.1" 200 71266 "https://intranet.mannsmith.harrison.com/?p=5" "Mozilla/5.0 (X11; Linux x86_64) AppleWebKit/537.36 (KHTML, like Gecko) HeadlessChrome/97.0.4692.71 Safari/537.36"
192.168.129.2 - - [04/Feb/2022:08:56:39 +0000] "GET /wp-includes/js/wp-emoji-release.min.js?ver=5.9 HTTP/1.1" 200 5331 "https://intranet.mannsmith.harrison.com/?p=5" "Mozilla/5.0 (X11; Linux x86_64) AppleWebKit/537.36 (KHTML, like Gecko) HeadlessChrome/97.0.4692.71 Safari/537.36"
192.168.129.2 - - [04/Feb/2022:08:56:40 +0000] "GET /wp-content/plugins/wpdiscuz/themes/default/css/fonts/sqr721c-webfont.woff2 HTTP/1.1" 200 18908 "https://intranet.mannsmith.harrison.com/wp-content/plugins/wpdiscuz/themes/default/style.css?ver=7.0.4" "Mozilla/5.0 (X11; Linux x86_64) AppleWebKit/537.36 (KHTML, like Gecko) HeadlessChrome/97.0.4692.71 Safari/537.36"
192.168.129.2 - - [04/Feb/2022:08:56:40 +0000] "GET /wp-content/plugins/wpdiscuz/assets/third-party/font-awesome-5.13.0/webfonts/fa-regular-400.woff2 HTTP/1.1" 200 13874 "https://intranet.mannsmith.harrison.com/wp-content/plugins/wpdiscuz/assets/third-party/font-awesome-5.13.0/css/fa.min.css?ver=7.0.4" "Mozilla/5.0 (X11; Linux x86_64) AppleWebKit/537.36 (KHTML, like Gecko) HeadlessChrome/97.0.4692.71 Safari/537.36"
192.168.129.2 - - [04/Feb/2022:08:56:40 +0000] "GET /wp-content/plugins/wpdiscuz/assets/third-party/font-awesome-5.13.0/webfonts/fa-solid-900.woff2 HTTP/1.1" 200 79823 "https://intranet.mannsmith.harrison.com/wp-content/plugins/wpdiscuz/assets/third-party/font-awesome-5.13.0/css/fa.min.css?ver=7.0.4" "Mozilla/5.0 (X11; Linux x86_64) AppleWebKit/537.36 (KHTML, like Gecko) HeadlessChrome/97.0.4692.71 Safari/537.36"
192.168.129.2 - - [04/Feb/2022:08:56:40 +0000] "GET /wp-content/plugins/wpdiscuz/assets/third-party/font-awesome-5.13.0/webfonts/fa-brands-400.woff2 HTTP/1.1" 200 76991 "https://intranet.mannsmith.harrison.com/wp-content/plugins/wpdiscuz/assets/third-party/font-awesome-5.13.0/css/fa.min.css?ver=7.0.4" "Mozilla/5.0 (X11; Linux x86_64) AppleWebKit/537.36 (KHTML, like Gecko) HeadlessChrome/97.0.4692.71 Safari/537.36"
192.168.129.2 - - [04/Feb/2022:08:56:59 +0000] "-" 408 3014 "-" "-"
192.168.129.2 - - [04/Feb/2022:08:56:59 +0000] "-" 408 3014 "-" "-"
::1 - - [04/Feb/2022:08:57:02 +0000] "OPTIONS * HTTP/1.0" 200 110 "-" "Apache/2.4.29 (Ubuntu) OpenSSL/1.1.1 (internal dummy connection)"
10.237.1.238 - - [04/Feb/2022:08:57:50 +0000] "GET /?p=5 HTTP/1.1" 200 23259 "-" "Mozilla/5.0 (X11; Ubuntu; Linux x86_64; rv:86.0) Gecko/20100101 Firefox/86.0"
10.237.1.238 - - [04/Feb/2022:08:57:50 +0000] "GET /wp-includes/css/dist/block-library/style.min.css?ver=5.9 HTTP/1.1" 200 11317 "https://intranet.mannsmith.harrison.com/?p=5" "Mozilla/5.0 (X11; Ubuntu; Linux x86_64; rv:86.0) Gecko/20100101 Firefox/86.0"
10.237.1.238 - - [04/Feb/2022:08:57:50 +0000] "GET /wp-content/plugins/wpdiscuz/themes/default/style.css?ver=7.0.4 HTTP/1.1" 200 19726 "https://intranet.mannsmith.harrison.com/?p=5" "Mozilla/5.0 (X11; Ubuntu; Linux x86_64; rv:86.0) Gecko/20100101 Firefox/86.0"
10.237.1.238 - - [04/Feb/2022:08:57:50 +0000] "GET /wp-content/plugins/wpdiscuz/assets/third-party/font-awesome-5.13.0/css/fa.min.css?ver=7.0.4 HTTP/1.1" 200 2888 "https://intranet.mannsmith.harrison.com/?p=5" "Mozilla/5.0 (X11; Ubuntu; Linux x86_64; rv:86.0) Gecko/20100101 Firefox/86.0"
10.237.1.238 - - [04/Feb/2022:08:57:50 +0000] "GET /wp-includes/js/jquery/jquery-migrate.min.js?ver=3.3.2 HTTP/1.1" 200 5146 "https://intranet.mannsmith.harrison.com/?p=5" "Mozilla/5.0 (X11; Ubuntu; Linux x86_64; rv:86.0) Gecko/20100101 Firefox/86.0"
10.237.1.238 - - [04/Feb/2022:08:57:50 +0000] "GET /wp-content/themes/go/dist/css/design-styles/style-traditional.min.css?ver=1.5.3 HTTP/1.1" 200 2009 "https://intranet.mannsmith.harrison.com/?p=5" "Mozilla/5.0 (X11; Ubuntu; Linux x86_64; rv:86.0) Gecko/20100101 Firefox/86.0"
10.237.1.238 - - [04/Feb/2022:08:57:50 +0000] "GET /wp-includes/js/wp-emoji-release.min.js?ver=5.9 HTTP/1.1" 200 5331 "https://intranet.mannsmith.harrison.com/?p=5" "Mozilla/5.0 (X11; Ubuntu; Linux x86_64; rv:86.0) Gecko/20100101 Firefox/86.0"
10.237.1.238 - - [04/Feb/2022:08:57:50 +0000] "GET /wp-content/plugins/wpdiscuz/assets/css/wpdiscuz-combo.min.css?ver=5.9 HTTP/1.1" 200 7375 "https://intranet.mannsmith.harrison.com/?p=5" "Mozilla/5.0 (X11; Ubuntu; Linux x86_64; rv:86.0) Gecko/20100101 Firefox/86.0"
10.237.1.238 - - [04/Feb/2022:08:57:50 +0000] "GET /wp-includes/js/comment-reply.min.js?ver=5.9 HTTP/1.1" 200 1701 "https://intranet.mannsmith.harrison.com/?p=5" "Mozilla/5.0 (X11; Ubuntu; Linux x86_64; rv:86.0) Gecko/20100101 Firefox/86.0"
10.237.1.238 - - [04/Feb/2022:08:57:50 +0000] "GET /wp-content/themes/go/dist/js/frontend.min.js?ver=1.5.3 HTTP/1.1" 200 2981 "https://intranet.mannsmith.harrison.com/?p=5" "Mozilla/5.0 (X11; Ubuntu; Linux x86_64; rv:86.0) Gecko/20100101 Firefox/86.0"
10.237.1.238 - - [04/Feb/2022:08:57:50 +0000] "GET /wp-content/themes/go/dist/css/style-shared.min.css?ver=1.5.3 HTTP/1.1" 200 23889 "https://intranet.mannsmith.harrison.com/?p=5" "Mozilla/5.0 (X11; Ubuntu; Linux x86_64; rv:86.0) Gecko/20100101 Firefox/86.0"
10.237.1.238 - - [04/Feb/2022:08:57:50 +0000] "GET /wp-includes/js/jquery/jquery.min.js?ver=3.6.0 HTTP/1.1" 200 31953 "https://intranet.mannsmith.harrison.com/?p=5" "Mozilla/5.0 (X11; Ubuntu; Linux x86_64; rv:86.0) Gecko/20100101 Firefox/86.0"
10.237.1.238 - - [04/Feb/2022:08:57:50 +0000] "GET /wp-content/plugins/wpdiscuz/assets/js/wpdiscuz-combo.min.js?ver=7.0.4 HTTP/1.1" 200 71266 "https://intranet.mannsmith.harrison.com/?p=5" "Mozilla/5.0 (X11; Ubuntu; Linux x86_64; rv:86.0) Gecko/20100101 Firefox/86.0"
10.237.1.238 - - [04/Feb/2022:08:57:51 +0000] "GET /wp-content/plugins/wpdiscuz/themes/default/css/fonts/sqr721c-webfont.woff2 HTTP/1.1" 200 18908 "https://intranet.mannsmith.harrison.com/wp-content/plugins/wpdiscuz/themes/default/style.css?ver=7.0.4" "Mozilla/5.0 (X11; Ubuntu; Linux x86_64; rv:86.0) Gecko/20100101 Firefox/86.0"
10.237.1.238 - - [04/Feb/2022:08:57:51 +0000] "GET /wp-content/plugins/wpdiscuz/assets/third-party/font-awesome-5.13.0/webfonts/fa-regular-400.woff2 HTTP/1.1" 200 13874 "https://intranet.mannsmith.harrison.com/wp-content/plugins/wpdiscuz/assets/third-party/font-awesome-5.13.0/css/fa.min.css?ver=7.0.4" "Mozilla/5.0 (X11; Ubuntu; Linux x86_64; rv:86.0) Gecko/20100101 Firefox/86.0"
10.237.1.238 - - [04/Feb/2022:08:57:51 +0000] "GET /wp-content/plugins/wpdiscuz/assets/third-party/font-awesome-5.13.0/webfonts/fa-solid-900.woff2 HTTP/1.1" 200 79823 "https://intranet.mannsmith.harrison.com/wp-content/plugins/wpdiscuz/assets/third-party/font-awesome-5.13.0/css/fa.min.css?ver=7.0.4" "Mozilla/5.0 (X11; Ubuntu; Linux x86_64; rv:86.0) Gecko/20100101 Firefox/86.0"
10.237.1.238 - - [04/Feb/2022:08:57:51 +0000] "GET /wp-content/plugins/wpdiscuz/assets/third-party/font-awesome-5.13.0/webfonts/fa-brands-400.woff2 HTTP/1.1" 200 76991 "https://intranet.mannsmith.harrison.com/wp-content/plugins/wpdiscuz/assets/third-party/font-awesome-5.13.0/css/fa.min.css?ver=7.0.4" "Mozilla/5.0 (X11; Ubuntu; Linux x86_64; rv:86.0) Gecko/20100101 Firefox/86.0"
10.237.1.238 - - [04/Feb/2022:08:57:51 +0000] "GET /favicon.ico HTTP/1.1" 404 418 "https://intranet.mannsmith.harrison.com/?p=5" "Mozilla/5.0 (X11; Ubuntu; Linux x86_64; rv:86.0) Gecko/20100101 Firefox/86.0"
::1 - - [04/Feb/2022:08:57:57 +0000] "OPTIONS * HTTP/1.0" 200 110 "-" "Apache/2.4.29 (Ubuntu) OpenSSL/1.1.1 (internal dummy connection)"
192.168.129.2 - - [04/Feb/2022:09:01:02 +0000] "GET /wp-content/plugins/wpdiscuz/assets/img/loading.gif HTTP/1.1" 200 4069 "https://intranet.mannsmith.harrison.com/wp-content/plugins/wpdiscuz/themes/default/style.css?ver=7.0.4" "Mozilla/5.0 (X11; Linux x86_64) AppleWebKit/537.36 (KHTML, like Gecko) HeadlessChrome/97.0.4692.71 Safari/537.36"
192.168.129.2 - - [04/Feb/2022:09:01:02 +0000] "POST /wp-admin/admin-ajax.php HTTP/1.1" 200 1236 "https://intranet.mannsmith.harrison.com/?p=5" "Mozilla/5.0 (X11; Linux x86_64) AppleWebKit/537.36 (KHTML, like Gecko) HeadlessChrome/97.0.4692.71 Safari/537.36"
192.168.129.2 - - [04/Feb/2022:09:01:09 +0000] "POST /wp-admin/admin-ajax.php HTTP/1.1" 200 1234 "https://intranet.mannsmith.harrison.com/?p=5" "Mozilla/5.0 (X11; Linux x86_64) AppleWebKit/537.36 (KHTML, like Gecko) HeadlessChrome/97.0.4692.71 Safari/537.36"
192.168.129.2 - - [04/Feb/2022:09:01:15 +0000] "POST /wp-admin/admin-ajax.php HTTP/1.1" 200 1236 "https://intranet.mannsmith.harrison.com/?p=5" "Mozilla/5.0 (X11; Linux x86_64) AppleWebKit/537.36 (KHTML, like Gecko) HeadlessChrome/97.0.4692.71 Safari/537.36"
192.168.129.2 - - [04/Feb/2022:09:01:23 +0000] "GET / HTTP/1.1" 200 8096 "-" "Mozilla/5.0 (X11; Linux x86_64) AppleWebKit/537.36 (KHTML, like Gecko) HeadlessChrome/97.0.4692.71 Safari/537.36"
10.237.1.238 - - [04/Feb/2022:09:03:04 +0000] "GET /wp-content/plugins/wpdiscuz/assets/img/loading.gif HTTP/1.1" 200 6508 "https://intranet.mannsmith.harrison.com/wp-content/plugins/wpdiscuz/themes/default/style.css?ver=7.0.4" "Mozilla/5.0 (X11; Ubuntu; Linux x86_64; rv:86.0) Gecko/20100101 Firefox/86.0"
10.237.1.238 - - [04/Feb/2022:09:03:04 +0000] "POST /wp-admin/admin-ajax.php HTTP/1.1" 200 7934 "https://intranet.mannsmith.harrison.com/?p=5" "Mozilla/5.0 (X11; Ubuntu; Linux x86_64; rv:86.0) Gecko/20100101 Firefox/86.0"
10.237.1.238 - - [04/Feb/2022:09:03:04 +0000] "POST /wp-admin/admin-ajax.php HTTP/1.1" 200 546 "https://intranet.mannsmith.harrison.com/?p=5" "Mozilla/5.0 (X11; Ubuntu; Linux x86_64; rv:86.0) Gecko/20100101 Firefox/86.0"
10.237.1.238 - - [04/Feb/2022:09:04:26 +0000] "POST /wp-admin/admin-ajax.php HTTP/1.1" 200 5473 "https://intranet.mannsmith.harrison.com/?p=5" "Mozilla/5.0 (X11; Ubuntu; Linux x86_64; rv:86.0) Gecko/20100101 Firefox/86.0"
10.237.1.238 - - [04/Feb/2022:09:04:27 +0000] "POST /wp-admin/admin-ajax.php HTTP/1.1" 200 546 "https://intranet.mannsmith.harrison.com/?p=5" "Mozilla/5.0 (X11; Ubuntu; Linux x86_64; rv:86.0) Gecko/20100101 Firefox/86.0"
10.237.1.238 - - [04/Feb/2022:09:05:44 +0000] "POST /wp-admin/admin-ajax.php HTTP/1.1" 200 5733 "https://intranet.mannsmith.harrison.com/?p=5" "Mozilla/5.0 (X11; Ubuntu; Linux x86_64; rv:86.0) Gecko/20100101 Firefox/86.0"
10.237.1.238 - - [04/Feb/2022:09:05:44 +0000] "POST /wp-admin/admin-ajax.php HTTP/1.1" 200 546 "https://intranet.mannsmith.harrison.com/?p=5" "Mozilla/5.0 (X11; Ubuntu; Linux x86_64; rv:86.0) Gecko/20100101 Firefox/86.0"
10.237.1.238 - - [04/Feb/2022:09:06:44 +0000] "POST /wp-admin/admin-ajax.php HTTP/1.1" 200 5473 "https://intranet.mannsmith.harrison.com/?p=5" "Mozilla/5.0 (X11; Ubuntu; Linux x86_64; rv:86.0) Gecko/20100101 Firefox/86.0"
10.237.1.238 - - [04/Feb/2022:09:06:44 +0000] "POST /wp-admin/admin-ajax.php HTTP/1.1" 200 546 "https://intranet.mannsmith.harrison.com/?p=5" "Mozilla/5.0 (X11; Ubuntu; Linux x86_64; rv:86.0) Gecko/20100101 Firefox/86.0"
10.237.1.238 - - [04/Feb/2022:09:07:51 +0000] "POST /wp-admin/admin-ajax.php HTTP/1.1" 200 5573 "https://intranet.mannsmith.harrison.com/?p=5" "Mozilla/5.0 (X11; Ubuntu; Linux x86_64; rv:86.0) Gecko/20100101 Firefox/86.0"
10.237.1.238 - - [04/Feb/2022:09:07:51 +0000] "POST /wp-admin/admin-ajax.php HTTP/1.1" 200 546 "https://intranet.mannsmith.harrison.com/?p=5" "Mozilla/5.0 (X11; Ubuntu; Linux x86_64; rv:86.0) Gecko/20100101 Firefox/86.0"
10.237.1.238 - - [04/Feb/2022:09:07:58 +0000] "GET /wp-admin/ HTTP/1.1" 302 370 "-" "Mozilla/5.0 (X11; Ubuntu; Linux x86_64; rv:86.0) Gecko/20100101 Firefox/86.0"
10.237.1.238 - - [04/Feb/2022:09:07:58 +0000] "GET /wp-admin/ HTTP/1.1" 302 3490 "-" "Mozilla/5.0 (X11; Ubuntu; Linux x86_64; rv:86.0) Gecko/20100101 Firefox/86.0"
10.237.1.238 - - [04/Feb/2022:09:07:58 +0000] "GET /wp-login.php?redirect_to=https%3A%2F%2Fintranet.mannsmith.harrison.com%2Fwp-admin%2F&reauth=1 HTTP/1.1" 200 4627 "-" "Mozilla/5.0 (X11; Ubuntu; Linux x86_64; rv:86.0) Gecko/20100101 Firefox/86.0"
10.237.1.238 - - [04/Feb/2022:09:07:59 +0000] "GET /wp-includes/css/dashicons.min.css?ver=5.9 HTTP/1.1" 200 36206 "https://intranet.mannsmith.harrison.com/wp-login.php?redirect_to=https%3A%2F%2Fintranet.mannsmith.harrison.com%2Fwp-admin%2F&reauth=1" "Mozilla/5.0 (X11; Ubuntu; Linux x86_64; rv:86.0) Gecko/20100101 Firefox/86.0"
10.237.1.238 - - [04/Feb/2022:09:07:59 +0000] "GET /wp-includes/css/buttons.min.css?ver=5.9 HTTP/1.1" 200 1796 "https://intranet.mannsmith.harrison.com/wp-login.php?redirect_to=https%3A%2F%2Fintranet.mannsmith.harrison.com%2Fwp-admin%2F&reauth=1" "Mozilla/5.0 (X11; Ubuntu; Linux x86_64; rv:86.0) Gecko/20100101 Firefox/86.0"
10.237.1.238 - - [04/Feb/2022:09:07:59 +0000] "GET /wp-admin/css/forms.min.css?ver=5.9 HTTP/1.1" 200 7174 "https://intranet.mannsmith.harrison.com/wp-login.php?redirect_to=https%3A%2F%2Fintranet.mannsmith.harrison.com%2Fwp-admin%2F&reauth=1" "Mozilla/5.0 (X11; Ubuntu; Linux x86_64; rv:86.0) Gecko/20100101 Firefox/86.0"
10.237.1.238 - - [04/Feb/2022:09:07:59 +0000] "GET /wp-includes/js/zxcvbn-async.min.js?ver=1.0 HTTP/1.1" 200 611 "https://intranet.mannsmith.harrison.com/wp-login.php?redirect_to=https%3A%2F%2Fintranet.mannsmith.harrison.com%2Fwp-admin%2F&reauth=1" "Mozilla/5.0 (X11; Ubuntu; Linux x86_64; rv:86.0) Gecko/20100101 Firefox/86.0"
10.237.1.238 - - [04/Feb/2022:09:07:59 +0000] "GET /wp-admin/css/l10n.min.css?ver=5.9 HTTP/1.1" 200 1603 "https://intranet.mannsmith.harrison.com/wp-login.php?redirect_to=https%3A%2F%2Fintranet.mannsmith.harrison.com%2Fwp-admin%2F&reauth=1" "Mozilla/5.0 (X11; Ubuntu; Linux x86_64; rv:86.0) Gecko/20100101 Firefox/86.0"
10.237.1.238 - - [04/Feb/2022:09:07:59 +0000] "GET /wp-admin/css/login.min.css?ver=5.9 HTTP/1.1" 200 3120 "https://intranet.mannsmith.harrison.com/wp-login.php?redirect_to=https%3A%2F%2Fintranet.mannsmith.harrison.com%2Fwp-admin%2F&reauth=1" "Mozilla/5.0 (X11; Ubuntu; Linux x86_64; rv:86.0) Gecko/20100101 Firefox/86.0"
10.237.1.238 - - [04/Feb/2022:09:07:59 +0000] "GET /wp-includes/js/dist/vendor/regenerator-runtime.min.js?ver=0.13.9 HTTP/1.1" 200 2823 "https://intranet.mannsmith.harrison.com/wp-login.php?redirect_to=https%3A%2F%2Fintranet.mannsmith.harrison.com%2Fwp-admin%2F&reauth=1" "Mozilla/5.0 (X11; Ubuntu; Linux x86_64; rv:86.0) Gecko/20100101 Firefox/86.0"
10.237.1.238 - - [04/Feb/2022:09:07:59 +0000] "GET /wp-includes/js/jquery/jquery.min.js?ver=3.6.0 HTTP/1.1" 200 31953 "https://intranet.mannsmith.harrison.com/wp-login.php?redirect_to=https%3A%2F%2Fintranet.mannsmith.harrison.com%2Fwp-admin%2F&reauth=1" "Mozilla/5.0 (X11; Ubuntu; Linux x86_64; rv:86.0) Gecko/20100101 Firefox/86.0"
10.237.1.238 - - [04/Feb/2022:09:07:59 +0000] "GET /wp-includes/js/jquery/jquery-migrate.min.js?ver=3.3.2 HTTP/1.1" 200 5146 "https://intranet.mannsmith.harrison.com/wp-login.php?redirect_to=https%3A%2F%2Fintranet.mannsmith.harrison.com%2Fwp-admin%2F&reauth=1" "Mozilla/5.0 (X11; Ubuntu; Linux x86_64; rv:86.0) Gecko/20100101 Firefox/86.0"
10.237.1.238 - - [04/Feb/2022:09:07:59 +0000] "GET /wp-includes/js/dist/hooks.min.js?ver=1e58c8c5a32b2e97491080c5b10dc71c HTTP/1.1" 200 2270 "https://intranet.mannsmith.harrison.com/wp-login.php?redirect_to=https%3A%2F%2Fintranet.mannsmith.harrison.com%2Fwp-admin%2F&reauth=1" "Mozilla/5.0 (X11; Ubuntu; Linux x86_64; rv:86.0) Gecko/20100101 Firefox/86.0"
10.237.1.238 - - [04/Feb/2022:09:07:59 +0000] "GET /wp-includes/js/dist/i18n.min.js?ver=30fcecb428a0e8383d3776bcdd3a7834 HTTP/1.1" 200 4369 "https://intranet.mannsmith.harrison.com/wp-login.php?redirect_to=https%3A%2F%2Fintranet.mannsmith.harrison.com%2Fwp-admin%2F&reauth=1" "Mozilla/5.0 (X11; Ubuntu; Linux x86_64; rv:86.0) Gecko/20100101 Firefox/86.0"
10.237.1.238 - - [04/Feb/2022:09:07:59 +0000] "GET /wp-includes/js/dist/vendor/wp-polyfill.min.js?ver=3.15.0 HTTP/1.1" 200 7414 "https://intranet.mannsmith.harrison.com/wp-login.php?redirect_to=https%3A%2F%2Fintranet.mannsmith.harrison.com%2Fwp-admin%2F&reauth=1" "Mozilla/5.0 (X11; Ubuntu; Linux x86_64; rv:86.0) Gecko/20100101 Firefox/86.0"
10.237.1.238 - - [04/Feb/2022:09:07:59 +0000] "GET /wp-admin/js/password-strength-meter.min.js?ver=5.9 HTTP/1.1" 200 976 "https://intranet.mannsmith.harrison.com/wp-login.php?redirect_to=https%3A%2F%2Fintranet.mannsmith.harrison.com%2Fwp-admin%2F&reauth=1" "Mozilla/5.0 (X11; Ubuntu; Linux x86_64; rv:86.0) Gecko/20100101 Firefox/86.0"
10.237.1.238 - - [04/Feb/2022:09:07:59 +0000] "GET /wp-includes/js/underscore.min.js?ver=1.13.1 HTTP/1.1" 200 7717 "https://intranet.mannsmith.harrison.com/wp-login.php?redirect_to=https%3A%2F%2Fintranet.mannsmith.harrison.com%2Fwp-admin%2F&reauth=1" "Mozilla/5.0 (X11; Ubuntu; Linux x86_64; rv:86.0) Gecko/20100101 Firefox/86.0"
10.237.1.238 - - [04/Feb/2022:09:07:59 +0000] "GET /wp-includes/js/wp-util.min.js?ver=5.9 HTTP/1.1" 200 1060 "https://intranet.mannsmith.harrison.com/wp-login.php?redirect_to=https%3A%2F%2Fintranet.mannsmith.harrison.com%2Fwp-admin%2F&reauth=1" "Mozilla/5.0 (X11; Ubuntu; Linux x86_64; rv:86.0) Gecko/20100101 Firefox/86.0"
10.237.1.238 - - [04/Feb/2022:09:07:59 +0000] "GET /wp-admin/js/user-profile.min.js?ver=5.9 HTTP/1.1" 200 2696 "https://intranet.mannsmith.harrison.com/wp-login.php?redirect_to=https%3A%2F%2Fintranet.mannsmith.harrison.com%2Fwp-admin%2F&reauth=1" "Mozilla/5.0 (X11; Ubuntu; Linux x86_64; rv:86.0) Gecko/20100101 Firefox/86.0"
10.237.1.238 - - [04/Feb/2022:09:07:59 +0000] "GET /wp-admin/images/wordpress-logo.svg?ver=20131107 HTTP/1.1" 200 1816 "https://intranet.mannsmith.harrison.com/wp-admin/css/login.min.css?ver=5.9" "Mozilla/5.0 (X11; Ubuntu; Linux x86_64; rv:86.0) Gecko/20100101 Firefox/86.0"
10.237.1.238 - - [04/Feb/2022:09:07:59 +0000] "GET /favicon.ico HTTP/1.1" 404 418 "https://intranet.mannsmith.harrison.com/wp-login.php?redirect_to=https%3A%2F%2Fintranet.mannsmith.harrison.com%2Fwp-admin%2F&reauth=1" "Mozilla/5.0 (X11; Ubuntu; Linux x86_64; rv:86.0) Gecko/20100101 Firefox/86.0"
10.237.1.238 - - [04/Feb/2022:09:07:59 +0000] "GET /wp-includes/js/zxcvbn.min.js HTTP/1.1" 200 403596 "https://intranet.mannsmith.harrison.com/wp-login.php?redirect_to=https%3A%2F%2Fintranet.mannsmith.harrison.com%2Fwp-admin%2F&reauth=1" "Mozilla/5.0 (X11; Ubuntu; Linux x86_64; rv:86.0) Gecko/20100101 Firefox/86.0"
::1 - - [04/Feb/2022:09:08:04 +0000] "OPTIONS * HTTP/1.0" 200 110 "-" "Apache/2.4.29 (Ubuntu) OpenSSL/1.1.1 (internal dummy connection)"
10.237.1.238 - - [04/Feb/2022:09:08:04 +0000] "POST /wp-login.php HTTP/1.1" 302 1179 "https://intranet.mannsmith.harrison.com/wp-login.php?redirect_to=https%3A%2F%2Fintranet.mannsmith.harrison.com%2Fwp-admin%2F&reauth=1" "Mozilla/5.0 (X11; Ubuntu; Linux x86_64; rv:86.0) Gecko/20100101 Firefox/86.0"
10.237.1.238 - - [04/Feb/2022:09:08:04 +0000] "GET /wp-admin/ HTTP/1.1" 200 16324 "https://intranet.mannsmith.harrison.com/wp-login.php?redirect_to=https%3A%2F%2Fintranet.mannsmith.harrison.com%2Fwp-admin%2F&reauth=1" "Mozilla/5.0 (X11; Ubuntu; Linux x86_64; rv:86.0) Gecko/20100101 Firefox/86.0"
10.237.1.238 - - [04/Feb/2022:09:08:04 +0000] "GET /wp-admin/load-styles.php?c=0&dir=ltr&load%5Bchunk_0%5D=dashicons,admin-bar,common,forms,admin-menu,dashboard,list-tables,edit,revisions,media,themes,about,nav-menus,wp-pointer,widgets&load%5Bchunk_1%5D=,site-icon,l10n,buttons,wp-auth-check&ver=5.9 HTTP/1.1" 200 99787 "https://intranet.mannsmith.harrison.com/wp-admin/" "Mozilla/5.0 (X11; Ubuntu; Linux x86_64; rv:86.0) Gecko/20100101 Firefox/86.0"
10.237.1.238 - - [04/Feb/2022:09:08:04 +0000] "GET /wp-admin/load-scripts.php?c=0&load%5Bchunk_0%5D=jquery-core,jquery-migrate,utils&ver=5.9 HTTP/1.1" 200 35417 "https://intranet.mannsmith.harrison.com/wp-admin/" "Mozilla/5.0 (X11; Ubuntu; Linux x86_64; rv:86.0) Gecko/20100101 Firefox/86.0"
10.237.1.238 - - [04/Feb/2022:09:08:04 +0000] "GET /wp-includes/js/thickbox/thickbox.css?ver=5.9 HTTP/1.1" 200 1856 "https://intranet.mannsmith.harrison.com/wp-admin/" "Mozilla/5.0 (X11; Ubuntu; Linux x86_64; rv:86.0) Gecko/20100101 Firefox/86.0"
10.237.1.238 - - [04/Feb/2022:09:08:04 +0000] "GET /wp-includes/js/hoverintent-js.min.js?ver=2.2.1 HTTP/1.1" 200 1649 "https://intranet.mannsmith.harrison.com/wp-admin/" "Mozilla/5.0 (X11; Ubuntu; Linux x86_64; rv:86.0) Gecko/20100101 Firefox/86.0"
10.237.1.238 - - [04/Feb/2022:09:08:04 +0000] "GET /wp-includes/js/wp-ajax-response.min.js?ver=5.9 HTTP/1.1" 200 1407 "https://intranet.mannsmith.harrison.com/wp-admin/" "Mozilla/5.0 (X11; Ubuntu; Linux x86_64; rv:86.0) Gecko/20100101 Firefox/86.0"
10.237.1.238 - - [04/Feb/2022:09:08:04 +0000] "GET /wp-includes/css/editor.min.css?ver=5.9 HTTP/1.1" 200 6854 "https://intranet.mannsmith.harrison.com/wp-admin/" "Mozilla/5.0 (X11; Ubuntu; Linux x86_64; rv:86.0) Gecko/20100101 Firefox/86.0"
10.237.1.238 - - [04/Feb/2022:09:08:04 +0000] "GET /wp-includes/js/admin-bar.min.js?ver=5.9 HTTP/1.1" 200 1747 "https://intranet.mannsmith.harrison.com/wp-admin/" "Mozilla/5.0 (X11; Ubuntu; Linux x86_64; rv:86.0) Gecko/20100101 Firefox/86.0"
10.237.1.238 - - [04/Feb/2022:09:08:04 +0000] "GET /wp-includes/js/jquery/jquery.color.min.js?ver=2.1.2 HTTP/1.1" 200 4324 "https://intranet.mannsmith.harrison.com/wp-admin/" "Mozilla/5.0 (X11; Ubuntu; Linux x86_64; rv:86.0) Gecko/20100101 Firefox/86.0"
10.237.1.238 - - [04/Feb/2022:09:08:04 +0000] "GET /wp-admin/js/common.min.js?ver=5.9 HTTP/1.1" 200 7497 "https://intranet.mannsmith.harrison.com/wp-admin/" "Mozilla/5.0 (X11; Ubuntu; Linux x86_64; rv:86.0) Gecko/20100101 Firefox/86.0"
10.237.1.238 - - [04/Feb/2022:09:08:04 +0000] "GET /wp-includes/js/wp-lists.min.js?ver=5.9 HTTP/1.1" 200 2929 "https://intranet.mannsmith.harrison.com/wp-admin/" "Mozilla/5.0 (X11; Ubuntu; Linux x86_64; rv:86.0) Gecko/20100101 Firefox/86.0"
10.237.1.238 - - [04/Feb/2022:09:08:04 +0000] "GET /wp-includes/js/quicktags.min.js?ver=5.9 HTTP/1.1" 200 3918 "https://intranet.mannsmith.harrison.com/wp-admin/" "Mozilla/5.0 (X11; Ubuntu; Linux x86_64; rv:86.0) Gecko/20100101 Firefox/86.0"
