10.237.1.238 - - [04/Feb/2022:11:47:34 +0000] "GET /wp-admin/admin-ajax.php?action=wp-compression-test&test=no&_ajax_nonce=6313251f66&1643975254947 HTTP/1.1" 200 438 "https://intranet.mannsmith.harrison.com/wp-admin/" "Mozilla/5.0 (X11; Linux x86_64) AppleWebKit/537.36 (KHTML, like Gecko) HeadlessChrome/97.0.4692.71 Safari/537.36"
::1 - - [04/Feb/2022:11:47:41 +0000] "OPTIONS * HTTP/1.0" 200 110 "-" "Apache/2.4.29 (Ubuntu) OpenSSL/1.1.1 (internal dummy connection)"
::1 - - [04/Feb/2022:11:47:42 +0000] "OPTIONS * HTTP/1.0" 200 110 "-" "Apache/2.4.29 (Ubuntu) OpenSSL/1.1.1 (internal dummy connection)"
::1 - - [04/Feb/2022:11:47:43 +0000] "OPTIONS * HTTP/1.0" 200 110 "-" "Apache/2.4.29 (Ubuntu) OpenSSL/1.1.1 (internal dummy connection)"
10.237.1.238 - - [04/Feb/2022:11:47:44 +0000] "GET /wp-admin/edit-comments.php HTTP/1.1" 200 22435 "-" "Mozilla/5.0 (X11; Linux x86_64) AppleWebKit/537.36 (KHTML, like Gecko) HeadlessChrome/97.0.4692.71 Safari/537.36"
10.237.1.238 - - [04/Feb/2022:11:47:44 +0000] "GET /wp-includes/js/thickbox/thickbox.css?ver=5.9 HTTP/1.1" 200 1856 "https://intranet.mannsmith.harrison.com/wp-admin/edit-comments.php" "Mozilla/5.0 (X11; Linux x86_64) AppleWebKit/537.36 (KHTML, like Gecko) HeadlessChrome/97.0.4692.71 Safari/537.36"
10.237.1.238 - - [04/Feb/2022:11:47:44 +0000] "GET /wp-content/plugins/wpdiscuz/assets/third-party/colorbox/colorbox.css?ver=5.9 HTTP/1.1" 200 2380 "https://intranet.mannsmith.harrison.com/wp-admin/edit-comments.php" "Mozilla/5.0 (X11; Linux x86_64) AppleWebKit/537.36 (KHTML, like Gecko) HeadlessChrome/97.0.4692.71 Safari/537.36"
10.237.1.238 - - [04/Feb/2022:11:47:44 +0000] "GET /wp-content/plugins/wpdiscuz/assets/css/wpdiscuz-mu-backend.css?ver=5.9 HTTP/1.1" 200 1077 "https://intranet.mannsmith.harrison.com/wp-admin/edit-comments.php" "Mozilla/5.0 (X11; Linux x86_64) AppleWebKit/537.36 (KHTML, like Gecko) HeadlessChrome/97.0.4692.71 Safari/537.36"
10.237.1.238 - - [04/Feb/2022:11:47:44 +0000] "GET /wp-content/plugins/wpdiscuz/assets/third-party/colorpicker/css/index.css?ver=7.0.4 HTTP/1.1" 200 479 "https://intranet.mannsmith.harrison.com/wp-admin/edit-comments.php" "Mozilla/5.0 (X11; Linux x86_64) AppleWebKit/537.36 (KHTML, like Gecko) HeadlessChrome/97.0.4692.71 Safari/537.36"
10.237.1.238 - - [04/Feb/2022:11:47:44 +0000] "GET /wp-content/plugins/wpdiscuz/assets/third-party/colorpicker/css/compatibility.css?ver=7.0.4 HTTP/1.1" 200 1586 "https://intranet.mannsmith.harrison.com/wp-admin/edit-comments.php" "Mozilla/5.0 (X11; Linux x86_64) AppleWebKit/537.36 (KHTML, like Gecko) HeadlessChrome/97.0.4692.71 Safari/537.36"
10.237.1.238 - - [04/Feb/2022:11:47:44 +0000] "GET /wp-content/plugins/wpdiscuz/assets/third-party/font-awesome-5.13.0/css/fontawesome-all.min.css?ver=7.0.4 HTTP/1.1" 200 12951 "https://intranet.mannsmith.harrison.com/wp-admin/edit-comments.php" "Mozilla/5.0 (X11; Linux x86_64) AppleWebKit/537.36 (KHTML, like Gecko) HeadlessChrome/97.0.4692.71 Safari/537.36"
10.237.1.238 - - [04/Feb/2022:11:47:44 +0000] "GET /wp-content/plugins/wpdiscuz/assets/css/wpdiscuz-options.css?ver=7.0.4 HTTP/1.1" 200 8320 "https://intranet.mannsmith.harrison.com/wp-admin/edit-comments.php" "Mozilla/5.0 (X11; Linux x86_64) AppleWebKit/537.36 (KHTML, like Gecko) HeadlessChrome/97.0.4692.71 Safari/537.36"
10.237.1.238 - - [04/Feb/2022:11:47:44 +0000] "GET /wp-includes/css/editor.min.css?ver=5.9 HTTP/1.1" 200 6278 "https://intranet.mannsmith.harrison.com/wp-admin/edit-comments.php" "Mozilla/5.0 (X11; Linux x86_64) AppleWebKit/537.36 (KHTML, like Gecko) HeadlessChrome/97.0.4692.71 Safari/537.36"
10.237.1.238 - - [04/Feb/2022:11:47:44 +0000] "GET /wp-content/plugins/wpdiscuz/assets/third-party/colorbox/jquery.colorbox.min.js?ver=5.9 HTTP/1.1" 200 5120 "https://intranet.mannsmith.harrison.com/wp-admin/edit-comments.php" "Mozilla/5.0 (X11; Linux x86_64) AppleWebKit/537.36 (KHTML, like Gecko) HeadlessChrome/97.0.4692.71 Safari/537.36"
10.237.1.238 - - [04/Feb/2022:11:47:44 +0000] "GET /wp-content/plugins/wpdiscuz/assets/third-party/colorpicker/js/jqColorPicker.min.js?ver=7.0.4 HTTP/1.1" 200 3026 "https://intranet.mannsmith.harrison.com/wp-admin/edit-comments.php" "Mozilla/5.0 (X11; Linux x86_64) AppleWebKit/537.36 (KHTML, like Gecko) HeadlessChrome/97.0.4692.71 Safari/537.36"
10.237.1.238 - - [04/Feb/2022:11:47:44 +0000] "GET /wp-content/plugins/wpdiscuz/assets/third-party/colorpicker/js/colors.js?ver=7.0.4 HTTP/1.1" 200 4294 "https://intranet.mannsmith.harrison.com/wp-admin/edit-comments.php" "Mozilla/5.0 (X11; Linux x86_64) AppleWebKit/537.36 (KHTML, like Gecko) HeadlessChrome/97.0.4692.71 Safari/537.36"
10.237.1.238 - - [04/Feb/2022:11:47:44 +0000] "GET /wp-content/plugins/wpdiscuz/assets/third-party/colorpicker/js/index.js?ver=7.0.4 HTTP/1.1" 200 5562 "https://intranet.mannsmith.harrison.com/wp-admin/edit-comments.php" "Mozilla/5.0 (X11; Linux x86_64) AppleWebKit/537.36 (KHTML, like Gecko) HeadlessChrome/97.0.4692.71 Safari/537.36"
10.237.1.238 - - [04/Feb/2022:11:47:44 +0000] "GET /wp-content/plugins/wpdiscuz/assets/js/wpdiscuz-options.js?ver=7.0.4 HTTP/1.1" 200 6024 "https://intranet.mannsmith.harrison.com/wp-admin/edit-comments.php" "Mozilla/5.0 (X11; Linux x86_64) AppleWebKit/537.36 (KHTML, like Gecko) HeadlessChrome/97.0.4692.71 Safari/537.36"
10.237.1.238 - - [04/Feb/2022:11:47:44 +0000] "GET /wp-content/plugins/wpdiscuz/assets/third-party/contenthover/jquery.contenthover.min.js?ver=7.0.4 HTTP/1.1" 200 4570 "https://intranet.mannsmith.harrison.com/wp-admin/edit-comments.php" "Mozilla/5.0 (X11; Linux x86_64) AppleWebKit/537.36 (KHTML, like Gecko) HeadlessChrome/97.0.4692.71 Safari/537.36"
10.237.1.238 - - [04/Feb/2022:11:47:44 +0000] "GET /wp-content/plugins/wpdiscuz/assets/js/wpdiscuz-mu-backend.js?ver=7.0.4 HTTP/1.1" 200 4164 "https://intranet.mannsmith.harrison.com/wp-admin/edit-comments.php" "Mozilla/5.0 (X11; Linux x86_64) AppleWebKit/537.36 (KHTML, like Gecko) HeadlessChrome/97.0.4692.71 Safari/537.36"
10.237.1.238 - - [04/Feb/2022:11:47:44 +0000] "GET /wp-admin/load-styles.php?c=0&dir=ltr&load%5Bchunk_0%5D=dashicons,admin-bar,common,forms,admin-menu,dashboard,list-tables,edit,revisions,media,themes,about,nav-menus,wp-pointer,widgets&load%5Bchunk_1%5D=,site-icon,l10n,buttons,wp-auth-check&ver=5.9 HTTP/1.1" 200 99787 "https://intranet.mannsmith.harrison.com/wp-admin/edit-comments.php" "Mozilla/5.0 (X11; Linux x86_64) AppleWebKit/537.36 (KHTML, like Gecko) HeadlessChrome/97.0.4692.71 Safari/537.36"
10.237.1.238 - - [04/Feb/2022:11:47:44 +0000] "GET /wp-includes/js/wp-emoji-release.min.js?ver=5.9 HTTP/1.1" 200 5331 "https://intranet.mannsmith.harrison.com/wp-admin/edit-comments.php" "Mozilla/5.0 (X11; Linux x86_64) AppleWebKit/537.36 (KHTML, like Gecko) HeadlessChrome/97.0.4692.71 Safari/537.36"
10.237.1.238 - - [04/Feb/2022:11:47:44 +0000] "GET /wp-content/plugins/wpdiscuz/assets/third-party/font-awesome-5.13.0/webfonts/fa-solid-900.woff2 HTTP/1.1" 200 79823 "https://intranet.mannsmith.harrison.com/wp-content/plugins/wpdiscuz/assets/third-party/font-awesome-5.13.0/css/fontawesome-all.min.css?ver=7.0.4" "Mozilla/5.0 (X11; Linux x86_64) AppleWebKit/537.36 (KHTML, like Gecko) HeadlessChrome/97.0.4692.71 Safari/537.36"
10.237.1.238 - - [04/Feb/2022:11:47:44 +0000] "GET /wp-admin/admin-ajax.php?action=wp-compression-test&test=1&_ajax_nonce=6313251f66&1643975264863 HTTP/1.1" 200 438 "https://intranet.mannsmith.harrison.com/wp-admin/edit-comments.php" "Mozilla/5.0 (X11; Linux x86_64) AppleWebKit/537.36 (KHTML, like Gecko) HeadlessChrome/97.0.4692.71 Safari/537.36"
10.237.1.238 - - [04/Feb/2022:11:47:44 +0000] "GET /wp-admin/admin-ajax.php?action=wp-compression-test&test=2&_ajax_nonce=6313251f66&1643975264958 HTTP/1.1" 200 438 "https://intranet.mannsmith.harrison.com/wp-admin/edit-comments.php" "Mozilla/5.0 (X11; Linux x86_64) AppleWebKit/537.36 (KHTML, like Gecko) HeadlessChrome/97.0.4692.71 Safari/537.36"
10.237.1.238 - - [04/Feb/2022:11:47:45 +0000] "GET /wp-admin/admin-ajax.php?action=wp-compression-test&test=no&_ajax_nonce=6313251f66&1643975265023 HTTP/1.1" 200 438 "https://intranet.mannsmith.harrison.com/wp-admin/edit-comments.php" "Mozilla/5.0 (X11; Linux x86_64) AppleWebKit/537.36 (KHTML, like Gecko) HeadlessChrome/97.0.4692.71 Safari/537.36"
10.237.1.238 - - [04/Feb/2022:11:48:04 +0000] "-" 408 3014 "-" "-"
10.237.1.238 - - [04/Feb/2022:11:48:25 +0000] "-" 408 0 "-" "-"
::1 - - [04/Feb/2022:11:48:27 +0000] "OPTIONS * HTTP/1.0" 200 110 "-" "Apache/2.4.29 (Ubuntu) OpenSSL/1.1.1 (internal dummy connection)"
10.237.1.238 - - [04/Feb/2022:11:48:44 +0000] "POST /wp-admin/admin-ajax.php HTTP/1.1" 200 1177 "https://intranet.mannsmith.harrison.com/wp-admin/edit-comments.php" "Mozilla/5.0 (X11; Linux x86_64) AppleWebKit/537.36 (KHTML, like Gecko) HeadlessChrome/97.0.4692.71 Safari/537.36"
10.237.1.238 - - [04/Feb/2022:11:49:44 +0000] "POST /wp-admin/admin-ajax.php HTTP/1.1" 200 1177 "https://intranet.mannsmith.harrison.com/wp-admin/edit-comments.php" "Mozilla/5.0 (X11; Linux x86_64) AppleWebKit/537.36 (KHTML, like Gecko) HeadlessChrome/97.0.4692.71 Safari/537.36"
10.237.1.238 - - [04/Feb/2022:11:50:44 +0000] "POST /wp-admin/admin-ajax.php HTTP/1.1" 200 1177 "https://intranet.mannsmith.harrison.com/wp-admin/edit-comments.php" "Mozilla/5.0 (X11; Linux x86_64) AppleWebKit/537.36 (KHTML, like Gecko) HeadlessChrome/97.0.4692.71 Safari/537.36"
10.237.1.238 - - [04/Feb/2022:11:51:44 +0000] "POST /wp-admin/admin-ajax.php HTTP/1.1" 200 1177 "https://intranet.mannsmith.harrison.com/wp-admin/edit-comments.php" "Mozilla/5.0 (X11; Linux x86_64) AppleWebKit/537.36 (KHTML, like Gecko) HeadlessChrome/97.0.4692.71 Safari/537.36"
10.237.1.238 - - [04/Feb/2022:11:51:53 +0000] "GET /wp-includes/css/editor.min.css?ver=5.9 HTTP/1.1" 200 6854 "https://intranet.mannsmith.harrison.com/wp-admin/edit-comments.php" "Mozilla/5.0 (X11; Linux x86_64) AppleWebKit/537.36 (KHTML, like Gecko) HeadlessChrome/97.0.4692.71 Safari/537.36"
10.237.1.238 - - [04/Feb/2022:11:51:53 +0000] "GET /wp-admin/images/spinner.gif HTTP/1.1" 200 3969 "https://intranet.mannsmith.harrison.com/wp-admin/load-styles.php?c=0&dir=ltr&load%5Bchunk_0%5D=dashicons,admin-bar,common,forms,admin-menu,dashboard,list-tables,edit,revisions,media,themes,about,nav-menus,wp-pointer,widgets&load%5Bchunk_1%5D=,site-icon,l10n,buttons,wp-auth-check&ver=5.9" "Mozilla/5.0 (X11; Linux x86_64) AppleWebKit/537.36 (KHTML, like Gecko) HeadlessChrome/97.0.4692.71 Safari/537.36"
10.237.1.238 - - [04/Feb/2022:11:52:14 +0000] "POST /wp-admin/admin-ajax.php HTTP/1.1" 200 2929 "https://intranet.mannsmith.harrison.com/wp-admin/edit-comments.php" "Mozilla/5.0 (X11; Linux x86_64) AppleWebKit/537.36 (KHTML, like Gecko) HeadlessChrome/97.0.4692.71 Safari/537.36"
10.237.1.238 - - [04/Feb/2022:11:52:15 +0000] "GET /wp-includes/css/editor.min.css?ver=5.9 HTTP/1.1" 200 6278 "https://intranet.mannsmith.harrison.com/wp-admin/edit-comments.php" "Mozilla/5.0 (X11; Linux x86_64) AppleWebKit/537.36 (KHTML, like Gecko) HeadlessChrome/97.0.4692.71 Safari/537.36"
10.237.1.238 - - [04/Feb/2022:11:52:44 +0000] "POST /wp-admin/admin-ajax.php HTTP/1.1" 200 1177 "https://intranet.mannsmith.harrison.com/wp-admin/edit-comments.php" "Mozilla/5.0 (X11; Linux x86_64) AppleWebKit/537.36 (KHTML, like Gecko) HeadlessChrome/97.0.4692.71 Safari/537.36"
192.168.129.2 - - [04/Feb/2022:11:52:50 +0000] "GET / HTTP/1.1" 200 8096 "-" "Mozilla/5.0 (X11; Linux x86_64) AppleWebKit/537.36 (KHTML, like Gecko) HeadlessChrome/97.0.4692.71 Safari/537.36"
10.237.1.238 - - [04/Feb/2022:11:53:44 +0000] "POST /wp-admin/admin-ajax.php HTTP/1.1" 200 1177 "https://intranet.mannsmith.harrison.com/wp-admin/edit-comments.php" "Mozilla/5.0 (X11; Linux x86_64) AppleWebKit/537.36 (KHTML, like Gecko) HeadlessChrome/97.0.4692.71 Safari/537.36"
10.237.1.238 - - [04/Feb/2022:11:54:44 +0000] "POST /wp-admin/admin-ajax.php HTTP/1.1" 200 1177 "https://intranet.mannsmith.harrison.com/wp-admin/edit-comments.php" "Mozilla/5.0 (X11; Linux x86_64) AppleWebKit/537.36 (KHTML, like Gecko) HeadlessChrome/97.0.4692.71 Safari/537.36"
10.237.1.238 - - [04/Feb/2022:11:55:31 +0000] "GET / HTTP/1.1" 200 8096 "-" "Mozilla/5.0 (X11; Ubuntu; Linux x86_64; rv:86.0) Gecko/20100101 Firefox/86.0"
10.237.1.238 - - [04/Feb/2022:11:55:31 +0000] "GET /wp-includes/css/dist/block-library/style.min.css?ver=5.9 HTTP/1.1" 200 11229 "http://intranet.mannsmith.harrison.com/" "Mozilla/5.0 (X11; Ubuntu; Linux x86_64; rv:86.0) Gecko/20100101 Firefox/86.0"
10.237.1.238 - - [04/Feb/2022:11:55:31 +0000] "GET /wp-content/themes/go/dist/js/frontend.min.js?ver=1.5.3 HTTP/1.1" 200 2916 "http://intranet.mannsmith.harrison.com/" "Mozilla/5.0 (X11; Ubuntu; Linux x86_64; rv:86.0) Gecko/20100101 Firefox/86.0"
10.237.1.238 - - [04/Feb/2022:11:55:31 +0000] "GET /wp-content/themes/go/dist/css/design-styles/style-traditional.min.css?ver=1.5.3 HTTP/1.1" 200 1412 "http://intranet.mannsmith.harrison.com/" "Mozilla/5.0 (X11; Ubuntu; Linux x86_64; rv:86.0) Gecko/20100101 Firefox/86.0"
10.237.1.238 - - [04/Feb/2022:11:55:31 +0000] "GET /wp-includes/js/wp-emoji-release.min.js?ver=5.9 HTTP/1.1" 200 5266 "http://intranet.mannsmith.harrison.com/" "Mozilla/5.0 (X11; Ubuntu; Linux x86_64; rv:86.0) Gecko/20100101 Firefox/86.0"
10.237.1.238 - - [04/Feb/2022:11:55:31 +0000] "GET /wp-content/themes/go/dist/css/style-shared.min.css?ver=1.5.3 HTTP/1.1" 200 23204 "http://intranet.mannsmith.harrison.com/" "Mozilla/5.0 (X11; Ubuntu; Linux x86_64; rv:86.0) Gecko/20100101 Firefox/86.0"
10.237.1.238 - - [04/Feb/2022:11:55:31 +0000] "GET /favicon.ico HTTP/1.1" 404 396 "http://intranet.mannsmith.harrison.com/" "Mozilla/5.0 (X11; Ubuntu; Linux x86_64; rv:86.0) Gecko/20100101 Firefox/86.0"
192.168.129.2 - - [04/Feb/2022:11:55:44 +0000] "GET /?p=5 HTTP/1.1" 200 26347 "-" "Mozilla/5.0 (X11; Linux x86_64) AppleWebKit/537.36 (KHTML, like Gecko) HeadlessChrome/97.0.4692.71 Safari/537.36"
192.168.129.2 - - [04/Feb/2022:11:55:44 +0000] "GET /wp-includes/css/dist/block-library/style.min.css?ver=5.9 HTTP/1.1" 200 11317 "https://intranet.mannsmith.harrison.com/?p=5" "Mozilla/5.0 (X11; Linux x86_64) AppleWebKit/537.36 (KHTML, like Gecko) HeadlessChrome/97.0.4692.71 Safari/537.36"
192.168.129.2 - - [04/Feb/2022:11:55:44 +0000] "GET /wp-content/plugins/wpdiscuz/assets/third-party/font-awesome-5.13.0/css/fa.min.css?ver=7.0.4 HTTP/1.1" 200 2888 "https://intranet.mannsmith.harrison.com/?p=5" "Mozilla/5.0 (X11; Linux x86_64) AppleWebKit/537.36 (KHTML, like Gecko) HeadlessChrome/97.0.4692.71 Safari/537.36"
192.168.129.2 - - [04/Feb/2022:11:55:44 +0000] "GET /wp-content/plugins/wpdiscuz/assets/css/wpdiscuz-combo.min.css?ver=5.9 HTTP/1.1" 200 6799 "https://intranet.mannsmith.harrison.com/?p=5" "Mozilla/5.0 (X11; Linux x86_64) AppleWebKit/537.36 (KHTML, like Gecko) HeadlessChrome/97.0.4692.71 Safari/537.36"
192.168.129.2 - - [04/Feb/2022:11:55:44 +0000] "GET /wp-content/plugins/wpdiscuz/themes/default/style.css?ver=7.0.4 HTTP/1.1" 200 20302 "https://intranet.mannsmith.harrison.com/?p=5" "Mozilla/5.0 (X11; Linux x86_64) AppleWebKit/537.36 (KHTML, like Gecko) HeadlessChrome/97.0.4692.71 Safari/537.36"
192.168.129.2 - - [04/Feb/2022:11:55:44 +0000] "GET /wp-content/themes/go/dist/css/design-styles/style-traditional.min.css?ver=1.5.3 HTTP/1.1" 200 1433 "https://intranet.mannsmith.harrison.com/?p=5" "Mozilla/5.0 (X11; Linux x86_64) AppleWebKit/537.36 (KHTML, like Gecko) HeadlessChrome/97.0.4692.71 Safari/537.36"
192.168.129.2 - - [04/Feb/2022:11:55:44 +0000] "GET /wp-includes/js/jquery/jquery-migrate.min.js?ver=3.3.2 HTTP/1.1" 200 4570 "https://intranet.mannsmith.harrison.com/?p=5" "Mozilla/5.0 (X11; Linux x86_64) AppleWebKit/537.36 (KHTML, like Gecko) HeadlessChrome/97.0.4692.71 Safari/537.36"
192.168.129.2 - - [04/Feb/2022:11:55:44 +0000] "GET /wp-includes/js/comment-reply.min.js?ver=5.9 HTTP/1.1" 200 4716 "https://intranet.mannsmith.harrison.com/?p=5" "Mozilla/5.0 (X11; Linux x86_64) AppleWebKit/537.36 (KHTML, like Gecko) HeadlessChrome/97.0.4692.71 Safari/537.36"
192.168.129.2 - - [04/Feb/2022:11:55:44 +0000] "GET /wp-content/themes/go/dist/js/frontend.min.js?ver=1.5.3 HTTP/1.1" 200 5996 "https://intranet.mannsmith.harrison.com/?p=5" "Mozilla/5.0 (X11; Linux x86_64) AppleWebKit/537.36 (KHTML, like Gecko) HeadlessChrome/97.0.4692.71 Safari/537.36"
192.168.129.2 - - [04/Feb/2022:11:55:44 +0000] "GET /wp-content/themes/go/dist/css/style-shared.min.css?ver=1.5.3 HTTP/1.1" 200 23889 "https://intranet.mannsmith.harrison.com/?p=5" "Mozilla/5.0 (X11; Linux x86_64) AppleWebKit/537.36 (KHTML, like Gecko) HeadlessChrome/97.0.4692.71 Safari/537.36"
192.168.129.2 - - [04/Feb/2022:11:55:44 +0000] "GET /wp-includes/js/jquery/jquery.min.js?ver=3.6.0 HTTP/1.1" 200 31377 "https://intranet.mannsmith.harrison.com/?p=5" "Mozilla/5.0 (X11; Linux x86_64) AppleWebKit/537.36 (KHTML, like Gecko) HeadlessChrome/97.0.4692.71 Safari/537.36"
192.168.129.2 - - [04/Feb/2022:11:55:44 +0000] "GET /wp-includes/js/wp-emoji-release.min.js?ver=5.9 HTTP/1.1" 200 5331 "https://intranet.mannsmith.harrison.com/?p=5" "Mozilla/5.0 (X11; Linux x86_64) AppleWebKit/537.36 (KHTML, like Gecko) HeadlessChrome/97.0.4692.71 Safari/537.36"
192.168.129.2 - - [04/Feb/2022:11:55:44 +0000] "GET /wp-content/plugins/wpdiscuz/assets/js/wpdiscuz-combo.min.js?ver=7.0.4 HTTP/1.1" 200 71266 "https://intranet.mannsmith.harrison.com/?p=5" "Mozilla/5.0 (X11; Linux x86_64) AppleWebKit/537.36 (KHTML, like Gecko) HeadlessChrome/97.0.4692.71 Safari/537.36"
10.237.1.238 - - [04/Feb/2022:11:55:44 +0000] "POST /wp-admin/admin-ajax.php HTTP/1.1" 200 1177 "https://intranet.mannsmith.harrison.com/wp-admin/edit-comments.php" "Mozilla/5.0 (X11; Linux x86_64) AppleWebKit/537.36 (KHTML, like Gecko) HeadlessChrome/97.0.4692.71 Safari/537.36"
192.168.129.2 - - [04/Feb/2022:11:55:45 +0000] "GET /wp-content/plugins/wpdiscuz/themes/default/css/fonts/sqr721c-webfont.woff2 HTTP/1.1" 200 18908 "https://intranet.mannsmith.harrison.com/wp-content/plugins/wpdiscuz/themes/default/style.css?ver=7.0.4" "Mozilla/5.0 (X11; Linux x86_64) AppleWebKit/537.36 (KHTML, like Gecko) HeadlessChrome/97.0.4692.71 Safari/537.36"
192.168.129.2 - - [04/Feb/2022:11:55:45 +0000] "GET /wp-content/plugins/wpdiscuz/assets/third-party/font-awesome-5.13.0/webfonts/fa-regular-400.woff2 HTTP/1.1" 200 13874 "https://intranet.mannsmith.harrison.com/wp-content/plugins/wpdiscuz/assets/third-party/font-awesome-5.13.0/css/fa.min.css?ver=7.0.4" "Mozilla/5.0 (X11; Linux x86_64) AppleWebKit/537.36 (KHTML, like Gecko) HeadlessChrome/97.0.4692.71 Safari/537.36"
192.168.129.2 - - [04/Feb/2022:11:55:45 +0000] "GET /wp-content/plugins/wpdiscuz/assets/third-party/font-awesome-5.13.0/webfonts/fa-solid-900.woff2 HTTP/1.1" 200 79823 "https://intranet.mannsmith.harrison.com/wp-content/plugins/wpdiscuz/assets/third-party/font-awesome-5.13.0/css/fa.min.css?ver=7.0.4" "Mozilla/5.0 (X11; Linux x86_64) AppleWebKit/537.36 (KHTML, like Gecko) HeadlessChrome/97.0.4692.71 Safari/537.36"
192.168.129.2 - - [04/Feb/2022:11:55:45 +0000] "GET /wp-content/plugins/wpdiscuz/assets/third-party/font-awesome-5.13.0/webfonts/fa-brands-400.woff2 HTTP/1.1" 200 76991 "https://intranet.mannsmith.harrison.com/wp-content/plugins/wpdiscuz/assets/third-party/font-awesome-5.13.0/css/fa.min.css?ver=7.0.4" "Mozilla/5.0 (X11; Linux x86_64) AppleWebKit/537.36 (KHTML, like Gecko) HeadlessChrome/97.0.4692.71 Safari/537.36"
::1 - - [04/Feb/2022:11:55:52 +0000] "OPTIONS * HTTP/1.0" 200 110 "-" "Apache/2.4.29 (Ubuntu) OpenSSL/1.1.1 (internal dummy connection)"
::1 - - [04/Feb/2022:11:55:53 +0000] "OPTIONS * HTTP/1.0" 200 110 "-" "Apache/2.4.29 (Ubuntu) OpenSSL/1.1.1 (internal dummy connection)"
192.168.129.2 - - [04/Feb/2022:11:56:04 +0000] "-" 408 3014 "-" "-"
::1 - - [04/Feb/2022:11:56:07 +0000] "OPTIONS * HTTP/1.0" 200 110 "-" "Apache/2.4.29 (Ubuntu) OpenSSL/1.1.1 (internal dummy connection)"
10.237.1.238 - - [04/Feb/2022:11:56:44 +0000] "POST /wp-admin/admin-ajax.php HTTP/1.1" 200 1177 "https://intranet.mannsmith.harrison.com/wp-admin/edit-comments.php" "Mozilla/5.0 (X11; Linux x86_64) AppleWebKit/537.36 (KHTML, like Gecko) HeadlessChrome/97.0.4692.71 Safari/537.36"
10.237.1.238 - - [04/Feb/2022:11:57:22 +0000] "GET /?p=5 HTTP/1.1" 200 26788 "-" "Mozilla/5.0 (X11; Ubuntu; Linux x86_64; rv:86.0) Gecko/20100101 Firefox/86.0"
10.237.1.238 - - [04/Feb/2022:11:57:22 +0000] "GET /wp-includes/css/dist/block-library/style.min.css?ver=5.9 HTTP/1.1" 200 11317 "https://intranet.mannsmith.harrison.com/?p=5" "Mozilla/5.0 (X11; Ubuntu; Linux x86_64; rv:86.0) Gecko/20100101 Firefox/86.0"
10.237.1.238 - - [04/Feb/2022:11:57:22 +0000] "GET /wp-content/plugins/wpdiscuz/themes/default/style.css?ver=7.0.4 HTTP/1.1" 200 19726 "https://intranet.mannsmith.harrison.com/?p=5" "Mozilla/5.0 (X11; Ubuntu; Linux x86_64; rv:86.0) Gecko/20100101 Firefox/86.0"
10.237.1.238 - - [04/Feb/2022:11:57:22 +0000] "GET /wp-content/plugins/wpdiscuz/assets/third-party/font-awesome-5.13.0/css/fa.min.css?ver=7.0.4 HTTP/1.1" 200 2888 "https://intranet.mannsmith.harrison.com/?p=5" "Mozilla/5.0 (X11; Ubuntu; Linux x86_64; rv:86.0) Gecko/20100101 Firefox/86.0"
10.237.1.238 - - [04/Feb/2022:11:57:22 +0000] "GET /wp-content/themes/go/dist/css/style-shared.min.css?ver=1.5.3 HTTP/1.1" 200 23889 "https://intranet.mannsmith.harrison.com/?p=5" "Mozilla/5.0 (X11; Ubuntu; Linux x86_64; rv:86.0) Gecko/20100101 Firefox/86.0"
10.237.1.238 - - [04/Feb/2022:11:57:23 +0000] "GET /wp-includes/js/wp-emoji-release.min.js?ver=5.9 HTTP/1.1" 200 5331 "https://intranet.mannsmith.harrison.com/?p=5" "Mozilla/5.0 (X11; Ubuntu; Linux x86_64; rv:86.0) Gecko/20100101 Firefox/86.0"
10.237.1.238 - - [04/Feb/2022:11:57:23 +0000] "GET /wp-content/themes/go/dist/css/design-styles/style-traditional.min.css?ver=1.5.3 HTTP/1.1" 200 2009 "https://intranet.mannsmith.harrison.com/?p=5" "Mozilla/5.0 (X11; Ubuntu; Linux x86_64; rv:86.0) Gecko/20100101 Firefox/86.0"
10.237.1.238 - - [04/Feb/2022:11:57:23 +0000] "GET /wp-includes/js/comment-reply.min.js?ver=5.9 HTTP/1.1" 200 1701 "https://intranet.mannsmith.harrison.com/?p=5" "Mozilla/5.0 (X11; Ubuntu; Linux x86_64; rv:86.0) Gecko/20100101 Firefox/86.0"
10.237.1.238 - - [04/Feb/2022:11:57:23 +0000] "GET /wp-content/themes/go/dist/js/frontend.min.js?ver=1.5.3 HTTP/1.1" 200 2981 "https://intranet.mannsmith.harrison.com/?p=5" "Mozilla/5.0 (X11; Ubuntu; Linux x86_64; rv:86.0) Gecko/20100101 Firefox/86.0"
10.237.1.238 - - [04/Feb/2022:11:57:23 +0000] "GET /wp-includes/js/jquery/jquery-migrate.min.js?ver=3.3.2 HTTP/1.1" 200 5146 "https://intranet.mannsmith.harrison.com/?p=5" "Mozilla/5.0 (X11; Ubuntu; Linux x86_64; rv:86.0) Gecko/20100101 Firefox/86.0"
10.237.1.238 - - [04/Feb/2022:11:57:23 +0000] "GET /wp-content/plugins/wpdiscuz/assets/css/wpdiscuz-combo.min.css?ver=5.9 HTTP/1.1" 200 7375 "https://intranet.mannsmith.harrison.com/?p=5" "Mozilla/5.0 (X11; Ubuntu; Linux x86_64; rv:86.0) Gecko/20100101 Firefox/86.0"
10.237.1.238 - - [04/Feb/2022:11:57:23 +0000] "GET /wp-includes/js/jquery/jquery.min.js?ver=3.6.0 HTTP/1.1" 200 31953 "https://intranet.mannsmith.harrison.com/?p=5" "Mozilla/5.0 (X11; Ubuntu; Linux x86_64; rv:86.0) Gecko/20100101 Firefox/86.0"
10.237.1.238 - - [04/Feb/2022:11:57:23 +0000] "GET /wp-content/plugins/wpdiscuz/assets/js/wpdiscuz-combo.min.js?ver=7.0.4 HTTP/1.1" 200 71266 "https://intranet.mannsmith.harrison.com/?p=5" "Mozilla/5.0 (X11; Ubuntu; Linux x86_64; rv:86.0) Gecko/20100101 Firefox/86.0"
10.237.1.238 - - [04/Feb/2022:11:57:23 +0000] "GET /wp-content/plugins/wpdiscuz/assets/third-party/font-awesome-5.13.0/webfonts/fa-regular-400.woff2 HTTP/1.1" 200 13874 "https://intranet.mannsmith.harrison.com/wp-content/plugins/wpdiscuz/assets/third-party/font-awesome-5.13.0/css/fa.min.css?ver=7.0.4" "Mozilla/5.0 (X11; Ubuntu; Linux x86_64; rv:86.0) Gecko/20100101 Firefox/86.0"
10.237.1.238 - - [04/Feb/2022:11:57:23 +0000] "GET /wp-content/plugins/wpdiscuz/themes/default/css/fonts/sqr721c-webfont.woff2 HTTP/1.1" 200 18908 "https://intranet.mannsmith.harrison.com/wp-content/plugins/wpdiscuz/themes/default/style.css?ver=7.0.4" "Mozilla/5.0 (X11; Ubuntu; Linux x86_64; rv:86.0) Gecko/20100101 Firefox/86.0"
10.237.1.238 - - [04/Feb/2022:11:57:23 +0000] "GET /wp-content/plugins/wpdiscuz/assets/third-party/font-awesome-5.13.0/webfonts/fa-solid-900.woff2 HTTP/1.1" 200 79823 "https://intranet.mannsmith.harrison.com/wp-content/plugins/wpdiscuz/assets/third-party/font-awesome-5.13.0/css/fa.min.css?ver=7.0.4" "Mozilla/5.0 (X11; Ubuntu; Linux x86_64; rv:86.0) Gecko/20100101 Firefox/86.0"
10.237.1.238 - - [04/Feb/2022:11:57:23 +0000] "GET /wp-content/plugins/wpdiscuz/assets/third-party/font-awesome-5.13.0/webfonts/fa-brands-400.woff2 HTTP/1.1" 200 76991 "https://intranet.mannsmith.harrison.com/wp-content/plugins/wpdiscuz/assets/third-party/font-awesome-5.13.0/css/fa.min.css?ver=7.0.4" "Mozilla/5.0 (X11; Ubuntu; Linux x86_64; rv:86.0) Gecko/20100101 Firefox/86.0"
10.237.1.238 - - [04/Feb/2022:11:57:23 +0000] "GET /favicon.ico HTTP/1.1" 404 418 "https://intranet.mannsmith.harrison.com/?p=5" "Mozilla/5.0 (X11; Ubuntu; Linux x86_64; rv:86.0) Gecko/20100101 Firefox/86.0"
::1 - - [04/Feb/2022:11:57:29 +0000] "OPTIONS * HTTP/1.0" 200 110 "-" "Apache/2.4.29 (Ubuntu) OpenSSL/1.1.1 (internal dummy connection)"
10.237.1.238 - - [04/Feb/2022:11:57:44 +0000] "POST /wp-admin/admin-ajax.php HTTP/1.1" 200 1177 "https://intranet.mannsmith.harrison.com/wp-admin/edit-comments.php" "Mozilla/5.0 (X11; Linux x86_64) AppleWebKit/537.36 (KHTML, like Gecko) HeadlessChrome/97.0.4692.71 Safari/537.36"
10.237.1.238 - - [04/Feb/2022:11:58:44 +0000] "POST /wp-admin/admin-ajax.php HTTP/1.1" 200 1177 "https://intranet.mannsmith.harrison.com/wp-admin/edit-comments.php" "Mozilla/5.0 (X11; Linux x86_64) AppleWebKit/537.36 (KHTML, like Gecko) HeadlessChrome/97.0.4692.71 Safari/537.36"
10.237.1.238 - - [04/Feb/2022:11:59:36 +0000] "GET /wp-includes/css/editor.min.css?ver=5.9 HTTP/1.1" 200 6854 "https://intranet.mannsmith.harrison.com/wp-admin/edit-comments.php" "Mozilla/5.0 (X11; Linux x86_64) AppleWebKit/537.36 (KHTML, like Gecko) HeadlessChrome/97.0.4692.71 Safari/537.36"
10.237.1.238 - - [04/Feb/2022:11:59:44 +0000] "POST /wp-admin/admin-ajax.php HTTP/1.1" 200 1177 "https://intranet.mannsmith.harrison.com/wp-admin/edit-comments.php" "Mozilla/5.0 (X11; Linux x86_64) AppleWebKit/537.36 (KHTML, like Gecko) HeadlessChrome/97.0.4692.71 Safari/537.36"
10.237.1.238 - - [04/Feb/2022:11:59:50 +0000] "POST /wp-admin/admin-ajax.php HTTP/1.1" 200 2922 "https://intranet.mannsmith.harrison.com/wp-admin/edit-comments.php" "Mozilla/5.0 (X11; Linux x86_64) AppleWebKit/537.36 (KHTML, like Gecko) HeadlessChrome/97.0.4692.71 Safari/537.36"
10.237.1.238 - - [04/Feb/2022:11:59:50 +0000] "GET /wp-includes/css/editor.min.css?ver=5.9 HTTP/1.1" 200 6278 "https://intranet.mannsmith.harrison.com/wp-admin/edit-comments.php" "Mozilla/5.0 (X11; Linux x86_64) AppleWebKit/537.36 (KHTML, like Gecko) HeadlessChrome/97.0.4692.71 Safari/537.36"
192.168.129.2 - - [04/Feb/2022:12:00:10 +0000] "GET /wp-content/plugins/wpdiscuz/assets/img/loading.gif HTTP/1.1" 200 4069 "https://intranet.mannsmith.harrison.com/wp-content/plugins/wpdiscuz/themes/default/style.css?ver=7.0.4" "Mozilla/5.0 (X11; Linux x86_64) AppleWebKit/537.36 (KHTML, like Gecko) HeadlessChrome/97.0.4692.71 Safari/537.36"
192.168.129.2 - - [04/Feb/2022:12:00:10 +0000] "POST /wp-admin/admin-ajax.php HTTP/1.1" 200 5509 "https://intranet.mannsmith.harrison.com/?p=5" "Mozilla/5.0 (X11; Linux x86_64) AppleWebKit/537.36 (KHTML, like Gecko) HeadlessChrome/97.0.4692.71 Safari/537.36"
192.168.129.2 - - [04/Feb/2022:12:00:10 +0000] "POST /wp-admin/admin-ajax.php HTTP/1.1" 200 546 "https://intranet.mannsmith.harrison.com/?p=5" "Mozilla/5.0 (X11; Linux x86_64) AppleWebKit/537.36 (KHTML, like Gecko) HeadlessChrome/97.0.4692.71 Safari/537.36"
10.237.1.238 - - [04/Feb/2022:12:00:13 +0000] "POST /wp-admin/admin-ajax.php HTTP/1.1" 200 2909 "https://intranet.mannsmith.harrison.com/wp-admin/edit-comments.php" "Mozilla/5.0 (X11; Linux x86_64) AppleWebKit/537.36 (KHTML, like Gecko) HeadlessChrome/97.0.4692.71 Safari/537.36"
10.237.1.238 - - [04/Feb/2022:12:00:44 +0000] "POST /wp-admin/admin-ajax.php HTTP/1.1" 200 1235 "https://intranet.mannsmith.harrison.com/wp-admin/edit-comments.php" "Mozilla/5.0 (X11; Linux x86_64) AppleWebKit/537.36 (KHTML, like Gecko) HeadlessChrome/97.0.4692.71 Safari/537.36"
192.168.129.2 - - [04/Feb/2022:12:01:00 +0000] "POST /wp-admin/admin-ajax.php HTTP/1.1" 200 1234 "https://intranet.mannsmith.harrison.com/?p=5" "Mozilla/5.0 (X11; Linux x86_64) AppleWebKit/537.36 (KHTML, like Gecko) HeadlessChrome/97.0.4692.71 Safari/537.36"
192.168.129.2 - - [04/Feb/2022:12:01:39 +0000] "POST /wp-admin/admin-ajax.php HTTP/1.1" 200 5683 "https://intranet.mannsmith.harrison.com/?p=5" "Mozilla/5.0 (X11; Linux x86_64) AppleWebKit/537.36 (KHTML, like Gecko) HeadlessChrome/97.0.4692.71 Safari/537.36"
192.168.129.2 - - [04/Feb/2022:12:01:39 +0000] "POST /wp-admin/admin-ajax.php HTTP/1.1" 200 546 "https://intranet.mannsmith.harrison.com/?p=5" "Mozilla/5.0 (X11; Linux x86_64) AppleWebKit/537.36 (KHTML, like Gecko) HeadlessChrome/97.0.4692.71 Safari/537.36"
10.237.1.238 - - [04/Feb/2022:12:01:53 +0000] "GET / HTTP/1.1" 200 8096 "-" "Mozilla/5.0 (X11; Ubuntu; Linux x86_64; rv:86.0) Gecko/20100101 Firefox/86.0"
192.168.129.2 - - [04/Feb/2022:12:02:25 +0000] "GET / HTTP/1.1" 200 7604 "-" "Mozilla/5.0 (X11; Linux x86_64) AppleWebKit/537.36 (KHTML, like Gecko) HeadlessChrome/97.0.4692.71 Safari/537.36"
10.237.1.238 - - [04/Feb/2022:12:03:28 +0000] "GET /?p=5 HTTP/1.1" 200 27314 "-" "Mozilla/5.0 (X11; Ubuntu; Linux x86_64; rv:86.0) Gecko/20100101 Firefox/86.0"
10.237.1.238 - - [04/Feb/2022:12:05:03 +0000] "GET / HTTP/1.1" 200 8096 "-" "Mozilla/5.0 (X11; Ubuntu; Linux x86_64; rv:86.0) Gecko/20100101 Firefox/86.0"
10.237.1.238 - - [04/Feb/2022:12:05:03 +0000] "GET /wp-includes/css/dist/block-library/style.min.css?ver=5.9 HTTP/1.1" 200 11229 "http://intranet.mannsmith.harrison.com/" "Mozilla/5.0 (X11; Ubuntu; Linux x86_64; rv:86.0) Gecko/20100101 Firefox/86.0"
10.237.1.238 - - [04/Feb/2022:12:05:03 +0000] "GET /wp-content/themes/go/dist/js/frontend.min.js?ver=1.5.3 HTTP/1.1" 200 2916 "http://intranet.mannsmith.harrison.com/" "Mozilla/5.0 (X11; Ubuntu; Linux x86_64; rv:86.0) Gecko/20100101 Firefox/86.0"
10.237.1.238 - - [04/Feb/2022:12:05:03 +0000] "GET /wp-content/themes/go/dist/css/design-styles/style-traditional.min.css?ver=1.5.3 HTTP/1.1" 200 1412 "http://intranet.mannsmith.harrison.com/" "Mozilla/5.0 (X11; Ubuntu; Linux x86_64; rv:86.0) Gecko/20100101 Firefox/86.0"
10.237.1.238 - - [04/Feb/2022:12:05:03 +0000] "GET /wp-includes/js/wp-emoji-release.min.js?ver=5.9 HTTP/1.1" 200 5265 "http://intranet.mannsmith.harrison.com/" "Mozilla/5.0 (X11; Ubuntu; Linux x86_64; rv:86.0) Gecko/20100101 Firefox/86.0"
10.237.1.238 - - [04/Feb/2022:12:05:03 +0000] "GET /wp-content/themes/go/dist/css/style-shared.min.css?ver=1.5.3 HTTP/1.1" 200 23204 "http://intranet.mannsmith.harrison.com/" "Mozilla/5.0 (X11; Ubuntu; Linux x86_64; rv:86.0) Gecko/20100101 Firefox/86.0"
10.237.1.238 - - [04/Feb/2022:12:05:03 +0000] "GET /favicon.ico HTTP/1.1" 404 396 "http://intranet.mannsmith.harrison.com/" "Mozilla/5.0 (X11; Ubuntu; Linux x86_64; rv:86.0) Gecko/20100101 Firefox/86.0"
192.168.129.2 - - [04/Feb/2022:12:05:09 +0000] "GET /?p=5 HTTP/1.1" 200 24571 "-" "Mozilla/5.0 (X11; Linux x86_64) AppleWebKit/537.36 (KHTML, like Gecko) HeadlessChrome/97.0.4692.71 Safari/537.36"
192.168.129.2 - - [04/Feb/2022:12:05:09 +0000] "GET /wp-content/plugins/wpdiscuz/assets/third-party/font-awesome-5.13.0/css/fa.min.css?ver=7.0.4 HTTP/1.1" 200 3464 "https://intranet.mannsmith.harrison.com/?p=5" "Mozilla/5.0 (X11; Linux x86_64) AppleWebKit/537.36 (KHTML, like Gecko) HeadlessChrome/97.0.4692.71 Safari/537.36"
192.168.129.2 - - [04/Feb/2022:12:05:10 +0000] "GET /wp-content/themes/go/dist/css/design-styles/style-traditional.min.css?ver=1.5.3 HTTP/1.1" 200 1433 "https://intranet.mannsmith.harrison.com/?p=5" "Mozilla/5.0 (X11; Linux x86_64) AppleWebKit/537.36 (KHTML, like Gecko) HeadlessChrome/97.0.4692.71 Safari/537.36"
192.168.129.2 - - [04/Feb/2022:12:05:09 +0000] "GET /wp-content/plugins/wpdiscuz/assets/css/wpdiscuz-combo.min.css?ver=5.9 HTTP/1.1" 200 7375 "https://intranet.mannsmith.harrison.com/?p=5" "Mozilla/5.0 (X11; Linux x86_64) AppleWebKit/537.36 (KHTML, like Gecko) HeadlessChrome/97.0.4692.71 Safari/537.36"
192.168.129.2 - - [04/Feb/2022:12:05:10 +0000] "GET /wp-includes/js/jquery/jquery-migrate.min.js?ver=3.3.2 HTTP/1.1" 200 4570 "https://intranet.mannsmith.harrison.com/?p=5" "Mozilla/5.0 (X11; Linux x86_64) AppleWebKit/537.36 (KHTML, like Gecko) HeadlessChrome/97.0.4692.71 Safari/537.36"
192.168.129.2 - - [04/Feb/2022:12:05:09 +0000] "GET /wp-includes/css/dist/block-library/style.min.css?ver=5.9 HTTP/1.1" 200 11317 "https://intranet.mannsmith.harrison.com/?p=5" "Mozilla/5.0 (X11; Linux x86_64) AppleWebKit/537.36 (KHTML, like Gecko) HeadlessChrome/97.0.4692.71 Safari/537.36"
192.168.129.2 - - [04/Feb/2022:12:05:09 +0000] "GET /wp-content/plugins/wpdiscuz/themes/default/style.css?ver=7.0.4 HTTP/1.1" 200 20302 "https://intranet.mannsmith.harrison.com/?p=5" "Mozilla/5.0 (X11; Linux x86_64) AppleWebKit/537.36 (KHTML, like Gecko) HeadlessChrome/97.0.4692.71 Safari/537.36"
192.168.129.2 - - [04/Feb/2022:12:05:09 +0000] "GET /wp-content/themes/go/dist/css/style-shared.min.css?ver=1.5.3 HTTP/1.1" 200 23889 "https://intranet.mannsmith.harrison.com/?p=5" "Mozilla/5.0 (X11; Linux x86_64) AppleWebKit/537.36 (KHTML, like Gecko) HeadlessChrome/97.0.4692.71 Safari/537.36"
192.168.129.2 - - [04/Feb/2022:12:05:10 +0000] "GET /wp-includes/js/jquery/jquery.min.js?ver=3.6.0 HTTP/1.1" 200 31377 "https://intranet.mannsmith.harrison.com/?p=5" "Mozilla/5.0 (X11; Linux x86_64) AppleWebKit/537.36 (KHTML, like Gecko) HeadlessChrome/97.0.4692.71 Safari/537.36"
192.168.129.2 - - [04/Feb/2022:12:05:10 +0000] "GET /wp-includes/js/wp-emoji-release.min.js?ver=5.9 HTTP/1.1" 200 5331 "https://intranet.mannsmith.harrison.com/?p=5" "Mozilla/5.0 (X11; Linux x86_64) AppleWebKit/537.36 (KHTML, like Gecko) HeadlessChrome/97.0.4692.71 Safari/537.36"
192.168.129.2 - - [04/Feb/2022:12:05:10 +0000] "GET /wp-content/themes/go/dist/js/frontend.min.js?ver=1.5.3 HTTP/1.1" 200 2981 "https://intranet.mannsmith.harrison.com/?p=5" "Mozilla/5.0 (X11; Linux x86_64) AppleWebKit/537.36 (KHTML, like Gecko) HeadlessChrome/97.0.4692.71 Safari/537.36"
192.168.129.2 - - [04/Feb/2022:12:05:10 +0000] "GET /wp-includes/js/comment-reply.min.js?ver=5.9 HTTP/1.1" 200 1701 "https://intranet.mannsmith.harrison.com/?p=5" "Mozilla/5.0 (X11; Linux x86_64) AppleWebKit/537.36 (KHTML, like Gecko) HeadlessChrome/97.0.4692.71 Safari/537.36"
192.168.129.2 - - [04/Feb/2022:12:05:10 +0000] "GET /wp-content/plugins/wpdiscuz/assets/js/wpdiscuz-combo.min.js?ver=7.0.4 HTTP/1.1" 200 71266 "https://intranet.mannsmith.harrison.com/?p=5" "Mozilla/5.0 (X11; Linux x86_64) AppleWebKit/537.36 (KHTML, like Gecko) HeadlessChrome/97.0.4692.71 Safari/537.36"
192.168.129.2 - - [04/Feb/2022:12:05:10 +0000] "GET /wp-content/plugins/wpdiscuz/assets/third-party/font-awesome-5.13.0/webfonts/fa-regular-400.woff2 HTTP/1.1" 200 13874 "https://intranet.mannsmith.harrison.com/wp-content/plugins/wpdiscuz/assets/third-party/font-awesome-5.13.0/css/fa.min.css?ver=7.0.4" "Mozilla/5.0 (X11; Linux x86_64) AppleWebKit/537.36 (KHTML, like Gecko) HeadlessChrome/97.0.4692.71 Safari/537.36"
192.168.129.2 - - [04/Feb/2022:12:05:10 +0000] "GET /wp-content/plugins/wpdiscuz/themes/default/css/fonts/sqr721c-webfont.woff2 HTTP/1.1" 200 18908 "https://intranet.mannsmith.harrison.com/wp-content/plugins/wpdiscuz/themes/default/style.css?ver=7.0.4" "Mozilla/5.0 (X11; Linux x86_64) AppleWebKit/537.36 (KHTML, like Gecko) HeadlessChrome/97.0.4692.71 Safari/537.36"
192.168.129.2 - - [04/Feb/2022:12:05:10 +0000] "GET /wp-content/plugins/wpdiscuz/assets/third-party/font-awesome-5.13.0/webfonts/fa-brands-400.woff2 HTTP/1.1" 200 76991 "https://intranet.mannsmith.harrison.com/wp-content/plugins/wpdiscuz/assets/third-party/font-awesome-5.13.0/css/fa.min.css?ver=7.0.4" "Mozilla/5.0 (X11; Linux x86_64) AppleWebKit/537.36 (KHTML, like Gecko) HeadlessChrome/97.0.4692.71 Safari/537.36"
192.168.129.2 - - [04/Feb/2022:12:05:10 +0000] "GET /wp-content/plugins/wpdiscuz/assets/third-party/font-awesome-5.13.0/webfonts/fa-solid-900.woff2 HTTP/1.1" 200 79823 "https://intranet.mannsmith.harrison.com/wp-content/plugins/wpdiscuz/assets/third-party/font-awesome-5.13.0/css/fa.min.css?ver=7.0.4" "Mozilla/5.0 (X11; Linux x86_64) AppleWebKit/537.36 (KHTML, like Gecko) HeadlessChrome/97.0.4692.71 Safari/537.36"
192.168.129.2 - - [04/Feb/2022:12:05:30 +0000] "-" 408 3014 "-" "-"
::1 - - [04/Feb/2022:12:05:32 +0000] "OPTIONS * HTTP/1.0" 200 110 "-" "Apache/2.4.29 (Ubuntu) OpenSSL/1.1.1 (internal dummy connection)"
10.237.1.238 - - [04/Feb/2022:12:07:41 +0000] "GET /wp-content/plugins/wpdiscuz/assets/img/loading.gif HTTP/1.1" 200 4069 "https://intranet.mannsmith.harrison.com/wp-content/plugins/wpdiscuz/themes/default/style.css?ver=7.0.4" "Mozilla/5.0 (X11; Ubuntu; Linux x86_64; rv:86.0) Gecko/20100101 Firefox/86.0"
10.237.1.238 - - [04/Feb/2022:12:07:41 +0000] "POST /wp-admin/admin-ajax.php HTTP/1.1" 200 5533 "https://intranet.mannsmith.harrison.com/?p=5" "Mozilla/5.0 (X11; Ubuntu; Linux x86_64; rv:86.0) Gecko/20100101 Firefox/86.0"
10.237.1.238 - - [04/Feb/2022:12:07:41 +0000] "POST /wp-admin/admin-ajax.php HTTP/1.1" 200 546 "https://intranet.mannsmith.harrison.com/?p=5" "Mozilla/5.0 (X11; Ubuntu; Linux x86_64; rv:86.0) Gecko/20100101 Firefox/86.0"
10.237.1.238 - - [04/Feb/2022:12:08:28 +0000] "GET /?p=5 HTTP/1.1" 200 27424 "-" "Mozilla/5.0 (X11; Ubuntu; Linux x86_64; rv:86.0) Gecko/20100101 Firefox/86.0"
10.237.1.238 - - [04/Feb/2022:12:08:28 +0000] "GET /wp-includes/css/dist/block-library/style.min.css?ver=5.9 HTTP/1.1" 200 11317 "https://intranet.mannsmith.harrison.com/?p=5" "Mozilla/5.0 (X11; Ubuntu; Linux x86_64; rv:86.0) Gecko/20100101 Firefox/86.0"
10.237.1.238 - - [04/Feb/2022:12:08:28 +0000] "GET /wp-content/plugins/wpdiscuz/themes/default/style.css?ver=7.0.4 HTTP/1.1" 200 19726 "https://intranet.mannsmith.harrison.com/?p=5" "Mozilla/5.0 (X11; Ubuntu; Linux x86_64; rv:86.0) Gecko/20100101 Firefox/86.0"
10.237.1.238 - - [04/Feb/2022:12:08:28 +0000] "GET /wp-content/plugins/wpdiscuz/assets/third-party/font-awesome-5.13.0/css/fa.min.css?ver=7.0.4 HTTP/1.1" 200 2888 "https://intranet.mannsmith.harrison.com/?p=5" "Mozilla/5.0 (X11; Ubuntu; Linux x86_64; rv:86.0) Gecko/20100101 Firefox/86.0"
10.237.1.238 - - [04/Feb/2022:12:08:28 +0000] "GET /wp-content/themes/go/dist/css/design-styles/style-traditional.min.css?ver=1.5.3 HTTP/1.1" 200 2009 "https://intranet.mannsmith.harrison.com/?p=5" "Mozilla/5.0 (X11; Ubuntu; Linux x86_64; rv:86.0) Gecko/20100101 Firefox/86.0"
10.237.1.238 - - [04/Feb/2022:12:08:28 +0000] "GET /wp-content/themes/go/dist/css/style-shared.min.css?ver=1.5.3 HTTP/1.1" 200 23313 "https://intranet.mannsmith.harrison.com/?p=5" "Mozilla/5.0 (X11; Ubuntu; Linux x86_64; rv:86.0) Gecko/20100101 Firefox/86.0"
10.237.1.238 - - [04/Feb/2022:12:08:28 +0000] "GET /wp-content/themes/go/dist/js/frontend.min.js?ver=1.5.3 HTTP/1.1" 200 2981 "https://intranet.mannsmith.harrison.com/?p=5" "Mozilla/5.0 (X11; Ubuntu; Linux x86_64; rv:86.0) Gecko/20100101 Firefox/86.0"
10.237.1.238 - - [04/Feb/2022:12:08:28 +0000] "GET /wp-includes/js/comment-reply.min.js?ver=5.9 HTTP/1.1" 200 1701 "https://intranet.mannsmith.harrison.com/?p=5" "Mozilla/5.0 (X11; Ubuntu; Linux x86_64; rv:86.0) Gecko/20100101 Firefox/86.0"
10.237.1.238 - - [04/Feb/2022:12:08:28 +0000] "GET /wp-includes/js/jquery/jquery-migrate.min.js?ver=3.3.2 HTTP/1.1" 200 5146 "https://intranet.mannsmith.harrison.com/?p=5" "Mozilla/5.0 (X11; Ubuntu; Linux x86_64; rv:86.0) Gecko/20100101 Firefox/86.0"
10.237.1.238 - - [04/Feb/2022:12:08:28 +0000] "GET /wp-content/plugins/wpdiscuz/assets/css/wpdiscuz-combo.min.css?ver=5.9 HTTP/1.1" 200 7375 "https://intranet.mannsmith.harrison.com/?p=5" "Mozilla/5.0 (X11; Ubuntu; Linux x86_64; rv:86.0) Gecko/20100101 Firefox/86.0"
10.237.1.238 - - [04/Feb/2022:12:08:28 +0000] "GET /wp-includes/js/wp-emoji-release.min.js?ver=5.9 HTTP/1.1" 200 5907 "https://intranet.mannsmith.harrison.com/?p=5" "Mozilla/5.0 (X11; Ubuntu; Linux x86_64; rv:86.0) Gecko/20100101 Firefox/86.0"
10.237.1.238 - - [04/Feb/2022:12:08:28 +0000] "GET /wp-includes/js/jquery/jquery.min.js?ver=3.6.0 HTTP/1.1" 200 31953 "https://intranet.mannsmith.harrison.com/?p=5" "Mozilla/5.0 (X11; Ubuntu; Linux x86_64; rv:86.0) Gecko/20100101 Firefox/86.0"
10.237.1.238 - - [04/Feb/2022:12:08:28 +0000] "GET /wp-content/plugins/wpdiscuz/assets/js/wpdiscuz-combo.min.js?ver=7.0.4 HTTP/1.1" 200 71266 "https://intranet.mannsmith.harrison.com/?p=5" "Mozilla/5.0 (X11; Ubuntu; Linux x86_64; rv:86.0) Gecko/20100101 Firefox/86.0"
10.237.1.238 - - [04/Feb/2022:12:08:29 +0000] "GET /wp-content/plugins/wpdiscuz/themes/default/css/fonts/sqr721c-webfont.woff2 HTTP/1.1" 200 18908 "https://intranet.mannsmith.harrison.com/wp-content/plugins/wpdiscuz/themes/default/style.css?ver=7.0.4" "Mozilla/5.0 (X11; Ubuntu; Linux x86_64; rv:86.0) Gecko/20100101 Firefox/86.0"
10.237.1.238 - - [04/Feb/2022:12:08:29 +0000] "GET /wp-content/plugins/wpdiscuz/assets/third-party/font-awesome-5.13.0/webfonts/fa-regular-400.woff2 HTTP/1.1" 200 13874 "https://intranet.mannsmith.harrison.com/wp-content/plugins/wpdiscuz/assets/third-party/font-awesome-5.13.0/css/fa.min.css?ver=7.0.4" "Mozilla/5.0 (X11; Ubuntu; Linux x86_64; rv:86.0) Gecko/20100101 Firefox/86.0"
10.237.1.238 - - [04/Feb/2022:12:08:29 +0000] "GET /wp-content/plugins/wpdiscuz/assets/third-party/font-awesome-5.13.0/webfonts/fa-solid-900.woff2 HTTP/1.1" 200 79823 "https://intranet.mannsmith.harrison.com/wp-content/plugins/wpdiscuz/assets/third-party/font-awesome-5.13.0/css/fa.min.css?ver=7.0.4" "Mozilla/5.0 (X11; Ubuntu; Linux x86_64; rv:86.0) Gecko/20100101 Firefox/86.0"
10.237.1.238 - - [04/Feb/2022:12:08:29 +0000] "GET /wp-content/plugins/wpdiscuz/assets/third-party/font-awesome-5.13.0/webfonts/fa-brands-400.woff2 HTTP/1.1" 200 76991 "https://intranet.mannsmith.harrison.com/wp-content/plugins/wpdiscuz/assets/third-party/font-awesome-5.13.0/css/fa.min.css?ver=7.0.4" "Mozilla/5.0 (X11; Ubuntu; Linux x86_64; rv:86.0) Gecko/20100101 Firefox/86.0"
10.237.1.238 - - [04/Feb/2022:12:08:29 +0000] "GET /favicon.ico HTTP/1.1" 404 418 "https://intranet.mannsmith.harrison.com/?p=5" "Mozilla/5.0 (X11; Ubuntu; Linux x86_64; rv:86.0) Gecko/20100101 Firefox/86.0"
::1 - - [04/Feb/2022:12:08:34 +0000] "OPTIONS * HTTP/1.0" 200 110 "-" "Apache/2.4.29 (Ubuntu) OpenSSL/1.1.1 (internal dummy connection)"
192.168.129.2 - - [04/Feb/2022:12:08:59 +0000] "GET /wp-content/plugins/wpdiscuz/assets/img/loading.gif HTTP/1.1" 200 4069 "https://intranet.mannsmith.harrison.com/wp-content/plugins/wpdiscuz/themes/default/style.css?ver=7.0.4" "Mozilla/5.0 (X11; Linux x86_64) AppleWebKit/537.36 (KHTML, like Gecko) HeadlessChrome/97.0.4692.71 Safari/537.36"
192.168.129.2 - - [04/Feb/2022:12:08:59 +0000] "POST /wp-admin/admin-ajax.php HTTP/1.1" 200 1234 "https://intranet.mannsmith.harrison.com/?p=5" "Mozilla/5.0 (X11; Linux x86_64) AppleWebKit/537.36 (KHTML, like Gecko) HeadlessChrome/97.0.4692.71 Safari/537.36"
10.237.1.238 - - [04/Feb/2022:12:09:19 +0000] "POST /wp-admin/admin-ajax.php HTTP/1.1" 200 5597 "https://intranet.mannsmith.harrison.com/?p=5" "Mozilla/5.0 (X11; Ubuntu; Linux x86_64; rv:86.0) Gecko/20100101 Firefox/86.0"
10.237.1.238 - - [04/Feb/2022:12:09:19 +0000] "POST /wp-admin/admin-ajax.php HTTP/1.1" 200 546 "https://intranet.mannsmith.harrison.com/?p=5" "Mozilla/5.0 (X11; Ubuntu; Linux x86_64; rv:86.0) Gecko/20100101 Firefox/86.0"
192.168.129.2 - - [04/Feb/2022:12:09:40 +0000] "POST /wp-admin/admin-ajax.php HTTP/1.1" 200 5523 "https://intranet.mannsmith.harrison.com/?p=5" "Mozilla/5.0 (X11; Linux x86_64) AppleWebKit/537.36 (KHTML, like Gecko) HeadlessChrome/97.0.4692.71 Safari/537.36"
192.168.129.2 - - [04/Feb/2022:12:09:40 +0000] "POST /wp-admin/admin-ajax.php HTTP/1.1" 200 546 "https://intranet.mannsmith.harrison.com/?p=5" "Mozilla/5.0 (X11; Linux x86_64) AppleWebKit/537.36 (KHTML, like Gecko) HeadlessChrome/97.0.4692.71 Safari/537.36"
192.168.129.2 - - [04/Feb/2022:12:10:11 +0000] "POST /wp-admin/admin-ajax.php HTTP/1.1" 200 1234 "https://intranet.mannsmith.harrison.com/?p=5" "Mozilla/5.0 (X11; Linux x86_64) AppleWebKit/537.36 (KHTML, like Gecko) HeadlessChrome/97.0.4692.71 Safari/537.36"
10.237.1.238 - - [04/Feb/2022:12:10:14 +0000] "GET / HTTP/1.1" 200 8096 "-" "Mozilla/5.0 (X11; Ubuntu; Linux x86_64; rv:86.0) Gecko/20100101 Firefox/86.0"
192.168.129.2 - - [04/Feb/2022:12:10:19 +0000] "GET / HTTP/1.1" 200 7604 "-" "Mozilla/5.0 (X11; Linux x86_64) AppleWebKit/537.36 (KHTML, like Gecko) HeadlessChrome/97.0.4692.71 Safari/537.36"
10.237.1.238 - - [04/Feb/2022:12:10:22 +0000] "GET / HTTP/1.1" 200 7604 "-" "Mozilla/5.0 (X11; Ubuntu; Linux x86_64; rv:86.0) Gecko/20100101 Firefox/86.0"
10.237.1.238 - - [04/Feb/2022:12:14:07 +0000] "GET /?p=5 HTTP/1.1" 200 25289 "-" "Mozilla/5.0 (X11; Ubuntu; Linux x86_64; rv:86.0) Gecko/20100101 Firefox/86.0"
192.168.131.215 - - [04/Feb/2022:12:17:05 +0000] "POST /wp-cron.php?doing_wp_cron=1643977025.5347969532012939453125 HTTP/1.1" 200 150 "-" "WordPress/5.9; https://intranet.mannsmith.harrison.com"
10.237.1.238 - - [04/Feb/2022:12:17:05 +0000] "GET / HTTP/1.1" 200 8096 "-" "Mozilla/5.0 (X11; Ubuntu; Linux x86_64; rv:86.0) Gecko/20100101 Firefox/86.0"
10.237.1.238 - - [04/Feb/2022:12:17:35 +0000] "GET /wp-admin/ HTTP/1.1" 302 370 "-" "Mozilla/5.0 (X11; Ubuntu; Linux x86_64; rv:86.0) Gecko/20100101 Firefox/86.0"
10.237.1.238 - - [04/Feb/2022:12:17:35 +0000] "GET /wp-admin/ HTTP/1.1" 200 19969 "-" "Mozilla/5.0 (X11; Ubuntu; Linux x86_64; rv:86.0) Gecko/20100101 Firefox/86.0"
10.237.1.238 - - [04/Feb/2022:12:17:36 +0000] "GET /wp-admin/admin-ajax.php?action=wp-compression-test&test=1&_ajax_nonce=1ed0187f7d&1643977056248 HTTP/1.1" 200 438 "https://intranet.mannsmith.harrison.com/wp-admin/" "Mozilla/5.0 (X11; Ubuntu; Linux x86_64; rv:86.0) Gecko/20100101 Firefox/86.0"
10.237.1.238 - - [04/Feb/2022:12:17:36 +0000] "GET /wp-admin/admin-ajax.php?action=wp-compression-test&test=2&_ajax_nonce=1ed0187f7d&1643977056377 HTTP/1.1" 200 438 "https://intranet.mannsmith.harrison.com/wp-admin/" "Mozilla/5.0 (X11; Ubuntu; Linux x86_64; rv:86.0) Gecko/20100101 Firefox/86.0"
10.237.1.238 - - [04/Feb/2022:12:17:36 +0000] "GET /wp-admin/admin-ajax.php?action=wp-compression-test&test=no&_ajax_nonce=1ed0187f7d&1643977056442 HTTP/1.1" 200 438 "https://intranet.mannsmith.harrison.com/wp-admin/" "Mozilla/5.0 (X11; Ubuntu; Linux x86_64; rv:86.0) Gecko/20100101 Firefox/86.0"
10.237.1.238 - - [04/Feb/2022:12:17:45 +0000] "GET /wp-admin/upload.php HTTP/1.1" 200 21066 "-" "Mozilla/5.0 (X11; Ubuntu; Linux x86_64; rv:86.0) Gecko/20100101 Firefox/86.0"
10.237.1.238 - - [04/Feb/2022:12:17:46 +0000] "GET /wp-admin/admin-ajax.php?action=wp-compression-test&test=1&_ajax_nonce=1ed0187f7d&1643977066167 HTTP/1.1" 200 438 "https://intranet.mannsmith.harrison.com/wp-admin/upload.php" "Mozilla/5.0 (X11; Ubuntu; Linux x86_64; rv:86.0) Gecko/20100101 Firefox/86.0"
10.237.1.238 - - [04/Feb/2022:12:17:46 +0000] "POST /wp-admin/admin-ajax.php HTTP/1.1" 200 615 "https://intranet.mannsmith.harrison.com/wp-admin/upload.php" "Mozilla/5.0 (X11; Ubuntu; Linux x86_64; rv:86.0) Gecko/20100101 Firefox/86.0"
10.237.1.238 - - [04/Feb/2022:12:17:46 +0000] "GET /wp-admin/admin-ajax.php?action=wp-compression-test&test=2&_ajax_nonce=1ed0187f7d&1643977066599 HTTP/1.1" 200 438 "https://intranet.mannsmith.harrison.com/wp-admin/upload.php" "Mozilla/5.0 (X11; Ubuntu; Linux x86_64; rv:86.0) Gecko/20100101 Firefox/86.0"
10.237.1.238 - - [04/Feb/2022:12:17:46 +0000] "GET /wp-admin/admin-ajax.php?action=wp-compression-test&test=no&_ajax_nonce=1ed0187f7d&1643977066742 HTTP/1.1" 200 438 "https://intranet.mannsmith.harrison.com/wp-admin/upload.php" "Mozilla/5.0 (X11; Ubuntu; Linux x86_64; rv:86.0) Gecko/20100101 Firefox/86.0"
10.237.1.238 - - [04/Feb/2022:12:18:46 +0000] "POST /wp-admin/admin-ajax.php HTTP/1.1" 200 1177 "https://intranet.mannsmith.harrison.com/wp-admin/upload.php" "Mozilla/5.0 (X11; Ubuntu; Linux x86_64; rv:86.0) Gecko/20100101 Firefox/86.0"
10.237.1.238 - - [04/Feb/2022:12:19:45 +0000] "GET /?p=5 HTTP/1.1" 200 27720 "-" "Mozilla/5.0 (X11; Ubuntu; Linux x86_64; rv:86.0) Gecko/20100101 Firefox/86.0"
10.237.1.238 - - [04/Feb/2022:12:19:46 +0000] "POST /wp-admin/admin-ajax.php HTTP/1.1" 200 1177 "https://intranet.mannsmith.harrison.com/wp-admin/upload.php" "Mozilla/5.0 (X11; Ubuntu; Linux x86_64; rv:86.0) Gecko/20100101 Firefox/86.0"
192.168.131.55 - - [04/Feb/2022:12:20:39 +0000] "GET / HTTP/1.1" 200 7604 "-" "Mozilla/5.0 (X11; Ubuntu; Linux x86_64; rv:86.0) Gecko/20100101 Firefox/86.0"
192.168.131.55 - - [04/Feb/2022:12:20:39 +0000] "GET /wp-includes/css/dist/block-library/style.min.css?ver=5.9 HTTP/1.1" 200 11229 "http://intranet.mannsmith.harrison.com/" "Mozilla/5.0 (X11; Ubuntu; Linux x86_64; rv:86.0) Gecko/20100101 Firefox/86.0"
192.168.131.55 - - [04/Feb/2022:12:20:39 +0000] "GET /wp-content/themes/go/dist/css/design-styles/style-traditional.min.css?ver=1.5.3 HTTP/1.1" 200 1412 "http://intranet.mannsmith.harrison.com/" "Mozilla/5.0 (X11; Ubuntu; Linux x86_64; rv:86.0) Gecko/20100101 Firefox/86.0"
192.168.131.55 - - [04/Feb/2022:12:20:39 +0000] "GET /wp-content/themes/go/dist/js/frontend.min.js?ver=1.5.3 HTTP/1.1" 200 2916 "http://intranet.mannsmith.harrison.com/" "Mozilla/5.0 (X11; Ubuntu; Linux x86_64; rv:86.0) Gecko/20100101 Firefox/86.0"
192.168.131.55 - - [04/Feb/2022:12:20:39 +0000] "GET /wp-includes/js/wp-emoji-release.min.js?ver=5.9 HTTP/1.1" 200 5266 "http://intranet.mannsmith.harrison.com/" "Mozilla/5.0 (X11; Ubuntu; Linux x86_64; rv:86.0) Gecko/20100101 Firefox/86.0"
